ARM GAS  C:\Users\DBY\AppData\Local\Temp\cckEHXUq.s 			page 1


   1              		.syntax unified
   2              		.cpu cortex-m3
   3              		.fpu softvfp
   4              		.eabi_attribute 20, 1
   5              		.eabi_attribute 21, 1
   6              		.eabi_attribute 23, 3
   7              		.eabi_attribute 24, 1
   8              		.eabi_attribute 25, 1
   9              		.eabi_attribute 26, 1
  10              		.eabi_attribute 30, 1
  11              		.eabi_attribute 34, 1
  12              		.eabi_attribute 18, 4
  13              		.thumb
  14              		.syntax unified
  15              		.file	"main.c"
  16              		.text
  17              	.Ltext0:
  18              		.cfi_sections	.debug_frame
  19              		.section	.text.zmain,"ax",%progbits
  20              		.align	2
  21              		.global	zmain
  22              		.thumb
  23              		.thumb_func
  24              		.type	zmain, %function
  25              	zmain:
  26              	.LFB85:
  27              		.file 1 "main.c"
   1:main.c        **** /**
   2:main.c        **** * @mainpage ZumoBot Project
   3:main.c        **** * @brief    You can make your own ZumoBot with various sensors.
   4:main.c        **** * @details  <br><br>
   5:main.c        ****     <p>
   6:main.c        ****     <B>General</B><br>
   7:main.c        ****     You will use Pololu Zumo Shields for your robot project with CY8CKIT-059(PSoC 5LP) from Cypress
   8:main.c        ****     library has basic methods of various sensors and communications so that you can make what you w
   9:main.c        ****     <br><br>
  10:main.c        ****     </p>
  11:main.c        ****     
  12:main.c        ****     <p>
  13:main.c        ****     <B>Sensors</B><br>
  14:main.c        ****     &nbsp;Included: <br>
  15:main.c        ****         &nbsp;&nbsp;&nbsp;&nbsp;LSM303D: Accelerometer & Magnetometer<br>
  16:main.c        ****         &nbsp;&nbsp;&nbsp;&nbsp;L3GD20H: Gyroscope<br>
  17:main.c        ****         &nbsp;&nbsp;&nbsp;&nbsp;Reflectance sensor<br>
  18:main.c        ****         &nbsp;&nbsp;&nbsp;&nbsp;Motors
  19:main.c        ****     &nbsp;Wii nunchuck<br>
  20:main.c        ****     &nbsp;TSOP-2236: IR Receiver<br>
  21:main.c        ****     &nbsp;HC-SR04: Ultrasonic sensor<br>
  22:main.c        ****     &nbsp;APDS-9301: Ambient light sensor<br>
  23:main.c        ****     &nbsp;IR LED <br><br><br>
  24:main.c        ****     </p>
  25:main.c        ****     
  26:main.c        ****     <p>
  27:main.c        ****     <B>Communication</B><br>
  28:main.c        ****     I2C, UART, Serial<br>
  29:main.c        ****     </p>
  30:main.c        **** */
ARM GAS  C:\Users\DBY\AppData\Local\Temp\cckEHXUq.s 			page 2


  31:main.c        **** 
  32:main.c        **** #include <project.h>
  33:main.c        **** #include <stdio.h>
  34:main.c        **** #include "FreeRTOS.h"
  35:main.c        **** #include "task.h"
  36:main.c        **** #include "Motor.h"
  37:main.c        **** #include "Ultra.h"
  38:main.c        **** #include "Nunchuk.h"
  39:main.c        **** #include "Reflectance.h"
  40:main.c        **** #include "Gyro.h"
  41:main.c        **** #include "Accel_magnet.h"
  42:main.c        **** #include "LSM303D.h"
  43:main.c        **** #include "IR.h"
  44:main.c        **** #include "Beep.h"
  45:main.c        **** #include "mqtt_sender.h"
  46:main.c        **** #include <time.h>
  47:main.c        **** #include <sys/time.h>
  48:main.c        **** #include "serial1.h"
  49:main.c        **** #include <unistd.h>
  50:main.c        **** #include "evgenii.h"
  51:main.c        **** #include "DBproject.h"
  52:main.c        **** 
  53:main.c        **** /**
  54:main.c        ****  * @file    main.c
  55:main.c        ****  * @brief   
  56:main.c        ****  * @details  ** Enable global interrupt since Zumo library uses interrupts. **<br>&nbsp;&nbsp;&nbsp
  57:main.c        **** */
  58:main.c        **** 
  59:main.c        **** 
  60:main.c        **** /*#define TIME_TOPIC "Zumo0/Time"
  61:main.c        **** #define PRESSED 0
  62:main.c        **** #define RELEASED 1
  63:main.c        **** */
  64:main.c        **** 
  65:main.c        **** #if 1
  66:main.c        **** 
  67:main.c        ****     
  68:main.c        ****     void zmain(void) {
  28              		.loc 1 68 0
  29              		.cfi_startproc
  30              		@ Volatile: function does not return.
  31              		@ args = 0, pretend = 0, frame = 0
  32              		@ frame_needed = 0, uses_anonymous_args = 0
  33 0000 08B5     		push	{r3, lr}
  34              		.cfi_def_cfa_offset 8
  35              		.cfi_offset 3, -8
  36              		.cfi_offset 14, -4
  37              	.L2:
  69:main.c        ****         
  70:main.c        **** /***********************************Test your function here**************************************/
  71:main.c        **** 
  72:main.c        ****          //group6_Ex1();         
  73:main.c        ****          //group6_Ex2();     
  74:main.c        ****          //group6_Ex3();       
  75:main.c        ****         
  76:main.c        ****         
  77:main.c        ****         /**********************************Dongbin zone***************************/
ARM GAS  C:\Users\DBY\AppData\Local\Temp\cckEHXUq.s 			page 3


  78:main.c        ****             
  79:main.c        ****           //SUMO();
  80:main.c        ****         //MazeIII(); //dongbin
  81:main.c        ****         //line_follower(); //evgenii
  82:main.c        ****         //sumo_wrestling();//evgenii
  83:main.c        **** 
  84:main.c        ****       
  85:main.c        ****   
  86:main.c        ****         
  87:main.c        ****         /**********************************Aneta zone***************************/ 
  88:main.c        ****      
  89:main.c        ****         //aneta_w5a3v2();
  90:main.c        ****         //aneta_maze();
  91:main.c        ****         
  92:main.c        ****     
  93:main.c        ****         /**********************************Evgenii zone***************************/ 
  94:main.c        ****       
  95:main.c        **** 
  96:main.c        **** #if MAZE    
  97:main.c        **** 
  98:main.c        ****         maze();
  99:main.c        **** #endif
 100:main.c        ****     
 101:main.c        **** #if LINE    
 102:main.c        ****         line_follower();
 103:main.c        **** #endif
 104:main.c        ****     
 105:main.c        **** #if SUMO    
 106:main.c        ****         sumo_wrestling();
 107:main.c        **** #endif
 108:main.c        ****     
 109:main.c        ****    // mazeMehul();
 110:main.c        ****     
 111:main.c        **** 
 112:main.c        ****     while(true) 
 113:main.c        ****     vTaskDelay(100);
  38              		.loc 1 113 0 discriminator 1
  39 0002 6420     		movs	r0, #100
  40 0004 FFF7FEFF 		bl	vTaskDelay
  41              	.LVL0:
  42 0008 FBE7     		b	.L2
  43              		.cfi_endproc
  44              	.LFE85:
  45              		.size	zmain, .-zmain
  46 000a 00BF     		.text
  47              	.Letext0:
  48              		.file 2 "c:\\program files (x86)\\cypress\\psoc creator\\4.2\\psoc creator\\import\\gnu\\arm\\5.4.
  49              		.file 3 "c:\\program files (x86)\\cypress\\psoc creator\\4.2\\psoc creator\\import\\gnu\\arm\\5.4.
  50              		.file 4 "Generated_Source\\PSoC5/core_cm3.h"
  51              		.file 5 "..\\FreeRTOS\\Source\\include/task.h"
  52              		.section	.debug_info,"",%progbits
  53              	.Ldebug_info0:
  54 0000 E4000000 		.4byte	0xe4
  55 0004 0400     		.2byte	0x4
  56 0006 00000000 		.4byte	.Ldebug_abbrev0
  57 000a 04       		.byte	0x4
  58 000b 01       		.uleb128 0x1
ARM GAS  C:\Users\DBY\AppData\Local\Temp\cckEHXUq.s 			page 4


  59 000c 77000000 		.4byte	.LASF16
  60 0010 0C       		.byte	0xc
  61 0011 3C000000 		.4byte	.LASF17
  62 0015 43000000 		.4byte	.LASF18
  63 0019 00000000 		.4byte	.Ldebug_ranges0+0
  64 001d 00000000 		.4byte	0
  65 0021 00000000 		.4byte	.Ldebug_line0
  66 0025 02       		.uleb128 0x2
  67 0026 01       		.byte	0x1
  68 0027 06       		.byte	0x6
  69 0028 61010000 		.4byte	.LASF0
  70 002c 02       		.uleb128 0x2
  71 002d 01       		.byte	0x1
  72 002e 08       		.byte	0x8
  73 002f 2E000000 		.4byte	.LASF1
  74 0033 02       		.uleb128 0x2
  75 0034 02       		.byte	0x2
  76 0035 05       		.byte	0x5
  77 0036 89010000 		.4byte	.LASF2
  78 003a 02       		.uleb128 0x2
  79 003b 02       		.byte	0x2
  80 003c 07       		.byte	0x7
  81 003d 0E000000 		.4byte	.LASF3
  82 0041 03       		.uleb128 0x3
  83 0042 79010000 		.4byte	.LASF9
  84 0046 02       		.byte	0x2
  85 0047 3F       		.byte	0x3f
  86 0048 4C000000 		.4byte	0x4c
  87 004c 02       		.uleb128 0x2
  88 004d 04       		.byte	0x4
  89 004e 05       		.byte	0x5
  90 004f 44010000 		.4byte	.LASF4
  91 0053 02       		.uleb128 0x2
  92 0054 04       		.byte	0x4
  93 0055 07       		.byte	0x7
  94 0056 05010000 		.4byte	.LASF5
  95 005a 02       		.uleb128 0x2
  96 005b 08       		.byte	0x8
  97 005c 05       		.byte	0x5
  98 005d 00000000 		.4byte	.LASF6
  99 0061 02       		.uleb128 0x2
 100 0062 08       		.byte	0x8
 101 0063 07       		.byte	0x7
 102 0064 17010000 		.4byte	.LASF7
 103 0068 04       		.uleb128 0x4
 104 0069 04       		.byte	0x4
 105 006a 05       		.byte	0x5
 106 006b 696E7400 		.ascii	"int\000"
 107 006f 02       		.uleb128 0x2
 108 0070 04       		.byte	0x4
 109 0071 07       		.byte	0x7
 110 0072 21000000 		.4byte	.LASF8
 111 0076 03       		.uleb128 0x3
 112 0077 93010000 		.4byte	.LASF10
 113 007b 03       		.byte	0x3
 114 007c 2C       		.byte	0x2c
 115 007d 41000000 		.4byte	0x41
ARM GAS  C:\Users\DBY\AppData\Local\Temp\cckEHXUq.s 			page 5


 116 0081 02       		.uleb128 0x2
 117 0082 04       		.byte	0x4
 118 0083 04       		.byte	0x4
 119 0084 83010000 		.4byte	.LASF11
 120 0088 02       		.uleb128 0x2
 121 0089 08       		.byte	0x8
 122 008a 04       		.byte	0x4
 123 008b 4D010000 		.4byte	.LASF12
 124 008f 02       		.uleb128 0x2
 125 0090 01       		.byte	0x1
 126 0091 08       		.byte	0x8
 127 0092 3F010000 		.4byte	.LASF13
 128 0096 02       		.uleb128 0x2
 129 0097 08       		.byte	0x8
 130 0098 04       		.byte	0x4
 131 0099 6D010000 		.4byte	.LASF14
 132 009d 02       		.uleb128 0x2
 133 009e 04       		.byte	0x4
 134 009f 07       		.byte	0x7
 135 00a0 9B010000 		.4byte	.LASF15
 136 00a4 05       		.uleb128 0x5
 137 00a5 2E010000 		.4byte	.LASF19
 138 00a9 01       		.byte	0x1
 139 00aa 44       		.byte	0x44
 140 00ab 00000000 		.4byte	.LFB85
 141 00af 0A000000 		.4byte	.LFE85-.LFB85
 142 00b3 01       		.uleb128 0x1
 143 00b4 9C       		.byte	0x9c
 144 00b5 CA000000 		.4byte	0xca
 145 00b9 06       		.uleb128 0x6
 146 00ba 08000000 		.4byte	.LVL0
 147 00be DB000000 		.4byte	0xdb
 148 00c2 07       		.uleb128 0x7
 149 00c3 01       		.uleb128 0x1
 150 00c4 50       		.byte	0x50
 151 00c5 02       		.uleb128 0x2
 152 00c6 08       		.byte	0x8
 153 00c7 64       		.byte	0x64
 154 00c8 00       		.byte	0
 155 00c9 00       		.byte	0
 156 00ca 08       		.uleb128 0x8
 157 00cb 54010000 		.4byte	.LASF20
 158 00cf 04       		.byte	0x4
 159 00d0 1207     		.2byte	0x712
 160 00d2 D6000000 		.4byte	0xd6
 161 00d6 09       		.uleb128 0x9
 162 00d7 76000000 		.4byte	0x76
 163 00db 0A       		.uleb128 0xa
 164 00dc 34010000 		.4byte	.LASF21
 165 00e0 34010000 		.4byte	.LASF21
 166 00e4 05       		.byte	0x5
 167 00e5 ED02     		.2byte	0x2ed
 168 00e7 00       		.byte	0
 169              		.section	.debug_abbrev,"",%progbits
 170              	.Ldebug_abbrev0:
 171 0000 01       		.uleb128 0x1
 172 0001 11       		.uleb128 0x11
ARM GAS  C:\Users\DBY\AppData\Local\Temp\cckEHXUq.s 			page 6


 173 0002 01       		.byte	0x1
 174 0003 25       		.uleb128 0x25
 175 0004 0E       		.uleb128 0xe
 176 0005 13       		.uleb128 0x13
 177 0006 0B       		.uleb128 0xb
 178 0007 03       		.uleb128 0x3
 179 0008 0E       		.uleb128 0xe
 180 0009 1B       		.uleb128 0x1b
 181 000a 0E       		.uleb128 0xe
 182 000b 55       		.uleb128 0x55
 183 000c 17       		.uleb128 0x17
 184 000d 11       		.uleb128 0x11
 185 000e 01       		.uleb128 0x1
 186 000f 10       		.uleb128 0x10
 187 0010 17       		.uleb128 0x17
 188 0011 00       		.byte	0
 189 0012 00       		.byte	0
 190 0013 02       		.uleb128 0x2
 191 0014 24       		.uleb128 0x24
 192 0015 00       		.byte	0
 193 0016 0B       		.uleb128 0xb
 194 0017 0B       		.uleb128 0xb
 195 0018 3E       		.uleb128 0x3e
 196 0019 0B       		.uleb128 0xb
 197 001a 03       		.uleb128 0x3
 198 001b 0E       		.uleb128 0xe
 199 001c 00       		.byte	0
 200 001d 00       		.byte	0
 201 001e 03       		.uleb128 0x3
 202 001f 16       		.uleb128 0x16
 203 0020 00       		.byte	0
 204 0021 03       		.uleb128 0x3
 205 0022 0E       		.uleb128 0xe
 206 0023 3A       		.uleb128 0x3a
 207 0024 0B       		.uleb128 0xb
 208 0025 3B       		.uleb128 0x3b
 209 0026 0B       		.uleb128 0xb
 210 0027 49       		.uleb128 0x49
 211 0028 13       		.uleb128 0x13
 212 0029 00       		.byte	0
 213 002a 00       		.byte	0
 214 002b 04       		.uleb128 0x4
 215 002c 24       		.uleb128 0x24
 216 002d 00       		.byte	0
 217 002e 0B       		.uleb128 0xb
 218 002f 0B       		.uleb128 0xb
 219 0030 3E       		.uleb128 0x3e
 220 0031 0B       		.uleb128 0xb
 221 0032 03       		.uleb128 0x3
 222 0033 08       		.uleb128 0x8
 223 0034 00       		.byte	0
 224 0035 00       		.byte	0
 225 0036 05       		.uleb128 0x5
 226 0037 2E       		.uleb128 0x2e
 227 0038 01       		.byte	0x1
 228 0039 3F       		.uleb128 0x3f
 229 003a 19       		.uleb128 0x19
ARM GAS  C:\Users\DBY\AppData\Local\Temp\cckEHXUq.s 			page 7


 230 003b 03       		.uleb128 0x3
 231 003c 0E       		.uleb128 0xe
 232 003d 3A       		.uleb128 0x3a
 233 003e 0B       		.uleb128 0xb
 234 003f 3B       		.uleb128 0x3b
 235 0040 0B       		.uleb128 0xb
 236 0041 27       		.uleb128 0x27
 237 0042 19       		.uleb128 0x19
 238 0043 8701     		.uleb128 0x87
 239 0045 19       		.uleb128 0x19
 240 0046 11       		.uleb128 0x11
 241 0047 01       		.uleb128 0x1
 242 0048 12       		.uleb128 0x12
 243 0049 06       		.uleb128 0x6
 244 004a 40       		.uleb128 0x40
 245 004b 18       		.uleb128 0x18
 246 004c 9742     		.uleb128 0x2117
 247 004e 19       		.uleb128 0x19
 248 004f 01       		.uleb128 0x1
 249 0050 13       		.uleb128 0x13
 250 0051 00       		.byte	0
 251 0052 00       		.byte	0
 252 0053 06       		.uleb128 0x6
 253 0054 898201   		.uleb128 0x4109
 254 0057 01       		.byte	0x1
 255 0058 11       		.uleb128 0x11
 256 0059 01       		.uleb128 0x1
 257 005a 31       		.uleb128 0x31
 258 005b 13       		.uleb128 0x13
 259 005c 00       		.byte	0
 260 005d 00       		.byte	0
 261 005e 07       		.uleb128 0x7
 262 005f 8A8201   		.uleb128 0x410a
 263 0062 00       		.byte	0
 264 0063 02       		.uleb128 0x2
 265 0064 18       		.uleb128 0x18
 266 0065 9142     		.uleb128 0x2111
 267 0067 18       		.uleb128 0x18
 268 0068 00       		.byte	0
 269 0069 00       		.byte	0
 270 006a 08       		.uleb128 0x8
 271 006b 34       		.uleb128 0x34
 272 006c 00       		.byte	0
 273 006d 03       		.uleb128 0x3
 274 006e 0E       		.uleb128 0xe
 275 006f 3A       		.uleb128 0x3a
 276 0070 0B       		.uleb128 0xb
 277 0071 3B       		.uleb128 0x3b
 278 0072 05       		.uleb128 0x5
 279 0073 49       		.uleb128 0x49
 280 0074 13       		.uleb128 0x13
 281 0075 3F       		.uleb128 0x3f
 282 0076 19       		.uleb128 0x19
 283 0077 3C       		.uleb128 0x3c
 284 0078 19       		.uleb128 0x19
 285 0079 00       		.byte	0
 286 007a 00       		.byte	0
ARM GAS  C:\Users\DBY\AppData\Local\Temp\cckEHXUq.s 			page 8


 287 007b 09       		.uleb128 0x9
 288 007c 35       		.uleb128 0x35
 289 007d 00       		.byte	0
 290 007e 49       		.uleb128 0x49
 291 007f 13       		.uleb128 0x13
 292 0080 00       		.byte	0
 293 0081 00       		.byte	0
 294 0082 0A       		.uleb128 0xa
 295 0083 2E       		.uleb128 0x2e
 296 0084 00       		.byte	0
 297 0085 3F       		.uleb128 0x3f
 298 0086 19       		.uleb128 0x19
 299 0087 3C       		.uleb128 0x3c
 300 0088 19       		.uleb128 0x19
 301 0089 6E       		.uleb128 0x6e
 302 008a 0E       		.uleb128 0xe
 303 008b 03       		.uleb128 0x3
 304 008c 0E       		.uleb128 0xe
 305 008d 3A       		.uleb128 0x3a
 306 008e 0B       		.uleb128 0xb
 307 008f 3B       		.uleb128 0x3b
 308 0090 05       		.uleb128 0x5
 309 0091 00       		.byte	0
 310 0092 00       		.byte	0
 311 0093 00       		.byte	0
 312              		.section	.debug_aranges,"",%progbits
 313 0000 1C000000 		.4byte	0x1c
 314 0004 0200     		.2byte	0x2
 315 0006 00000000 		.4byte	.Ldebug_info0
 316 000a 04       		.byte	0x4
 317 000b 00       		.byte	0
 318 000c 0000     		.2byte	0
 319 000e 0000     		.2byte	0
 320 0010 00000000 		.4byte	.LFB85
 321 0014 0A000000 		.4byte	.LFE85-.LFB85
 322 0018 00000000 		.4byte	0
 323 001c 00000000 		.4byte	0
 324              		.section	.debug_ranges,"",%progbits
 325              	.Ldebug_ranges0:
 326 0000 00000000 		.4byte	.LFB85
 327 0004 0A000000 		.4byte	.LFE85
 328 0008 00000000 		.4byte	0
 329 000c 00000000 		.4byte	0
 330              		.section	.debug_line,"",%progbits
 331              	.Ldebug_line0:
 332 0000 81010000 		.section	.debug_str,"MS",%progbits,1
 332      02006401 
 332      00000201 
 332      FB0E0D00 
 332      01010101 
 333              	.LASF6:
 334 0000 6C6F6E67 		.ascii	"long long int\000"
 334      206C6F6E 
 334      6720696E 
 334      7400
 335              	.LASF3:
 336 000e 73686F72 		.ascii	"short unsigned int\000"
ARM GAS  C:\Users\DBY\AppData\Local\Temp\cckEHXUq.s 			page 9


 336      7420756E 
 336      7369676E 
 336      65642069 
 336      6E7400
 337              	.LASF8:
 338 0021 756E7369 		.ascii	"unsigned int\000"
 338      676E6564 
 338      20696E74 
 338      00
 339              	.LASF1:
 340 002e 756E7369 		.ascii	"unsigned char\000"
 340      676E6564 
 340      20636861 
 340      7200
 341              	.LASF17:
 342 003c 6D61696E 		.ascii	"main.c\000"
 342      2E6300
 343              	.LASF18:
 344 0043 433A5C55 		.ascii	"C:\\Users\\DBY\\Documents\\group6\\ZumoBot\\ZumoBot"
 344      73657273 
 344      5C444259 
 344      5C446F63 
 344      756D656E 
 345 0070 2E637964 		.ascii	".cydsn\000"
 345      736E00
 346              	.LASF16:
 347 0077 474E5520 		.ascii	"GNU C11 5.4.1 20160609 (release) [ARM/embedded-5-br"
 347      43313120 
 347      352E342E 
 347      31203230 
 347      31363036 
 348 00aa 616E6368 		.ascii	"anch revision 237715] -mcpu=cortex-m3 -mthumb -g -O"
 348      20726576 
 348      6973696F 
 348      6E203233 
 348      37373135 
 349 00dd 67202D66 		.ascii	"g -ffunction-sections -ffat-lto-objects\000"
 349      66756E63 
 349      74696F6E 
 349      2D736563 
 349      74696F6E 
 350              	.LASF5:
 351 0105 6C6F6E67 		.ascii	"long unsigned int\000"
 351      20756E73 
 351      69676E65 
 351      6420696E 
 351      7400
 352              	.LASF7:
 353 0117 6C6F6E67 		.ascii	"long long unsigned int\000"
 353      206C6F6E 
 353      6720756E 
 353      7369676E 
 353      65642069 
 354              	.LASF19:
 355 012e 7A6D6169 		.ascii	"zmain\000"
 355      6E00
 356              	.LASF21:
ARM GAS  C:\Users\DBY\AppData\Local\Temp\cckEHXUq.s 			page 10


 357 0134 76546173 		.ascii	"vTaskDelay\000"
 357      6B44656C 
 357      617900
 358              	.LASF13:
 359 013f 63686172 		.ascii	"char\000"
 359      00
 360              	.LASF4:
 361 0144 6C6F6E67 		.ascii	"long int\000"
 361      20696E74 
 361      00
 362              	.LASF12:
 363 014d 646F7562 		.ascii	"double\000"
 363      6C6500
 364              	.LASF20:
 365 0154 49544D5F 		.ascii	"ITM_RxBuffer\000"
 365      52784275 
 365      66666572 
 365      00
 366              	.LASF0:
 367 0161 7369676E 		.ascii	"signed char\000"
 367      65642063 
 367      68617200 
 368              	.LASF14:
 369 016d 6C6F6E67 		.ascii	"long double\000"
 369      20646F75 
 369      626C6500 
 370              	.LASF9:
 371 0179 5F5F696E 		.ascii	"__int32_t\000"
 371      7433325F 
 371      7400
 372              	.LASF11:
 373 0183 666C6F61 		.ascii	"float\000"
 373      7400
 374              	.LASF2:
 375 0189 73686F72 		.ascii	"short int\000"
 375      7420696E 
 375      7400
 376              	.LASF10:
 377 0193 696E7433 		.ascii	"int32_t\000"
 377      325F7400 
 378              	.LASF15:
 379 019b 73697A65 		.ascii	"sizetype\000"
 379      74797065 
 379      00
 380              		.ident	"GCC: (GNU Tools for ARM Embedded Processors) 5.4.1 20160609 (release) [ARM/embedded-5-bran
