Archive member included to satisfy reference by file (symbol)

.\CortexM3\ARM_GCC_541\Debug\ZumoBot.a(I2C.o)
                              .\CortexM3\ARM_GCC_541\Debug\Nunchuk.o (I2C_Start)
.\CortexM3\ARM_GCC_541\Debug\ZumoBot.a(I2C_INT.o)
                              .\CortexM3\ARM_GCC_541\Debug\ZumoBot.a(I2C.o) (I2C_ISR)
.\CortexM3\ARM_GCC_541\Debug\ZumoBot.a(I2C_PM.o)
                              .\CortexM3\ARM_GCC_541\Debug\ZumoBot.a(I2C.o) (I2C_backup)
.\CortexM3\ARM_GCC_541\Debug\ZumoBot.a(I2C_MASTER.o)
                              .\CortexM3\ARM_GCC_541\Debug\Nunchuk.o (I2C_MasterWriteBuf)
.\CortexM3\ARM_GCC_541\Debug\ZumoBot.a(UART_1.o)
                              .\CortexM3\ARM_GCC_541\Debug\rtos_main.o (UART_1_Start)
.\CortexM3\ARM_GCC_541\Debug\ZumoBot.a(BatteryLed.o)
                              .\CortexM3\ARM_GCC_541\Debug\evgenii.o (BatteryLed_Write)
.\CortexM3\ARM_GCC_541\Debug\ZumoBot.a(Buzzer_PWM.o)
                              .\CortexM3\ARM_GCC_541\Debug\Beep.o (Buzzer_PWM_Stop)
.\CortexM3\ARM_GCC_541\Debug\ZumoBot.a(SW1.o)
                              .\CortexM3\ARM_GCC_541\Debug\evgenii.o (SW1_Read)
.\CortexM3\ARM_GCC_541\Debug\ZumoBot.a(UART_2.o)
                              .\CortexM3\ARM_GCC_541\Debug\rtos_main.o (UART_2_Start)
.\CortexM3\ARM_GCC_541\Debug\ZumoBot.a(isr_U2_TX.o)
                              .\CortexM3\ARM_GCC_541\Debug\serial.o (isr_U2_TX_StartEx)
.\CortexM3\ARM_GCC_541\Debug\ZumoBot.a(isr_U2_RX.o)
                              .\CortexM3\ARM_GCC_541\Debug\serial.o (isr_U2_RX_StartEx)
.\CortexM3\ARM_GCC_541\Debug\ZumoBot.a(StatisticsCounter.o)
                              .\CortexM3\ARM_GCC_541\Debug\tasks.o (StatisticsCounter_ReadCounter)
.\CortexM3\ARM_GCC_541\Debug\ZumoBot.a(RST_E.o)
                              .\CortexM3\ARM_GCC_541\Debug\esp8266_socket.o (RST_E_Write)
.\CortexM3\ARM_GCC_541\Debug\ZumoBot.a(isr_U1_TX.o)
                              .\CortexM3\ARM_GCC_541\Debug\serial1.o (isr_U1_TX_StartEx)
.\CortexM3\ARM_GCC_541\Debug\ZumoBot.a(isr_U1_RX.o)
                              .\CortexM3\ARM_GCC_541\Debug\serial1.o (isr_U1_RX_StartEx)
.\CortexM3\ARM_GCC_541\Debug\ZumoBot.a(UART_1_IntClock.o)
                              .\CortexM3\ARM_GCC_541\Debug\ZumoBot.a(UART_1.o) (UART_1_IntClock_Start)
.\CortexM3\ARM_GCC_541\Debug\ZumoBot.a(UART_2_IntClock.o)
                              .\CortexM3\ARM_GCC_541\Debug\ZumoBot.a(UART_2.o) (UART_2_IntClock_Start)
.\CortexM3\ARM_GCC_541\Debug\ZumoBot.a(CyLib.o)
                              .\CortexM3\ARM_GCC_541\Debug\Cm3Start.o (CyHalt)
.\CortexM3\ARM_GCC_541\Debug\ZumoBot.a(cyPm.o)
                              .\CortexM3\ARM_GCC_541\Debug\ZumoBot.a(CyLib.o) (CyPmReadStatus)
.\CortexM3\ARM_GCC_541\Debug\ZumoBot.a(CyBootAsmGnu.o)
                              .\CortexM3\ARM_GCC_541\Debug\cyfitter_cfg.o (CyDelayCycles)
.\CortexM3\ARM_GCC_541\Debug\ZumoBot.a(CyFlash.o)
                              .\CortexM3\ARM_GCC_541\Debug\ZumoBot.a(cyPm.o) (CyFlash_SetWaitCycles)
.\CortexM3\ARM_GCC_541\Debug\ZumoBot.a(CySpc.o)
                              .\CortexM3\ARM_GCC_541\Debug\ZumoBot.a(CyFlash.o) (CySpcStart)
c:/program files (x86)/cypress/psoc creator/4.2/psoc creator/import/gnu/arm/5.4.1/bin/../lib/gcc/arm-none-eabi/5.4.1/../../../../arm-none-eabi/lib/armv7-m\libm.a(lib_a-w_atan2.o)
                              .\CortexM3\ARM_GCC_541\Debug\Magnet.o (atan2)
c:/program files (x86)/cypress/psoc creator/4.2/psoc creator/import/gnu/arm/5.4.1/bin/../lib/gcc/arm-none-eabi/5.4.1/../../../../arm-none-eabi/lib/armv7-m\libm.a(lib_a-e_atan2.o)
                              c:/program files (x86)/cypress/psoc creator/4.2/psoc creator/import/gnu/arm/5.4.1/bin/../lib/gcc/arm-none-eabi/5.4.1/../../../../arm-none-eabi/lib/armv7-m\libm.a(lib_a-w_atan2.o) (__ieee754_atan2)
c:/program files (x86)/cypress/psoc creator/4.2/psoc creator/import/gnu/arm/5.4.1/bin/../lib/gcc/arm-none-eabi/5.4.1/../../../../arm-none-eabi/lib/armv7-m\libm.a(lib_a-s_atan.o)
                              c:/program files (x86)/cypress/psoc creator/4.2/psoc creator/import/gnu/arm/5.4.1/bin/../lib/gcc/arm-none-eabi/5.4.1/../../../../arm-none-eabi/lib/armv7-m\libm.a(lib_a-e_atan2.o) (atan)
c:/program files (x86)/cypress/psoc creator/4.2/psoc creator/import/gnu/arm/5.4.1/bin/../lib/gcc/arm-none-eabi/5.4.1/../../../../arm-none-eabi/lib/armv7-m\libm.a(lib_a-s_fabs.o)
                              c:/program files (x86)/cypress/psoc creator/4.2/psoc creator/import/gnu/arm/5.4.1/bin/../lib/gcc/arm-none-eabi/5.4.1/../../../../arm-none-eabi/lib/armv7-m\libm.a(lib_a-e_atan2.o) (fabs)
c:/program files (x86)/cypress/psoc creator/4.2/psoc creator/import/gnu/arm/5.4.1/bin/../lib/gcc/arm-none-eabi/5.4.1/armv7-m\libgcc.a(_arm_addsubdf3.o)
[...]
Memory Configuration

Name             Origin             Length             Attributes
rom              0x00000000         0x00040000         xr
ram              0x1fff8000         0x00010000         xrw
*default*        0x00000000         0xffffffff

Linker script and memory map

LOAD c:/program files (x86)/cypress/psoc creator/4.2/psoc creator/import/gnu/arm/5.4.1/bin/../lib/gcc/arm-none-eabi/5.4.1/armv7-m/crti.o
LOAD c:/program files (x86)/cypress/psoc creator/4.2/psoc creator/import/gnu/arm/5.4.1/bin/../lib/gcc/arm-none-eabi/5.4.1/armv7-m/crtbegin.o
LOAD c:/program files (x86)/cypress/psoc creator/4.2/psoc creator/import/gnu/arm/5.4.1/bin/../lib/gcc/arm-none-eabi/5.4.1/../../../../arm-none-eabi/lib/armv7-m/crt0.o
START GROUP
LOAD .\CortexM3\ARM_GCC_541\Debug\Beep.o
LOAD .\CortexM3\ARM_GCC_541\Debug\Gyro.o
LOAD .\CortexM3\ARM_GCC_541\Debug\IR.o
LOAD .\CortexM3\ARM_GCC_541\Debug\Magnet.o
LOAD .\CortexM3\ARM_GCC_541\Debug\Motor.o
LOAD .\CortexM3\ARM_GCC_541\Debug\Nunchuk.o
LOAD .\CortexM3\ARM_GCC_541\Debug\Ultra.o
LOAD .\CortexM3\ARM_GCC_541\Debug\Retarget.o
LOAD .\CortexM3\ARM_GCC_541\Debug\I2C_Common.o
LOAD .\CortexM3\ARM_GCC_541\Debug\LSM303D.o
LOAD .\CortexM3\ARM_GCC_541\Debug\debug_uart.o
LOAD .\CortexM3\ARM_GCC_541\Debug\esp8266_socket.o
LOAD .\CortexM3\ARM_GCC_541\Debug\rtos_main.o
LOAD .\CortexM3\ARM_GCC_541\Debug\serial.o
LOAD .\CortexM3\ARM_GCC_541\Debug\mqtt_sender.o
LOAD .\CortexM3\ARM_GCC_541\Debug\serial1.o
LOAD .\CortexM3\ARM_GCC_541\Debug\Reflectance.o
LOAD .\CortexM3\ARM_GCC_541\Debug\simulator.o
LOAD .\CortexM3\ARM_GCC_541\Debug\MQTTClient.o
LOAD .\CortexM3\ARM_GCC_541\Debug\MQTTFreeRTOS.o
LOAD .\CortexM3\ARM_GCC_541\Debug\MQTTConnectClient.o
LOAD .\CortexM3\ARM_GCC_541\Debug\MQTTConnectServer.o
LOAD .\CortexM3\ARM_GCC_541\Debug\MQTTDeserializePublish.o
LOAD .\CortexM3\ARM_GCC_541\Debug\MQTTFormat.o
LOAD .\CortexM3\ARM_GCC_541\Debug\MQTTPacket.o
LOAD .\CortexM3\ARM_GCC_541\Debug\MQTTSerializePublish.o
LOAD .\CortexM3\ARM_GCC_541\Debug\MQTTSubscribeClient.o
LOAD .\CortexM3\ARM_GCC_541\Debug\MQTTSubscribeServer.o
LOAD .\CortexM3\ARM_GCC_541\Debug\MQTTUnsubscribeClient.o
LOAD .\CortexM3\ARM_GCC_541\Debug\MQTTUnsubscribeServer.o
LOAD .\CortexM3\ARM_GCC_541\Debug\croutine.o
LOAD .\CortexM3\ARM_GCC_541\Debug\event_groups.o
LOAD .\CortexM3\ARM_GCC_541\Debug\list.o
LOAD .\CortexM3\ARM_GCC_541\Debug\queue.o
LOAD .\CortexM3\ARM_GCC_541\Debug\stream_buffer.o
LOAD .\CortexM3\ARM_GCC_541\Debug\tasks.o
LOAD .\CortexM3\ARM_GCC_541\Debug\timers.o
LOAD .\CortexM3\ARM_GCC_541\Debug\port.o
LOAD .\CortexM3\ARM_GCC_541\Debug\heap_2.o
LOAD .\CortexM3\ARM_GCC_541\Debug\main.o
LOAD .\CortexM3\ARM_GCC_541\Debug\evgenii.o
LOAD .\CortexM3\ARM_GCC_541\Debug\Dongbin.o
LOAD .\CortexM3\ARM_GCC_541\Debug\aneta.o
LOAD .\CortexM3\ARM_GCC_541\Debug\cyfitter_cfg.o
LOAD .\CortexM3\ARM_GCC_541\Debug\cymetadata.o
LOAD .\CortexM3\ARM_GCC_541\Debug\Cm3Start.o
LOAD .\CortexM3\ARM_GCC_541\Debug\ZumoBot.a
LOAD C:\Program Files (x86)\Cypress\PSoC Creator\4.2\PSoC Creator\psoc\content\cycomponentlibrary\CyComponentLibrary.cylib\CortexM3\ARM_GCC_541\Debug\CyComponentLibrary.a
LOAD c:/program files (x86)/cypress/psoc creator/4.2/psoc creator/import/gnu/arm/5.4.1/bin/../lib/gcc/arm-none-eabi/5.4.1/../../../../arm-none-eabi/lib/armv7-m\libm.a
END GROUP
START GROUP
LOAD c:/program files (x86)/cypress/psoc creator/4.2/psoc creator/import/gnu/arm/5.4.1/bin/../lib/gcc/arm-none-eabi/5.4.1/armv7-m\libgcc.a
LOAD c:/program files (x86)/cypress/psoc creator/4.2/psoc creator/import/gnu/arm/5.4.1/bin/../lib/gcc/arm-none-eabi/5.4.1/../../../../arm-none-eabi/lib/armv7-m\libg.a
LOAD c:/program files (x86)/cypress/psoc creator/4.2/psoc creator/import/gnu/arm/5.4.1/bin/../lib/gcc/arm-none-eabi/5.4.1/../../../../arm-none-eabi/lib/armv7-m\libc.a
END GROUP
LOAD c:/program files (x86)/cypress/psoc creator/4.2/psoc creator/import/gnu/arm/5.4.1/bin/../lib/gcc/arm-none-eabi/5.4.1/armv7-m/crtend.o
LOAD c:/program files (x86)/cypress/psoc creator/4.2/psoc creator/import/gnu/arm/5.4.1/bin/../lib/gcc/arm-none-eabi/5.4.1/armv7-m/crtn.o
START GROUP
LOAD c:/program files (x86)/cypress/psoc creator/4.2/psoc creator/import/gnu/arm/5.4.1/bin/../lib/gcc/arm-none-eabi/5.4.1/armv7-m\libgcc.a
LOAD c:/program files (x86)/cypress/psoc creator/4.2/psoc creator/import/gnu/arm/5.4.1/bin/../lib/gcc/arm-none-eabi/5.4.1/../../../../arm-none-eabi/lib/armv7-m\libc.a
LOAD c:/program files (x86)/cypress/psoc creator/4.2/psoc creator/import/gnu/arm/5.4.1/bin/../lib/gcc/arm-none-eabi/5.4.1/../../../../arm-none-eabi/lib/armv7-m\libnosys.a
END GROUP
                0x00000000                CY_APPL_ORIGIN = 0x0
                0x00000100                CY_FLASH_ROW_SIZE = 0x100
                0x00000020                CY_ECC_ROW_SIZE = 0x20
                0x00000000                CY_EE_IN_BTLDR = 0x0
                0x00000000                CY_APPL_LOADABLE = 0x0
                0x00000800                CY_EE_SIZE = 0x800
                0x00000001                CY_APPL_NUM = 0x1
                0x00000001                CY_APPL_MAX = 0x1
                0x00000040                CY_METADATA_SIZE = 0x40
                0x00000000                CY_APPL_LOADABLE = 0x0
                0x00000000                CY_CHECKSUM_EXCLUDE_SIZE = ALIGN (0x0, CY_FLASH_ROW_SIZE)
                [!provide]                PROVIDE (__cy_heap_start, _end)
                0x00000001                PROVIDE (__cy_region_num, ((__cy_regions_end - __cy_regions) / 0x10))
                0x20008000                PROVIDE (__cy_stack, (ORIGIN (ram) + LENGTH (ram)))
                [!provide]                PROVIDE (__cy_heap_end, (__cy_stack - 0x800))

.cybootloader   0x00000000        0x0
 *(.cybootloader)
                0x00000000                appl1_start = CY_APPL_ORIGIN?CY_APPL_ORIGIN:ALIGN (CY_FLASH_ROW_SIZE)
                0x0001ff00                appl2_start = (appl1_start + ALIGN ((((LENGTH (rom) - appl1_start) - (0x2 * CY_FLASH_ROW_SIZE)) / 0x2), CY_FLASH_ROW_SIZE))
                0x00000000                appl_start = (CY_APPL_NUM == 0x1)?appl1_start:appl2_start
                0x00000000                ecc_offset = ((appl_start / CY_FLASH_ROW_SIZE) * CY_ECC_ROW_SIZE)
                0x00000000                ee_offset = (CY_APPL_LOADABLE && ! (CY_EE_IN_BTLDR))?((CY_EE_SIZE / CY_APPL_MAX) * (CY_APPL_NUM - 0x1)):0x0
                0x00000800                ee_size = (CY_APPL_LOADABLE && ! (CY_EE_IN_BTLDR))?(CY_EE_SIZE / CY_APPL_MAX):CY_EE_SIZE
                [!provide]                PROVIDE (CY_ECC_OFFSET, ecc_offset)

.text           0x00000000     0x7e90
 CREATE_OBJECT_SYMBOLS
                0x00000000                PROVIDE (__cy_interrupt_vector, RomVectors)
 *(.romvectors)
 .romvectors    0x00000000       0x10 .\CortexM3\ARM_GCC_541\Debug\Cm3Start.o
                0x00000000                RomVectors
                0x00000001                ASSERT ((. != __cy_interrupt_vector), No interrupt vector)
                0x00000001                ASSERT (CY_APPL_ORIGIN?(SIZEOF (.cybootloader) <= CY_APPL_ORIGIN):0x1, Wrong image location)
                0x00000010                PROVIDE (__cy_reset, Reset)
 *(.text.Reset)
 .text.Reset    0x00000010       0x18 .\CortexM3\ARM_GCC_541\Debug\Cm3Start.o
                0x00000010                Reset
                0x00000001                ASSERT ((. != __cy_reset), No reset code)
 *(.dma_init)
                0x00000001                ASSERT ((((appl_start + .) <= 0x10000) || 0x1), DMA Init must be within the first 64k of flash)
 *(.text .text.* .gnu.linkonce.t.*)
 .text          0x00000028       0x5c c:/program files (x86)/cypress/psoc creator/4.2/psoc creator/import/gnu/arm/5.4.1/bin/../lib/gcc/arm-none-eabi/5.4.1/armv7-m/crtbegin.o
 .text.motor_forward
                0x00000084       0x18 .\CortexM3\ARM_GCC_541\Debug\Motor.o
                0x00000084                motor_forward
 .text.motor_backward
                0x0000009c       0x18 .\CortexM3\ARM_GCC_541\Debug\Motor.o
                0x0000009c                motor_backward
 .text.start_zmain
                0x000000b4       0x18 .\CortexM3\ARM_GCC_541\Debug\rtos_main.o
 .text.prvHardwareSetup
                0x000000cc       0x2c .\CortexM3\ARM_GCC_541\Debug\rtos_main.o
 .text.main     0x000000f8       0x78 .\CortexM3\ARM_GCC_541\Debug\rtos_main.o
                0x000000f8                main
 .text.vApplicationStackOverflowHook
                0x00000170       0x14 .\CortexM3\ARM_GCC_541\Debug\rtos_main.o
                0x00000170                vApplicationStackOverflowHook
 .text.vApplicationMallocFailedHook
                0x00000184       0x14 .\CortexM3\ARM_GCC_541\Debug\rtos_main.o
                0x00000184                vApplicationMallocFailedHook
 .text.MQTTSendTaskInit
                0x00000198       0x24 .\CortexM3\ARM_GCC_541\Debug\mqtt_sender.o
                0x00000198                MQTTSendTaskInit
 .text.MQTTSendTask
                0x000001bc       0x94 .\CortexM3\ARM_GCC_541\Debug\mqtt_sender.o
                0x000001bc                MQTTSendTask
 .text.vUart1RxISR
                0x00000250       0x5c .\CortexM3\ARM_GCC_541\Debug\serial1.o
                0x00000250                vUart1RxISR
 .text.vUart1TxISR
                0x000002ac       0x70 .\CortexM3\ARM_GCC_541\Debug\serial1.o
                0x000002ac                vUart1TxISR
 .text.vSerial1PortInitMinimal
                0x0000031c       0x58 .\CortexM3\ARM_GCC_541\Debug\serial1.o
                0x0000031c                vSerial1PortInitMinimal
 .text.xSerial1GetChar
                0x00000374       0x20 .\CortexM3\ARM_GCC_541\Debug\serial1.o
                0x00000374                xSerial1GetChar
 .text.xSerial1PutChar
                0x00000394       0x3c .\CortexM3\ARM_GCC_541\Debug\serial1.o
                0x00000394                xSerial1PutChar
 .text.send     0x000003d0       0x40 .\CortexM3\ARM_GCC_541\Debug\simulator.o
 .text.SimulatorTaskInit
                0x00000410       0x18 .\CortexM3\ARM_GCC_541\Debug\simulator.o
                0x00000410                SimulatorTaskInit
 .text.SetMotors
                0x00000428       0x50 .\CortexM3\ARM_GCC_541\Debug\simulator.o
                0x00000428                SetMotors
 .text.motor_start
                0x00000478        0xc .\CortexM3\ARM_GCC_541\Debug\simulator.o
                0x00000478                motor_start
 .text.motor_stop
                0x00000484       0x1c .\CortexM3\ARM_GCC_541\Debug\simulator.o
                0x00000484                motor_stop
 .text.RetargetInit
                0x000004a0       0x14 .\CortexM3\ARM_GCC_541\Debug\simulator.o
                0x000004a0                RetargetInit
 .text._write   0x000004b4       0x58 .\CortexM3\ARM_GCC_541\Debug\simulator.o
                0x000004b4                _write
 .text._read    0x0000050c        0x4 .\CortexM3\ARM_GCC_541\Debug\simulator.o
                0x0000050c                _read
 .text.Ultra_Start
                0x00000510        0xc .\CortexM3\ARM_GCC_541\Debug\simulator.o
                0x00000510                Ultra_Start
 .text.Ultra_GetDistance
                0x0000051c       0x1c .\CortexM3\ARM_GCC_541\Debug\simulator.o
                0x0000051c                Ultra_GetDistance
 .text.IR_Start
                0x00000538        0xc .\CortexM3\ARM_GCC_541\Debug\simulator.o
                0x00000538                IR_Start
 .text.IR_flush
                0x00000544       0x20 .\CortexM3\ARM_GCC_541\Debug\simulator.o
                0x00000544                IR_flush
 .text.IR_wait  0x00000564       0x2c .\CortexM3\ARM_GCC_541\Debug\simulator.o
                0x00000564                IR_wait
 .text.SimulatorTask
                0x00000590      0x178 .\CortexM3\ARM_GCC_541\Debug\simulator.o
                0x00000590                SimulatorTask
 .text.vListInitialise
                0x00000708       0x18 .\CortexM3\ARM_GCC_541\Debug\list.o
                0x00000708                vListInitialise
 .text.vListInitialiseItem
                0x00000720        0x8 .\CortexM3\ARM_GCC_541\Debug\list.o
                0x00000720                vListInitialiseItem
 .text.vListInsertEnd
                0x00000728       0x18 .\CortexM3\ARM_GCC_541\Debug\list.o
                0x00000728                vListInsertEnd
 .text.vListInsert
                0x00000740       0x34 .\CortexM3\ARM_GCC_541\Debug\list.o
                0x00000740                vListInsert
 .text.uxListRemove
                0x00000774       0x28 .\CortexM3\ARM_GCC_541\Debug\list.o
                0x00000774                uxListRemove
 .text.prvGetDisinheritPriorityAfterTimeout
                0x0000079c       0x14 .\CortexM3\ARM_GCC_541\Debug\queue.o
 .text.prvIsQueueFull
                0x000007b0       0x20 .\CortexM3\ARM_GCC_541\Debug\queue.o
 .text.prvIsQueueEmpty
                0x000007d0       0x1c .\CortexM3\ARM_GCC_541\Debug\queue.o
 .text.prvCopyDataToQueue
                0x000007ec       0x78 .\CortexM3\ARM_GCC_541\Debug\queue.o
 .text.prvCopyDataFromQueue
                0x00000864       0x24 .\CortexM3\ARM_GCC_541\Debug\queue.o
 .text.prvUnlockQueue
                0x00000888       0x68 .\CortexM3\ARM_GCC_541\Debug\queue.o
 .text.xQueueGenericReset
                0x000008f0       0x6c .\CortexM3\ARM_GCC_541\Debug\queue.o
                0x000008f0                xQueueGenericReset
 .text.prvInitialiseNewQueue
                0x0000095c       0x24 .\CortexM3\ARM_GCC_541\Debug\queue.o
 .text.xQueueGenericCreate
                0x00000980       0x34 .\CortexM3\ARM_GCC_541\Debug\queue.o
                0x00000980                xQueueGenericCreate
 .text.xQueueGenericSend
                0x000009b4      0x108 .\CortexM3\ARM_GCC_541\Debug\queue.o
                0x000009b4                xQueueGenericSend
 .text.prvInitialiseMutex
                0x00000abc       0x18 .\CortexM3\ARM_GCC_541\Debug\queue.o
 .text.xQueueCreateMutex
                0x00000ad4       0x18 .\CortexM3\ARM_GCC_541\Debug\queue.o
                0x00000ad4                xQueueCreateMutex
 .text.xQueueGenericSendFromISR
                0x00000aec       0x70 .\CortexM3\ARM_GCC_541\Debug\queue.o
                0x00000aec                xQueueGenericSendFromISR
 .text.xQueueReceive
                0x00000b5c       0xf8 .\CortexM3\ARM_GCC_541\Debug\queue.o
                0x00000b5c                xQueueReceive
 .text.xQueueSemaphoreTake
                0x00000c54      0x128 .\CortexM3\ARM_GCC_541\Debug\queue.o
                0x00000c54                xQueueSemaphoreTake
 .text.xQueueReceiveFromISR
                0x00000d7c       0x74 .\CortexM3\ARM_GCC_541\Debug\queue.o
                0x00000d7c                xQueueReceiveFromISR
 .text.prvResetNextTaskUnblockTime
                0x00000df0       0x2c .\CortexM3\ARM_GCC_541\Debug\tasks.o
 .text.prvInitialiseNewTask
                0x00000e1c      0x100 .\CortexM3\ARM_GCC_541\Debug\tasks.o
 .text.prvInitialiseTaskLists
                0x00000f1c       0x58 .\CortexM3\ARM_GCC_541\Debug\tasks.o
 .text.prvAddNewTaskToReadyList
                0x00000f74       0xac .\CortexM3\ARM_GCC_541\Debug\tasks.o
 .text.prvDeleteTCB
                0x00001020       0x18 .\CortexM3\ARM_GCC_541\Debug\tasks.o
 .text.prvCheckTasksWaitingTermination
                0x00001038       0x44 .\CortexM3\ARM_GCC_541\Debug\tasks.o
 .text.prvIdleTask
                0x0000107c        0x8 .\CortexM3\ARM_GCC_541\Debug\tasks.o
 .text.prvAddCurrentTaskToDelayedList
                0x00001084       0x84 .\CortexM3\ARM_GCC_541\Debug\tasks.o
 .text.xTaskCreate
                0x00001108       0x64 .\CortexM3\ARM_GCC_541\Debug\tasks.o
                0x00001108                xTaskCreate
 .text.vTaskStartScheduler
                0x0000116c       0x6c .\CortexM3\ARM_GCC_541\Debug\tasks.o
                0x0000116c                vTaskStartScheduler
 .text.vTaskSuspendAll
                0x000011d8       0x14 .\CortexM3\ARM_GCC_541\Debug\tasks.o
                0x000011d8                vTaskSuspendAll
 .text.xTaskGetTickCount
                0x000011ec        0xc .\CortexM3\ARM_GCC_541\Debug\tasks.o
                0x000011ec                xTaskGetTickCount
 .text.xTaskIncrementTick
                0x000011f8      0x108 .\CortexM3\ARM_GCC_541\Debug\tasks.o
                0x000011f8                xTaskIncrementTick
 .text.xTaskResumeAll
                0x00001300       0xd8 .\CortexM3\ARM_GCC_541\Debug\tasks.o
                0x00001300                xTaskResumeAll
 .text.vTaskDelayUntil
                0x000013d8       0x6c .\CortexM3\ARM_GCC_541\Debug\tasks.o
                0x000013d8                vTaskDelayUntil
 .text.vTaskDelay
                0x00001444       0x34 .\CortexM3\ARM_GCC_541\Debug\tasks.o
                0x00001444                vTaskDelay
 .text.vTaskSwitchContext
                0x00001478       0xd4 .\CortexM3\ARM_GCC_541\Debug\tasks.o
                0x00001478                vTaskSwitchContext
 .text.vTaskSuspend
                0x0000154c       0xc0 .\CortexM3\ARM_GCC_541\Debug\tasks.o
                0x0000154c                vTaskSuspend
 .text.vTaskPlaceOnEventList
                0x0000160c       0x20 .\CortexM3\ARM_GCC_541\Debug\tasks.o
                0x0000160c                vTaskPlaceOnEventList
 .text.xTaskRemoveFromEventList
                0x0000162c       0x74 .\CortexM3\ARM_GCC_541\Debug\tasks.o
                0x0000162c                xTaskRemoveFromEventList
 .text.vTaskInternalSetTimeOutState
                0x000016a0       0x14 .\CortexM3\ARM_GCC_541\Debug\tasks.o
                0x000016a0                vTaskInternalSetTimeOutState
 .text.xTaskCheckForTimeOut
                0x000016b4       0x58 .\CortexM3\ARM_GCC_541\Debug\tasks.o
                0x000016b4                xTaskCheckForTimeOut
 .text.vTaskMissedYield
                0x0000170c       0x10 .\CortexM3\ARM_GCC_541\Debug\tasks.o
                0x0000170c                vTaskMissedYield
 .text.xTaskPriorityInherit
                0x0000171c       0xd0 .\CortexM3\ARM_GCC_541\Debug\tasks.o
                0x0000171c                xTaskPriorityInherit
 .text.xTaskPriorityDisinherit
                0x000017ec       0x88 .\CortexM3\ARM_GCC_541\Debug\tasks.o
                0x000017ec                xTaskPriorityDisinherit
 .text.vTaskPriorityDisinheritAfterTimeout
                0x00001874       0xa0 .\CortexM3\ARM_GCC_541\Debug\tasks.o
                0x00001874                vTaskPriorityDisinheritAfterTimeout
 .text.pvTaskIncrementMutexHeldCount
                0x00001914       0x20 .\CortexM3\ARM_GCC_541\Debug\tasks.o
                0x00001914                pvTaskIncrementMutexHeldCount
 .text.prvTaskExitError
                0x00001934       0x20 .\CortexM3\ARM_GCC_541\Debug\port.o
 .text.prvPortStartFirstTask
                0x00001954       0x20 .\CortexM3\ARM_GCC_541\Debug\port.o
 .text.pxPortInitialiseStack
                0x00001974       0x24 .\CortexM3\ARM_GCC_541\Debug\port.o
                0x00001974                pxPortInitialiseStack
 *fill*         0x00001998        0x8 
 .text.vPortSVCHandler
                0x000019a0       0x24 .\CortexM3\ARM_GCC_541\Debug\port.o
                0x000019a0                vPortSVCHandler
 .text.vPortEnterCritical
                0x000019c4       0x20 .\CortexM3\ARM_GCC_541\Debug\port.o
                0x000019c4                vPortEnterCritical
 .text.vPortExitCritical
                0x000019e4       0x14 .\CortexM3\ARM_GCC_541\Debug\port.o
                0x000019e4                vPortExitCritical
 *fill*         0x000019f8        0x8 
 .text.xPortPendSVHandler
                0x00001a00       0x44 .\CortexM3\ARM_GCC_541\Debug\port.o
                0x00001a00                xPortPendSVHandler
 .text.xPortSysTickHandler
                0x00001a44       0x2c .\CortexM3\ARM_GCC_541\Debug\port.o
                0x00001a44                xPortSysTickHandler
 .text.vPortSetupTimerInterrupt
                0x00001a70       0x24 .\CortexM3\ARM_GCC_541\Debug\port.o
                0x00001a70                vPortSetupTimerInterrupt
 .text.xPortStartScheduler
                0x00001a94       0x38 .\CortexM3\ARM_GCC_541\Debug\port.o
                0x00001a94                xPortStartScheduler
 .text.prvHeapInit
                0x00001acc       0x30 .\CortexM3\ARM_GCC_541\Debug\heap_2.o
 .text.pvPortMalloc
                0x00001afc       0xb4 .\CortexM3\ARM_GCC_541\Debug\heap_2.o
                0x00001afc                pvPortMalloc
 .text.vPortFree
                0x00001bb0       0x44 .\CortexM3\ARM_GCC_541\Debug\heap_2.o
                0x00001bb0                vPortFree
 .text.zmain    0x00001bf4       0x10 .\CortexM3\ARM_GCC_541\Debug\main.o
                0x00001bf4                zmain
 .text.tankTLEvg
                0x00001c04       0x18 .\CortexM3\ARM_GCC_541\Debug\evgenii.o
                0x00001c04                tankTLEvg
 .text.tankTREvg
                0x00001c1c       0x18 .\CortexM3\ARM_GCC_541\Debug\evgenii.o
                0x00001c1c                tankTREvg
 .text.randomEvg
                0x00001c34       0x24 .\CortexM3\ARM_GCC_541\Debug\evgenii.o
                0x00001c34                randomEvg
 .text.week3_3_evg
                0x00001c58       0xb0 .\CortexM3\ARM_GCC_541\Debug\evgenii.o
                0x00001c58                week3_3_evg
 .text.CyClockStartupError
                0x00001d08        0x4 .\CortexM3\ARM_GCC_541\Debug\cyfitter_cfg.o
 .text.cfg_write_bytes32
                0x00001d0c       0x34 .\CortexM3\ARM_GCC_541\Debug\cyfitter_cfg.o
 .text.CYMEMZERO
                0x00001d40        0xc .\CortexM3\ARM_GCC_541\Debug\cyfitter_cfg.o
 .text.AnalogSetDefault
                0x00001d4c       0x80 .\CortexM3\ARM_GCC_541\Debug\cyfitter_cfg.o
 .text.CYCONFIGCPY
                0x00001dcc        0x8 .\CortexM3\ARM_GCC_541\Debug\cyfitter_cfg.o
 .text.ClockSetup
                0x00001dd4      0x16c .\CortexM3\ARM_GCC_541\Debug\cyfitter_cfg.o
 .text.cyfitter_cfg
                0x00001f40      0x148 .\CortexM3\ARM_GCC_541\Debug\cyfitter_cfg.o
                0x00001f40                cyfitter_cfg
 .text.IntDefaultHandler
                0x00002088       0x10 .\CortexM3\ARM_GCC_541\Debug\Cm3Start.o
                0x00002088                IntDefaultHandler
 .text._sbrk    0x00002098       0x30 .\CortexM3\ARM_GCC_541\Debug\Cm3Start.o
                0x00002098                _sbrk
 .text.Start_c  0x000020c8       0x4c .\CortexM3\ARM_GCC_541\Debug\Cm3Start.o
                0x000020c8                Start_c
 .text.initialize_psoc
                0x00002114       0x68 .\CortexM3\ARM_GCC_541\Debug\Cm3Start.o
                0x00002114                initialize_psoc
 .text.UART_1_Init
                0x0000217c       0x24 .\CortexM3\ARM_GCC_541\Debug\ZumoBot.a(UART_1.o)
                0x0000217c                UART_1_Init
 .text.UART_1_Enable
                0x000021a0       0x38 .\CortexM3\ARM_GCC_541\Debug\ZumoBot.a(UART_1.o)
                0x000021a0                UART_1_Enable
 .text.UART_1_Start
                0x000021d8       0x1c .\CortexM3\ARM_GCC_541\Debug\ZumoBot.a(UART_1.o)
                0x000021d8                UART_1_Start
 .text.UART_1_ReadRxData
                0x000021f4        0xc .\CortexM3\ARM_GCC_541\Debug\ZumoBot.a(UART_1.o)
                0x000021f4                UART_1_ReadRxData
 .text.UART_1_ReadRxStatus
                0x00002200       0x10 .\CortexM3\ARM_GCC_541\Debug\ZumoBot.a(UART_1.o)
                0x00002200                UART_1_ReadRxStatus
 .text.UART_1_SetTxInterruptMode
                0x00002210        0xc .\CortexM3\ARM_GCC_541\Debug\ZumoBot.a(UART_1.o)
                0x00002210                UART_1_SetTxInterruptMode
 .text.UART_1_ReadTxStatus
                0x0000221c        0xc .\CortexM3\ARM_GCC_541\Debug\ZumoBot.a(UART_1.o)
                0x0000221c                UART_1_ReadTxStatus
 .text.UART_1_PutChar
                0x00002228       0x18 .\CortexM3\ARM_GCC_541\Debug\ZumoBot.a(UART_1.o)
                0x00002228                UART_1_PutChar
 .text.SW1_Read
                0x00002240       0x10 .\CortexM3\ARM_GCC_541\Debug\ZumoBot.a(SW1.o)
                0x00002240                SW1_Read
 .text.UART_2_Init
                0x00002250       0x28 .\CortexM3\ARM_GCC_541\Debug\ZumoBot.a(UART_2.o)
                0x00002250                UART_2_Init
 .text.UART_2_Enable
                0x00002278       0x38 .\CortexM3\ARM_GCC_541\Debug\ZumoBot.a(UART_2.o)
                0x00002278                UART_2_Enable
 .text.UART_2_Start
                0x000022b0       0x1c .\CortexM3\ARM_GCC_541\Debug\ZumoBot.a(UART_2.o)
                0x000022b0                UART_2_Start
 .text.StatisticsCounter_Enable
                0x000022cc       0x10 .\CortexM3\ARM_GCC_541\Debug\ZumoBot.a(StatisticsCounter.o)
                0x000022cc                StatisticsCounter_Enable
 .text.StatisticsCounter_SetInterruptMode
                0x000022dc        0xc .\CortexM3\ARM_GCC_541\Debug\ZumoBot.a(StatisticsCounter.o)
                0x000022dc                StatisticsCounter_SetInterruptMode
 .text.StatisticsCounter_ReadStatusRegister
                0x000022e8        0xc .\CortexM3\ARM_GCC_541\Debug\ZumoBot.a(StatisticsCounter.o)
                0x000022e8                StatisticsCounter_ReadStatusRegister
 .text.StatisticsCounter_WriteCounter
                0x000022f4        0xc .\CortexM3\ARM_GCC_541\Debug\ZumoBot.a(StatisticsCounter.o)
                0x000022f4                StatisticsCounter_WriteCounter
 .text.StatisticsCounter_ReadCounter
                0x00002300       0x14 .\CortexM3\ARM_GCC_541\Debug\ZumoBot.a(StatisticsCounter.o)
                0x00002300                StatisticsCounter_ReadCounter
 .text.StatisticsCounter_ReadCapture
                0x00002314        0xc .\CortexM3\ARM_GCC_541\Debug\ZumoBot.a(StatisticsCounter.o)
                0x00002314                StatisticsCounter_ReadCapture
 .text.StatisticsCounter_WritePeriod
                0x00002320        0xc .\CortexM3\ARM_GCC_541\Debug\ZumoBot.a(StatisticsCounter.o)
                0x00002320                StatisticsCounter_WritePeriod
 .text.StatisticsCounter_WriteCompare
                0x0000232c        0xc .\CortexM3\ARM_GCC_541\Debug\ZumoBot.a(StatisticsCounter.o)
                0x0000232c                StatisticsCounter_WriteCompare
 .text.StatisticsCounter_ClearFIFO
                0x00002338       0x14 .\CortexM3\ARM_GCC_541\Debug\ZumoBot.a(StatisticsCounter.o)
                0x00002338                StatisticsCounter_ClearFIFO
 .text.StatisticsCounter_Init
                0x0000234c       0x54 .\CortexM3\ARM_GCC_541\Debug\ZumoBot.a(StatisticsCounter.o)
                0x0000234c                StatisticsCounter_Init
 .text.StatisticsCounter_Start
                0x000023a0       0x1c .\CortexM3\ARM_GCC_541\Debug\ZumoBot.a(StatisticsCounter.o)
                0x000023a0                StatisticsCounter_Start
 .text.isr_U1_TX_SetVector
                0x000023bc        0xc .\CortexM3\ARM_GCC_541\Debug\ZumoBot.a(isr_U1_TX.o)
                0x000023bc                isr_U1_TX_SetVector
 .text.isr_U1_TX_SetPriority
                0x000023c8       0x10 .\CortexM3\ARM_GCC_541\Debug\ZumoBot.a(isr_U1_TX.o)
                0x000023c8                isr_U1_TX_SetPriority
 .text.isr_U1_TX_Enable
                0x000023d8        0xc .\CortexM3\ARM_GCC_541\Debug\ZumoBot.a(isr_U1_TX.o)
                0x000023d8                isr_U1_TX_Enable
 .text.isr_U1_TX_Disable
                0x000023e4        0xc .\CortexM3\ARM_GCC_541\Debug\ZumoBot.a(isr_U1_TX.o)
                0x000023e4                isr_U1_TX_Disable
 .text.isr_U1_TX_StartEx
                0x000023f0       0x1c .\CortexM3\ARM_GCC_541\Debug\ZumoBot.a(isr_U1_TX.o)
                0x000023f0                isr_U1_TX_StartEx
 .text.isr_U1_TX_ClearPending
                0x0000240c        0xc .\CortexM3\ARM_GCC_541\Debug\ZumoBot.a(isr_U1_TX.o)
                0x0000240c                isr_U1_TX_ClearPending
 .text.isr_U1_RX_SetVector
                0x00002418        0xc .\CortexM3\ARM_GCC_541\Debug\ZumoBot.a(isr_U1_RX.o)
                0x00002418                isr_U1_RX_SetVector
 .text.isr_U1_RX_SetPriority
                0x00002424       0x10 .\CortexM3\ARM_GCC_541\Debug\ZumoBot.a(isr_U1_RX.o)
                0x00002424                isr_U1_RX_SetPriority
 .text.isr_U1_RX_Enable
                0x00002434        0xc .\CortexM3\ARM_GCC_541\Debug\ZumoBot.a(isr_U1_RX.o)
                0x00002434                isr_U1_RX_Enable
 .text.isr_U1_RX_Disable
                0x00002440        0xc .\CortexM3\ARM_GCC_541\Debug\ZumoBot.a(isr_U1_RX.o)
                0x00002440                isr_U1_RX_Disable
 .text.isr_U1_RX_StartEx
                0x0000244c       0x1c .\CortexM3\ARM_GCC_541\Debug\ZumoBot.a(isr_U1_RX.o)
                0x0000244c                isr_U1_RX_StartEx
 .text.isr_U1_RX_ClearPending
                0x00002468        0xc .\CortexM3\ARM_GCC_541\Debug\ZumoBot.a(isr_U1_RX.o)
                0x00002468                isr_U1_RX_ClearPending
 .text.UART_1_IntClock_Start
                0x00002474       0x1c .\CortexM3\ARM_GCC_541\Debug\ZumoBot.a(UART_1_IntClock.o)
                0x00002474                UART_1_IntClock_Start
 .text.UART_2_IntClock_Start
                0x00002490       0x1c .\CortexM3\ARM_GCC_541\Debug\ZumoBot.a(UART_2_IntClock.o)
                0x00002490                UART_2_IntClock_Start
 .text.CyDelayUs
                0x000024ac       0x14 .\CortexM3\ARM_GCC_541\Debug\ZumoBot.a(CyLib.o)
                0x000024ac                CyDelayUs
 .text          0x000024c0       0x20 .\CortexM3\ARM_GCC_541\Debug\ZumoBot.a(CyBootAsmGnu.o)
                0x000024c0                CyDelayCycles
                0x000024d0                CyEnterCriticalSection
                0x000024d8                CyExitCriticalSection
 .text          0x000024e0      0x370 c:/program files (x86)/cypress/psoc creator/4.2/psoc creator/import/gnu/arm/5.4.1/bin/../lib/gcc/arm-none-eabi/5.4.1/armv7-m\libgcc.a(_arm_addsubdf3.o)
                0x000024e0                __aeabi_drsub
                0x000024e8                __aeabi_dsub
                0x000024e8                __subdf3
                0x000024ec                __aeabi_dadd
                0x000024ec                __adddf3
                0x00002764                __floatunsidf
                0x00002764                __aeabi_ui2d
                0x00002784                __floatsidf
                0x00002784                __aeabi_i2d
                0x000027a8                __aeabi_f2d
                0x000027a8                __extendsfdf2
                0x000027e4                __floatundidf
                0x000027e4                __aeabi_ul2d
                0x000027f4                __floatdidf
                0x000027f4                __aeabi_l2d
 .text          0x00002850      0x424 c:/program files (x86)/cypress/psoc creator/4.2/psoc creator/import/gnu/arm/5.4.1/bin/../lib/gcc/arm-none-eabi/5.4.1/armv7-m\libgcc.a(_arm_muldivdf3.o)
                0x00002850                __aeabi_dmul
                0x00002850                __muldf3
                0x00002aa4                __divdf3
                0x00002aa4                __aeabi_ddiv
 .text          0x00002c74      0x110 c:/program files (x86)/cypress/psoc creator/4.2/psoc creator/import/gnu/arm/5.4.1/bin/../lib/gcc/arm-none-eabi/5.4.1/armv7-m\libgcc.a(_arm_cmpdf2.o)
                0x00002c74                __gtdf2
                0x00002c74                __gedf2
                0x00002c7c                __ltdf2
                0x00002c7c                __ledf2
                0x00002c84                __nedf2
                0x00002c84                __eqdf2
                0x00002c84                __cmpdf2
                0x00002d00                __aeabi_cdrcmple
                0x00002d10                __aeabi_cdcmpeq
                0x00002d10                __aeabi_cdcmple
                0x00002d20                __aeabi_dcmpeq
                0x00002d34                __aeabi_dcmplt
                0x00002d48                __aeabi_dcmple
                0x00002d5c                __aeabi_dcmpge
                0x00002d70                __aeabi_dcmpgt
 .text.__errno  0x00002d84        0xc c:/program files (x86)/cypress/psoc creator/4.2/psoc creator/import/gnu/arm/5.4.1/bin/../lib/gcc/arm-none-eabi/5.4.1/../../../../arm-none-eabi/lib/armv7-m\libg.a(lib_a-errno.o)
                0x00002d84                __errno
 .text.fputc    0x00002d90       0x28 c:/program files (x86)/cypress/psoc creator/4.2/psoc creator/import/gnu/arm/5.4.1/bin/../lib/gcc/arm-none-eabi/5.4.1/../../../../arm-none-eabi/lib/armv7-m\libg.a(lib_a-fputc.o)
                0x00002d90                fputc
 .text._fputs_r
                0x00002db8       0x50 c:/program files (x86)/cypress/psoc creator/4.2/psoc creator/import/gnu/arm/5.4.1/bin/../lib/gcc/arm-none-eabi/5.4.1/../../../../arm-none-eabi/lib/armv7-m\libg.a(lib_a-fputs.o)
                0x00002db8                _fputs_r
 .text.fputs    0x00002e08       0x10 c:/program files (x86)/cypress/psoc creator/4.2/psoc creator/import/gnu/arm/5.4.1/bin/../lib/gcc/arm-none-eabi/5.4.1/../../../../arm-none-eabi/lib/armv7-m\libg.a(lib_a-fputs.o)
                0x00002e08                fputs
 .text.__sfvwrite_r
                0x00002e18      0x308 c:/program files (x86)/cypress/psoc creator/4.2/psoc creator/import/gnu/arm/5.4.1/bin/../lib/gcc/arm-none-eabi/5.4.1/../../../../arm-none-eabi/lib/armv7-m\libg.a(lib_a-fvwrite.o)
                0x00002e18                __sfvwrite_r
 .text._fwrite_r
                0x00003120       0x64 c:/program files (x86)/cypress/psoc creator/4.2/psoc creator/import/gnu/arm/5.4.1/bin/../lib/gcc/arm-none-eabi/5.4.1/../../../../arm-none-eabi/lib/armv7-m\libg.a(lib_a-fwrite.o)
                0x00003120                _fwrite_r
 .text.fwrite   0x00003184       0x20 c:/program files (x86)/cypress/psoc creator/4.2/psoc creator/import/gnu/arm/5.4.1/bin/../lib/gcc/arm-none-eabi/5.4.1/../../../../arm-none-eabi/lib/armv7-m\libg.a(lib_a-fwrite.o)
                0x00003184                fwrite
 .text.__libc_init_array
                0x000031a4       0x50 c:/program files (x86)/cypress/psoc creator/4.2/psoc creator/import/gnu/arm/5.4.1/bin/../lib/gcc/arm-none-eabi/5.4.1/../../../../arm-none-eabi/lib/armv7-m\libg.a(lib_a-init.o)
                0x000031a4                __libc_init_array
 .text._malloc_r
                0x000031f4      0x558 c:/program files (x86)/cypress/psoc creator/4.2/psoc creator/import/gnu/arm/5.4.1/bin/../lib/gcc/arm-none-eabi/5.4.1/../../../../arm-none-eabi/lib/armv7-m\libg.a(lib_a-mallocr.o)
                0x000031f4                _malloc_r
 .text.memchr   0x0000374c       0x8c c:/program files (x86)/cypress/psoc creator/4.2/psoc creator/import/gnu/arm/5.4.1/bin/../lib/gcc/arm-none-eabi/5.4.1/../../../../arm-none-eabi/lib/armv7-m\libg.a(lib_a-memchr-stub.o)
                0x0000374c                memchr
 .text          0x000037d8       0xec c:/program files (x86)/cypress/psoc creator/4.2/psoc creator/import/gnu/arm/5.4.1/bin/../lib/gcc/arm-none-eabi/5.4.1/../../../../arm-none-eabi/lib/armv7-m\libg.a(lib_a-memcpy.o)
                0x000037d8                memcpy
 .text.memmove  0x000038c4       0xc8 c:/program files (x86)/cypress/psoc creator/4.2/psoc creator/import/gnu/arm/5.4.1/bin/../lib/gcc/arm-none-eabi/5.4.1/../../../../arm-none-eabi/lib/armv7-m\libg.a(lib_a-memmove.o)
                0x000038c4                memmove
 .text.memset   0x0000398c       0x9c c:/program files (x86)/cypress/psoc creator/4.2/psoc creator/import/gnu/arm/5.4.1/bin/../lib/gcc/arm-none-eabi/5.4.1/../../../../arm-none-eabi/lib/armv7-m\libg.a(lib_a-memset.o)
                0x0000398c                memset
 .text.__malloc_lock
                0x00003a28        0x4 c:/program files (x86)/cypress/psoc creator/4.2/psoc creator/import/gnu/arm/5.4.1/bin/../lib/gcc/arm-none-eabi/5.4.1/../../../../arm-none-eabi/lib/armv7-m\libg.a(lib_a-mlock.o)
                0x00003a28                __malloc_lock
 .text.__malloc_unlock
                0x00003a2c        0x4 c:/program files (x86)/cypress/psoc creator/4.2/psoc creator/import/gnu/arm/5.4.1/bin/../lib/gcc/arm-none-eabi/5.4.1/../../../../arm-none-eabi/lib/armv7-m\libg.a(lib_a-mlock.o)
                0x00003a2c                __malloc_unlock
 .text.printf   0x00003a30       0x28 c:/program files (x86)/cypress/psoc creator/4.2/psoc creator/import/gnu/arm/5.4.1/bin/../lib/gcc/arm-none-eabi/5.4.1/../../../../arm-none-eabi/lib/armv7-m\libg.a(lib_a-printf.o)
                0x00003a30                printf
 .text._putc_r  0x00003a58       0x44 c:/program files (x86)/cypress/psoc creator/4.2/psoc creator/import/gnu/arm/5.4.1/bin/../lib/gcc/arm-none-eabi/5.4.1/../../../../arm-none-eabi/lib/armv7-m\libg.a(lib_a-putc.o)
                0x00003a58                _putc_r
 .text._puts_r  0x00003a9c       0x68 c:/program files (x86)/cypress/psoc creator/4.2/psoc creator/import/gnu/arm/5.4.1/bin/../lib/gcc/arm-none-eabi/5.4.1/../../../../arm-none-eabi/lib/armv7-m\libg.a(lib_a-puts.o)
                0x00003a9c                _puts_r
 .text.puts     0x00003b04       0x10 c:/program files (x86)/cypress/psoc creator/4.2/psoc creator/import/gnu/arm/5.4.1/bin/../lib/gcc/arm-none-eabi/5.4.1/../../../../arm-none-eabi/lib/armv7-m\libg.a(lib_a-puts.o)
                0x00003b04                puts
 .text.srand    0x00003b14       0x14 c:/program files (x86)/cypress/psoc creator/4.2/psoc creator/import/gnu/arm/5.4.1/bin/../lib/gcc/arm-none-eabi/5.4.1/../../../../arm-none-eabi/lib/armv7-m\libg.a(lib_a-rand.o)
                0x00003b14                srand
 .text.rand     0x00003b28       0x40 c:/program files (x86)/cypress/psoc creator/4.2/psoc creator/import/gnu/arm/5.4.1/bin/../lib/gcc/arm-none-eabi/5.4.1/../../../../arm-none-eabi/lib/armv7-m\libg.a(lib_a-rand.o)
                0x00003b28                rand
 .text._realloc_r
                0x00003b68      0x3d4 c:/program files (x86)/cypress/psoc creator/4.2/psoc creator/import/gnu/arm/5.4.1/bin/../lib/gcc/arm-none-eabi/5.4.1/../../../../arm-none-eabi/lib/armv7-m\libg.a(lib_a-reallocr.o)
                0x00003b68                _realloc_r
 .text.cleanup_glue
                0x00003f3c       0x1c c:/program files (x86)/cypress/psoc creator/4.2/psoc creator/import/gnu/arm/5.4.1/bin/../lib/gcc/arm-none-eabi/5.4.1/../../../../arm-none-eabi/lib/armv7-m\libg.a(lib_a-reent.o)
                0x00003f3c                cleanup_glue
 .text._reclaim_reent
                0x00003f58       0x88 c:/program files (x86)/cypress/psoc creator/4.2/psoc creator/import/gnu/arm/5.4.1/bin/../lib/gcc/arm-none-eabi/5.4.1/../../../../arm-none-eabi/lib/armv7-m\libg.a(lib_a-reent.o)
                0x00003f58                _reclaim_reent
 .text._sbrk_r  0x00003fe0       0x24 c:/program files (x86)/cypress/psoc creator/4.2/psoc creator/import/gnu/arm/5.4.1/bin/../lib/gcc/arm-none-eabi/5.4.1/../../../../arm-none-eabi/lib/armv7-m\libg.a(lib_a-sbrkr.o)
                0x00003fe0                _sbrk_r
 .text.strlen   0x00004004       0x5c c:/program files (x86)/cypress/psoc creator/4.2/psoc creator/import/gnu/arm/5.4.1/bin/../lib/gcc/arm-none-eabi/5.4.1/../../../../arm-none-eabi/lib/armv7-m\libg.a(lib_a-strlen-stub.o)
                0x00004004                strlen
 .text._vfprintf_r
                0x00004060     0x1788 c:/program files (x86)/cypress/psoc creator/4.2/psoc creator/import/gnu/arm/5.4.1/bin/../lib/gcc/arm-none-eabi/5.4.1/../../../../arm-none-eabi/lib/armv7-m\libg.a(lib_a-vfprintf.o)
                0x00004060                _vfprintf_r
 .text.__sbprintf
                0x000057e8       0x6c c:/program files (x86)/cypress/psoc creator/4.2/psoc creator/import/gnu/arm/5.4.1/bin/../lib/gcc/arm-none-eabi/5.4.1/../../../../arm-none-eabi/lib/armv7-m\libg.a(lib_a-vfprintf.o)
 .text.__swbuf_r
                0x00005854       0xac c:/program files (x86)/cypress/psoc creator/4.2/psoc creator/import/gnu/arm/5.4.1/bin/../lib/gcc/arm-none-eabi/5.4.1/../../../../arm-none-eabi/lib/armv7-m\libg.a(lib_a-wbuf.o)
                0x00005854                __swbuf_r
 .text.__swsetup_r
                0x00005900       0xc8 c:/program files (x86)/cypress/psoc creator/4.2/psoc creator/import/gnu/arm/5.4.1/bin/../lib/gcc/arm-none-eabi/5.4.1/../../../../arm-none-eabi/lib/armv7-m\libg.a(lib_a-wsetup.o)
                0x00005900                __swsetup_r
 .text.startup.register_fini
                0x000059c8       0x14 c:/program files (x86)/cypress/psoc creator/4.2/psoc creator/import/gnu/arm/5.4.1/bin/../lib/gcc/arm-none-eabi/5.4.1/../../../../arm-none-eabi/lib/armv7-m\libg.a(lib_a-__call_atexit.o)
 .text.atexit   0x000059dc        0xc c:/program files (x86)/cypress/psoc creator/4.2/psoc creator/import/gnu/arm/5.4.1/bin/../lib/gcc/arm-none-eabi/5.4.1/../../../../arm-none-eabi/lib/armv7-m\libg.a(lib_a-atexit.o)
                0x000059dc                atexit
 .text.quorem   0x000059e8      0x12c c:/program files (x86)/cypress/psoc creator/4.2/psoc creator/import/gnu/arm/5.4.1/bin/../lib/gcc/arm-none-eabi/5.4.1/../../../../arm-none-eabi/lib/armv7-m\libg.a(lib_a-dtoa.o)
 *fill*         0x00005b14        0x4 
 .text._dtoa_r  0x00005b18      0xe4c c:/program files (x86)/cypress/psoc creator/4.2/psoc creator/import/gnu/arm/5.4.1/bin/../lib/gcc/arm-none-eabi/5.4.1/../../../../arm-none-eabi/lib/armv7-m\libg.a(lib_a-dtoa.o)
                0x00005b18                _dtoa_r
 .text.__sflush_r
                0x00006964      0x148 c:/program files (x86)/cypress/psoc creator/4.2/psoc creator/import/gnu/arm/5.4.1/bin/../lib/gcc/arm-none-eabi/5.4.1/../../../../arm-none-eabi/lib/armv7-m\libg.a(lib_a-fflush.o)
                0x00006964                __sflush_r
 .text._fflush_r
                0x00006aac       0x2c c:/program files (x86)/cypress/psoc creator/4.2/psoc creator/import/gnu/arm/5.4.1/bin/../lib/gcc/arm-none-eabi/5.4.1/../../../../arm-none-eabi/lib/armv7-m\libg.a(lib_a-fflush.o)
                0x00006aac                _fflush_r
 .text._cleanup_r
                0x00006ad8        0xc c:/program files (x86)/cypress/psoc creator/4.2/psoc creator/import/gnu/arm/5.4.1/bin/../lib/gcc/arm-none-eabi/5.4.1/../../../../arm-none-eabi/lib/armv7-m\libg.a(lib_a-findfp.o)
                0x00006ad8                _cleanup_r
 .text.__sinit.part.1
                0x00006ae4       0xf0 c:/program files (x86)/cypress/psoc creator/4.2/psoc creator/import/gnu/arm/5.4.1/bin/../lib/gcc/arm-none-eabi/5.4.1/../../../../arm-none-eabi/lib/armv7-m\libg.a(lib_a-findfp.o)
 .text.__sinit  0x00006bd4        0xc c:/program files (x86)/cypress/psoc creator/4.2/psoc creator/import/gnu/arm/5.4.1/bin/../lib/gcc/arm-none-eabi/5.4.1/../../../../arm-none-eabi/lib/armv7-m\libg.a(lib_a-findfp.o)
                0x00006bd4                __sinit
 .text.__sfp_lock_acquire
                0x00006be0        0x4 c:/program files (x86)/cypress/psoc creator/4.2/psoc creator/import/gnu/arm/5.4.1/bin/../lib/gcc/arm-none-eabi/5.4.1/../../../../arm-none-eabi/lib/armv7-m\libg.a(lib_a-findfp.o)
                0x00006be0                __sfp_lock_acquire
 .text.__sfp_lock_release
                0x00006be4        0x4 c:/program files (x86)/cypress/psoc creator/4.2/psoc creator/import/gnu/arm/5.4.1/bin/../lib/gcc/arm-none-eabi/5.4.1/../../../../arm-none-eabi/lib/armv7-m\libg.a(lib_a-findfp.o)
                0x00006be4                __sfp_lock_release
 .text.__libc_fini_array
                0x00006be8       0x28 c:/program files (x86)/cypress/psoc creator/4.2/psoc creator/import/gnu/arm/5.4.1/bin/../lib/gcc/arm-none-eabi/5.4.1/../../../../arm-none-eabi/lib/armv7-m\libg.a(lib_a-fini.o)
                0x00006be8                __libc_fini_array
 .text._malloc_trim_r
                0x00006c10       0x9c c:/program files (x86)/cypress/psoc creator/4.2/psoc creator/import/gnu/arm/5.4.1/bin/../lib/gcc/arm-none-eabi/5.4.1/../../../../arm-none-eabi/lib/armv7-m\libg.a(lib_a-freer.o)
                0x00006c10                _malloc_trim_r
 .text._free_r  0x00006cac      0x1d0 c:/program files (x86)/cypress/psoc creator/4.2/psoc creator/import/gnu/arm/5.4.1/bin/../lib/gcc/arm-none-eabi/5.4.1/../../../../arm-none-eabi/lib/armv7-m\libg.a(lib_a-freer.o)
                0x00006cac                _free_r
 .text._fwalk_reent
                0x00006e7c       0x50 c:/program files (x86)/cypress/psoc creator/4.2/psoc creator/import/gnu/arm/5.4.1/bin/../lib/gcc/arm-none-eabi/5.4.1/../../../../arm-none-eabi/lib/armv7-m\libg.a(lib_a-fwalk.o)
                0x00006e7c                _fwalk_reent
 .text.__locale_charset
                0x00006ecc        0x8 c:/program files (x86)/cypress/psoc creator/4.2/psoc creator/import/gnu/arm/5.4.1/bin/../lib/gcc/arm-none-eabi/5.4.1/../../../../arm-none-eabi/lib/armv7-m\libg.a(lib_a-locale.o)
                0x00006ecc                __locale_charset
 .text.__locale_mb_cur_max
                0x00006ed4        0xc c:/program files (x86)/cypress/psoc creator/4.2/psoc creator/import/gnu/arm/5.4.1/bin/../lib/gcc/arm-none-eabi/5.4.1/../../../../arm-none-eabi/lib/armv7-m\libg.a(lib_a-locale.o)
                0x00006ed4                __locale_mb_cur_max
 .text._localeconv_r
                0x00006ee0        0x8 c:/program files (x86)/cypress/psoc creator/4.2/psoc creator/import/gnu/arm/5.4.1/bin/../lib/gcc/arm-none-eabi/5.4.1/../../../../arm-none-eabi/lib/armv7-m\libg.a(lib_a-locale.o)
                0x00006ee0                _localeconv_r
 .text.__swhatbuf_r
                0x00006ee8       0x60 c:/program files (x86)/cypress/psoc creator/4.2/psoc creator/import/gnu/arm/5.4.1/bin/../lib/gcc/arm-none-eabi/5.4.1/../../../../arm-none-eabi/lib/armv7-m\libg.a(lib_a-makebuf.o)
                0x00006ee8                __swhatbuf_r
 .text.__smakebuf_r
                0x00006f48       0x88 c:/program files (x86)/cypress/psoc creator/4.2/psoc creator/import/gnu/arm/5.4.1/bin/../lib/gcc/arm-none-eabi/5.4.1/../../../../arm-none-eabi/lib/armv7-m\libg.a(lib_a-makebuf.o)
                0x00006f48                __smakebuf_r
 .text._Balloc  0x00006fd0       0x50 c:/program files (x86)/cypress/psoc creator/4.2/psoc creator/import/gnu/arm/5.4.1/bin/../lib/gcc/arm-none-eabi/5.4.1/../../../../arm-none-eabi/lib/armv7-m\libg.a(lib_a-mprec.o)
                0x00006fd0                _Balloc
 .text._Bfree   0x00007020       0x14 c:/program files (x86)/cypress/psoc creator/4.2/psoc creator/import/gnu/arm/5.4.1/bin/../lib/gcc/arm-none-eabi/5.4.1/../../../../arm-none-eabi/lib/armv7-m\libg.a(lib_a-mprec.o)
                0x00007020                _Bfree
 .text.__multadd
                0x00007034       0x80 c:/program files (x86)/cypress/psoc creator/4.2/psoc creator/import/gnu/arm/5.4.1/bin/../lib/gcc/arm-none-eabi/5.4.1/../../../../arm-none-eabi/lib/armv7-m\libg.a(lib_a-mprec.o)
                0x00007034                __multadd
 .text.__hi0bits
                0x000070b4       0x40 c:/program files (x86)/cypress/psoc creator/4.2/psoc creator/import/gnu/arm/5.4.1/bin/../lib/gcc/arm-none-eabi/5.4.1/../../../../arm-none-eabi/lib/armv7-m\libg.a(lib_a-mprec.o)
                0x000070b4                __hi0bits
 .text.__lo0bits
                0x000070f4       0x5c c:/program files (x86)/cypress/psoc creator/4.2/psoc creator/import/gnu/arm/5.4.1/bin/../lib/gcc/arm-none-eabi/5.4.1/../../../../arm-none-eabi/lib/armv7-m\libg.a(lib_a-mprec.o)
                0x000070f4                __lo0bits
 .text.__i2b    0x00007150       0x14 c:/program files (x86)/cypress/psoc creator/4.2/psoc creator/import/gnu/arm/5.4.1/bin/../lib/gcc/arm-none-eabi/5.4.1/../../../../arm-none-eabi/lib/armv7-m\libg.a(lib_a-mprec.o)
                0x00007150                __i2b
 .text.__multiply
                0x00007164      0x13c c:/program files (x86)/cypress/psoc creator/4.2/psoc creator/import/gnu/arm/5.4.1/bin/../lib/gcc/arm-none-eabi/5.4.1/../../../../arm-none-eabi/lib/armv7-m\libg.a(lib_a-mprec.o)
                0x00007164                __multiply
 .text.__pow5mult
                0x000072a0       0xa0 c:/program files (x86)/cypress/psoc creator/4.2/psoc creator/import/gnu/arm/5.4.1/bin/../lib/gcc/arm-none-eabi/5.4.1/../../../../arm-none-eabi/lib/armv7-m\libg.a(lib_a-mprec.o)
                0x000072a0                __pow5mult
 .text.__lshift
                0x00007340       0xac c:/program files (x86)/cypress/psoc creator/4.2/psoc creator/import/gnu/arm/5.4.1/bin/../lib/gcc/arm-none-eabi/5.4.1/../../../../arm-none-eabi/lib/armv7-m\libg.a(lib_a-mprec.o)
                0x00007340                __lshift
 .text.__mcmp   0x000073ec       0x40 c:/program files (x86)/cypress/psoc creator/4.2/psoc creator/import/gnu/arm/5.4.1/bin/../lib/gcc/arm-none-eabi/5.4.1/../../../../arm-none-eabi/lib/armv7-m\libg.a(lib_a-mprec.o)
                0x000073ec                __mcmp
 .text.__mdiff  0x0000742c      0x128 c:/program files (x86)/cypress/psoc creator/4.2/psoc creator/import/gnu/arm/5.4.1/bin/../lib/gcc/arm-none-eabi/5.4.1/../../../../arm-none-eabi/lib/armv7-m\libg.a(lib_a-mprec.o)
                0x0000742c                __mdiff
 .text.__d2b    0x00007554       0xa8 c:/program files (x86)/cypress/psoc creator/4.2/psoc creator/import/gnu/arm/5.4.1/bin/../lib/gcc/arm-none-eabi/5.4.1/../../../../arm-none-eabi/lib/armv7-m\libg.a(lib_a-mprec.o)
                0x00007554                __d2b
 .text.__sread  0x000075fc       0x24 c:/program files (x86)/cypress/psoc creator/4.2/psoc creator/import/gnu/arm/5.4.1/bin/../lib/gcc/arm-none-eabi/5.4.1/../../../../arm-none-eabi/lib/armv7-m\libg.a(lib_a-stdio.o)
                0x000075fc                __sread
 .text.__swrite
                0x00007620       0x3c c:/program files (x86)/cypress/psoc creator/4.2/psoc creator/import/gnu/arm/5.4.1/bin/../lib/gcc/arm-none-eabi/5.4.1/../../../../arm-none-eabi/lib/armv7-m\libg.a(lib_a-stdio.o)
                0x00007620                __swrite
 .text.__sseek  0x0000765c       0x20 c:/program files (x86)/cypress/psoc creator/4.2/psoc creator/import/gnu/arm/5.4.1/bin/../lib/gcc/arm-none-eabi/5.4.1/../../../../arm-none-eabi/lib/armv7-m\libg.a(lib_a-stdio.o)
                0x0000765c                __sseek
 .text.__sclose
                0x0000767c        0x8 c:/program files (x86)/cypress/psoc creator/4.2/psoc creator/import/gnu/arm/5.4.1/bin/../lib/gcc/arm-none-eabi/5.4.1/../../../../arm-none-eabi/lib/armv7-m\libg.a(lib_a-stdio.o)
                0x0000767c                __sclose
 .text.__sprint_r.part.0
                0x00007684       0x78 c:/program files (x86)/cypress/psoc creator/4.2/psoc creator/import/gnu/arm/5.4.1/bin/../lib/gcc/arm-none-eabi/5.4.1/../../../../arm-none-eabi/lib/armv7-m\libg.a(lib_a-vfiprintf.o)
 .text.__sprint_r
                0x000076fc       0x14 c:/program files (x86)/cypress/psoc creator/4.2/psoc creator/import/gnu/arm/5.4.1/bin/../lib/gcc/arm-none-eabi/5.4.1/../../../../arm-none-eabi/lib/armv7-m\libg.a(lib_a-vfiprintf.o)
                0x000076fc                __sprint_r
 .text._write_r
                0x00007710       0x2c c:/program files (x86)/cypress/psoc creator/4.2/psoc creator/import/gnu/arm/5.4.1/bin/../lib/gcc/arm-none-eabi/5.4.1/../../../../arm-none-eabi/lib/armv7-m\libg.a(lib_a-writer.o)
                0x00007710                _write_r
 .text.__register_exitproc
                0x0000773c       0xa4 c:/program files (x86)/cypress/psoc creator/4.2/psoc creator/import/gnu/arm/5.4.1/bin/../lib/gcc/arm-none-eabi/5.4.1/../../../../arm-none-eabi/lib/armv7-m\libg.a(lib_a-__atexit.o)
                0x0000773c                __register_exitproc
 .text._calloc_r
                0x000077e0       0x60 c:/program files (x86)/cypress/psoc creator/4.2/psoc creator/import/gnu/arm/5.4.1/bin/../lib/gcc/arm-none-eabi/5.4.1/../../../../arm-none-eabi/lib/armv7-m\libg.a(lib_a-callocr.o)
                0x000077e0                _calloc_r
 .text._close_r
                0x00007840       0x24 c:/program files (x86)/cypress/psoc creator/4.2/psoc creator/import/gnu/arm/5.4.1/bin/../lib/gcc/arm-none-eabi/5.4.1/../../../../arm-none-eabi/lib/armv7-m\libg.a(lib_a-closer.o)
                0x00007840                _close_r
 .text._fclose_r
                0x00007864       0x84 c:/program files (x86)/cypress/psoc creator/4.2/psoc creator/import/gnu/arm/5.4.1/bin/../lib/gcc/arm-none-eabi/5.4.1/../../../../arm-none-eabi/lib/armv7-m\libg.a(lib_a-fclose.o)
                0x00007864                _fclose_r
 .text.__fputwc
                0x000078e8       0x94 c:/program files (x86)/cypress/psoc creator/4.2/psoc creator/import/gnu/arm/5.4.1/bin/../lib/gcc/arm-none-eabi/5.4.1/../../../../arm-none-eabi/lib/armv7-m\libg.a(lib_a-fputwc.o)
                0x000078e8                __fputwc
 .text._fputwc_r
                0x0000797c       0x24 c:/program files (x86)/cypress/psoc creator/4.2/psoc creator/import/gnu/arm/5.4.1/bin/../lib/gcc/arm-none-eabi/5.4.1/../../../../arm-none-eabi/lib/armv7-m\libg.a(lib_a-fputwc.o)
                0x0000797c                _fputwc_r
 .text._fstat_r
                0x000079a0       0x28 c:/program files (x86)/cypress/psoc creator/4.2/psoc creator/import/gnu/arm/5.4.1/bin/../lib/gcc/arm-none-eabi/5.4.1/../../../../arm-none-eabi/lib/armv7-m\libg.a(lib_a-fstatr.o)
                0x000079a0                _fstat_r
 .text._isatty_r
                0x000079c8       0x24 c:/program files (x86)/cypress/psoc creator/4.2/psoc creator/import/gnu/arm/5.4.1/bin/../lib/gcc/arm-none-eabi/5.4.1/../../../../arm-none-eabi/lib/armv7-m\libg.a(lib_a-isattyr.o)
                0x000079c8                _isatty_r
 .text._lseek_r
                0x000079ec       0x2c c:/program files (x86)/cypress/psoc creator/4.2/psoc creator/import/gnu/arm/5.4.1/bin/../lib/gcc/arm-none-eabi/5.4.1/../../../../arm-none-eabi/lib/armv7-m\libg.a(lib_a-lseekr.o)
                0x000079ec                _lseek_r
 .text._read_r  0x00007a18       0x2c c:/program files (x86)/cypress/psoc creator/4.2/psoc creator/import/gnu/arm/5.4.1/bin/../lib/gcc/arm-none-eabi/5.4.1/../../../../arm-none-eabi/lib/armv7-m\libg.a(lib_a-readr.o)
                0x00007a18                _read_r
 .text._wcrtomb_r
                0x00007a44       0x54 c:/program files (x86)/cypress/psoc creator/4.2/psoc creator/import/gnu/arm/5.4.1/bin/../lib/gcc/arm-none-eabi/5.4.1/../../../../arm-none-eabi/lib/armv7-m\libg.a(lib_a-wcrtomb.o)
                0x00007a44                _wcrtomb_r
 .text.__ascii_wctomb
                0x00007a98       0x1c c:/program files (x86)/cypress/psoc creator/4.2/psoc creator/import/gnu/arm/5.4.1/bin/../lib/gcc/arm-none-eabi/5.4.1/../../../../arm-none-eabi/lib/armv7-m\libg.a(lib_a-wctomb_r.o)
                0x00007a98                __ascii_wctomb
 .text          0x00007ab4       0x2c c:/program files (x86)/cypress/psoc creator/4.2/psoc creator/import/gnu/arm/5.4.1/bin/../lib/gcc/arm-none-eabi/5.4.1/armv7-m\libgcc.a(_arm_unorddf2.o)
                0x00007ab4                __unorddf2
                0x00007ab4                __aeabi_dcmpun
 .text          0x00007ae0       0x50 c:/program files (x86)/cypress/psoc creator/4.2/psoc creator/import/gnu/arm/5.4.1/bin/../lib/gcc/arm-none-eabi/5.4.1/armv7-m\libgcc.a(_arm_fixdfsi.o)
                0x00007ae0                __aeabi_d2iz
                0x00007ae0                __fixdfsi
 .text          0x00007b30       0x30 c:/program files (x86)/cypress/psoc creator/4.2/psoc creator/import/gnu/arm/5.4.1/bin/../lib/gcc/arm-none-eabi/5.4.1/armv7-m\libgcc.a(_aeabi_uldivmod.o)
                0x00007b30                __aeabi_uldivmod
 .text          0x00007b60      0x2ec c:/program files (x86)/cypress/psoc creator/4.2/psoc creator/import/gnu/arm/5.4.1/bin/../lib/gcc/arm-none-eabi/5.4.1/armv7-m\libgcc.a(_udivmoddi4.o)
                0x00007b60                __udivmoddi4
 .text          0x00007e4c        0x4 c:/program files (x86)/cypress/psoc creator/4.2/psoc creator/import/gnu/arm/5.4.1/bin/../lib/gcc/arm-none-eabi/5.4.1/armv7-m\libgcc.a(_dvmd_tls.o)
                0x00007e4c                __aeabi_idiv0
                0x00007e4c                __aeabi_ldiv0
 .text._close   0x00007e50       0x10 c:/program files (x86)/cypress/psoc creator/4.2/psoc creator/import/gnu/arm/5.4.1/bin/../lib/gcc/arm-none-eabi/5.4.1/../../../../arm-none-eabi/lib/armv7-m\libnosys.a(close.o)
                0x00007e50                _close
 .text._fstat   0x00007e60       0x10 c:/program files (x86)/cypress/psoc creator/4.2/psoc creator/import/gnu/arm/5.4.1/bin/../lib/gcc/arm-none-eabi/5.4.1/../../../../arm-none-eabi/lib/armv7-m\libnosys.a(fstat.o)
                0x00007e60                _fstat
 .text._isatty  0x00007e70       0x10 c:/program files (x86)/cypress/psoc creator/4.2/psoc creator/import/gnu/arm/5.4.1/bin/../lib/gcc/arm-none-eabi/5.4.1/../../../../arm-none-eabi/lib/armv7-m\libnosys.a(isatty.o)
                0x00007e70                _isatty
 .text._lseek   0x00007e80       0x10 c:/program files (x86)/cypress/psoc creator/4.2/psoc creator/import/gnu/arm/5.4.1/bin/../lib/gcc/arm-none-eabi/5.4.1/../../../../arm-none-eabi/lib/armv7-m\libnosys.a(lseek.o)
                0x00007e80                _lseek
 *(.plt)
 *(.gnu.warning)
 *(.glue_7t)
 .glue_7t       0x00007e90        0x0 linker stubs
 *(.glue_7)
 .glue_7        0x00007e90        0x0 linker stubs
 *(.vfp11_veneer)
 .vfp11_veneer  0x00007e90        0x0 linker stubs
 *(.bootloader)
 *(.ARM.extab* .gnu.linkonce.armextab.*)
 *(.gcc_except_table)

.v4_bx          0x00007e90        0x0
 .v4_bx         0x00007e90        0x0 linker stubs

.iplt           0x00007e90        0x0
 .iplt          0x00007e90        0x0 c:/program files (x86)/cypress/psoc creator/4.2/psoc creator/import/gnu/arm/5.4.1/bin/../lib/gcc/arm-none-eabi/5.4.1/armv7-m/crtbegin.o

.eh_frame_hdr
 *(.eh_frame_hdr)

.eh_frame       0x00007e90        0x4
 *(.eh_frame)
 .eh_frame      0x00007e90        0x0 c:/program files (x86)/cypress/psoc creator/4.2/psoc creator/import/gnu/arm/5.4.1/bin/../lib/gcc/arm-none-eabi/5.4.1/armv7-m/crtbegin.o
 .eh_frame      0x00007e90        0x4 c:/program files (x86)/cypress/psoc creator/4.2/psoc creator/import/gnu/arm/5.4.1/bin/../lib/gcc/arm-none-eabi/5.4.1/armv7-m/crtend.o
                [!provide]                PROVIDE (__exidx_start, .)

.ARM.exidx      0x00007e94        0x8
 *(.ARM.exidx* .gnu.linkonce.armexidx.*)
 .ARM.exidx     0x00007e94        0x8 c:/program files (x86)/cypress/psoc creator/4.2/psoc creator/import/gnu/arm/5.4.1/bin/../lib/gcc/arm-none-eabi/5.4.1/armv7-m\libgcc.a(_udivmoddi4.o)
                0x00007e9c                __exidx_end = .

.rodata         0x00007ea0      0x3c0
 *(.rodata .rodata.* .gnu.linkonce.r.*)
 .rodata.str1.4
                0x00007ea0       0x3a .\CortexM3\ARM_GCC_541\Debug\rtos_main.o
 *fill*         0x00007eda        0x2 
 .rodata.str1.4
                0x00007edc        0x6 .\CortexM3\ARM_GCC_541\Debug\mqtt_sender.o
 *fill*         0x00007ee2        0x2 
 .rodata        0x00007ee4        0xd .\CortexM3\ARM_GCC_541\Debug\simulator.o
 *fill*         0x00007ef1        0x3 
 .rodata.str1.4
                0x00007ef4       0x8a .\CortexM3\ARM_GCC_541\Debug\simulator.o
 *fill*         0x00007f7e        0x2 
 .rodata.str1.4
                0x00007f80       0x34 .\CortexM3\ARM_GCC_541\Debug\tasks.o
 .rodata.str1.4
                0x00007fb4       0x8b .\CortexM3\ARM_GCC_541\Debug\evgenii.o
 *fill*         0x0000803f        0x1 
 .rodata        0x00008040       0x60 .\CortexM3\ARM_GCC_541\Debug\cyfitter_cfg.o
 .rodata.str1.4
                0x000080a0        0x2 c:/program files (x86)/cypress/psoc creator/4.2/psoc creator/import/gnu/arm/5.4.1/bin/../lib/gcc/arm-none-eabi/5.4.1/../../../../arm-none-eabi/lib/armv7-m\libg.a(lib_a-impure.o)
 .rodata._global_impure_ptr
                0x000080a0        0x4 c:/program files (x86)/cypress/psoc creator/4.2/psoc creator/import/gnu/arm/5.4.1/bin/../lib/gcc/arm-none-eabi/5.4.1/../../../../arm-none-eabi/lib/armv7-m\libg.a(lib_a-impure.o)
                0x000080a0                _global_impure_ptr
 .rodata.str1.4
                0x000080a4       0x8b c:/program files (x86)/cypress/psoc creator/4.2/psoc creator/import/gnu/arm/5.4.1/bin/../lib/gcc/arm-none-eabi/5.4.1/../../../../arm-none-eabi/lib/armv7-m\libg.a(lib_a-puts.o)
                                  0x2 (size before relaxing)
 .rodata.blanks.7070
                0x000080a4       0x10 c:/program files (x86)/cypress/psoc creator/4.2/psoc creator/import/gnu/arm/5.4.1/bin/../lib/gcc/arm-none-eabi/5.4.1/../../../../arm-none-eabi/lib/armv7-m\libg.a(lib_a-vfprintf.o)
 .rodata.str1.4
                0x000080b4       0x42 c:/program files (x86)/cypress/psoc creator/4.2/psoc creator/import/gnu/arm/5.4.1/bin/../lib/gcc/arm-none-eabi/5.4.1/../../../../arm-none-eabi/lib/armv7-m\libg.a(lib_a-vfprintf.o)
 *fill*         0x000080f6        0x2 
 .rodata.zeroes.7071
                0x000080f8       0x10 c:/program files (x86)/cypress/psoc creator/4.2/psoc creator/import/gnu/arm/5.4.1/bin/../lib/gcc/arm-none-eabi/5.4.1/../../../../arm-none-eabi/lib/armv7-m\libg.a(lib_a-vfprintf.o)
 .rodata.str1.4
                0x00008108       0x10 c:/program files (x86)/cypress/psoc creator/4.2/psoc creator/import/gnu/arm/5.4.1/bin/../lib/gcc/arm-none-eabi/5.4.1/../../../../arm-none-eabi/lib/armv7-m\libg.a(lib_a-dtoa.o)
                                 0x12 (size before relaxing)
 .rodata.str1.4
                0x00008118        0xc c:/program files (x86)/cypress/psoc creator/4.2/psoc creator/import/gnu/arm/5.4.1/bin/../lib/gcc/arm-none-eabi/5.4.1/../../../../arm-none-eabi/lib/armv7-m\libg.a(lib_a-locale.o)
                                 0x12 (size before relaxing)
 *fill*         0x00008124        0x4 
 .rodata.__mprec_tens
                0x00008128       0xc8 c:/program files (x86)/cypress/psoc creator/4.2/psoc creator/import/gnu/arm/5.4.1/bin/../lib/gcc/arm-none-eabi/5.4.1/../../../../arm-none-eabi/lib/armv7-m\libg.a(lib_a-mprec.o)
                0x00008128                __mprec_tens
 .rodata.__mprec_bigtens
                0x000081f0       0x28 c:/program files (x86)/cypress/psoc creator/4.2/psoc creator/import/gnu/arm/5.4.1/bin/../lib/gcc/arm-none-eabi/5.4.1/../../../../arm-none-eabi/lib/armv7-m\libg.a(lib_a-mprec.o)
                0x000081f0                __mprec_bigtens
 .rodata.p05.5396
                0x00008218        0xc c:/program files (x86)/cypress/psoc creator/4.2/psoc creator/import/gnu/arm/5.4.1/bin/../lib/gcc/arm-none-eabi/5.4.1/../../../../arm-none-eabi/lib/armv7-m\libg.a(lib_a-mprec.o)
                0x00008224                . = ALIGN (0x4)
 *(.init)
 .init          0x00008224        0x4 c:/program files (x86)/cypress/psoc creator/4.2/psoc creator/import/gnu/arm/5.4.1/bin/../lib/gcc/arm-none-eabi/5.4.1/armv7-m/crti.o
                0x00008224                _init
 .init          0x00008228        0x8 c:/program files (x86)/cypress/psoc creator/4.2/psoc creator/import/gnu/arm/5.4.1/bin/../lib/gcc/arm-none-eabi/5.4.1/armv7-m/crtn.o
                0x00008230                . = ALIGN (0x4)
                0x00008230                __preinit_array_start = .
 *(.preinit_array)
                0x00008230                __preinit_array_end = .
                0x00008230                . = ALIGN (0x4)
                0x00008230                __init_array_start = .
 *(SORT(.init_array.*))
 .init_array.00000
                0x00008230        0x4 c:/program files (x86)/cypress/psoc creator/4.2/psoc creator/import/gnu/arm/5.4.1/bin/../lib/gcc/arm-none-eabi/5.4.1/../../../../arm-none-eabi/lib/armv7-m\libg.a(lib_a-__call_atexit.o)
 *(.init_array)
 .init_array    0x00008234        0x4 c:/program files (x86)/cypress/psoc creator/4.2/psoc creator/import/gnu/arm/5.4.1/bin/../lib/gcc/arm-none-eabi/5.4.1/armv7-m/crtbegin.o
 .init_array    0x00008238        0x4 .\CortexM3\ARM_GCC_541\Debug\Cm3Start.o
                0x0000823c                __init_array_end = .
                0x0000823c                . = ALIGN (0x4)
 *(.fini)
 .fini          0x0000823c        0x4 c:/program files (x86)/cypress/psoc creator/4.2/psoc creator/import/gnu/arm/5.4.1/bin/../lib/gcc/arm-none-eabi/5.4.1/armv7-m/crti.o
                0x0000823c                _fini
 .fini          0x00008240        0x8 c:/program files (x86)/cypress/psoc creator/4.2/psoc creator/import/gnu/arm/5.4.1/bin/../lib/gcc/arm-none-eabi/5.4.1/armv7-m/crtn.o
                0x00008248                . = ALIGN (0x4)
                0x00008248                __fini_array_start = .
 *(.fini_array)
 .fini_array    0x00008248        0x4 c:/program files (x86)/cypress/psoc creator/4.2/psoc creator/import/gnu/arm/5.4.1/bin/../lib/gcc/arm-none-eabi/5.4.1/armv7-m/crtbegin.o
 *(SORT(.fini_array.*))
                0x0000824c                __fini_array_end = .
                0x0000824c                . = ALIGN (0x4)
 *crtbegin.o(.ctors)
 *(EXCLUDE_FILE(*crtend.o) .ctors)
 *(SORT(.ctors.*))
 *crtend.o(.ctors)
                0x0000824c                . = ALIGN (0x4)
 *crtbegin.o(.dtors)
 *(EXCLUDE_FILE(*crtend.o) .dtors)
 *(SORT(.dtors.*))
 *crtend.o(.dtors)
                0x0000824c                . = ALIGN (0x4)
                0x0000824c                __cy_regions = .
                0x0000824c        0x4 LONG 0x8260 __cy_region_init_ram
                0x00008250        0x4 LONG 0x1fff80c8 __cy_region_start_data
                0x00008254        0x4 LONG 0x8c0 __cy_region_init_size_ram
                0x00008258        0x4 LONG 0x9bb8 __cy_region_zero_size_ram
                0x0000825c                __cy_regions_end = .
                0x00008260                . = ALIGN (0x8)
 *fill*         0x0000825c        0x4 
                0x00008260                _etext = .

.cy_checksum_exclude
                0x00008260        0x0
 *(.cy_checksum_exclude)

.ramvectors     0x1fff8000       0xc0
                0x1fff8000                __cy_region_start_ram = .
 *(.ramvectors)
 .ramvectors    0x1fff8000       0xc0 .\CortexM3\ARM_GCC_541\Debug\Cm3Start.o
                0x1fff8000                CyRamVectors

.noinit         0x1fff80c0        0x1
 *(.noinit)
 .noinit        0x1fff80c0        0x1 .\CortexM3\ARM_GCC_541\Debug\ZumoBot.a(CyLib.o)
                0x1fff80c0                CyResetStatus

.data           0x1fff80c8      0x8c0 load address 0x00008260
                0x1fff80c8                __cy_region_start_data = .
 *(.jcr)
 .jcr           0x1fff80c8        0x0 c:/program files (x86)/cypress/psoc creator/4.2/psoc creator/import/gnu/arm/5.4.1/bin/../lib/gcc/arm-none-eabi/5.4.1/armv7-m/crtbegin.o
 .jcr           0x1fff80c8        0x4 c:/program files (x86)/cypress/psoc creator/4.2/psoc creator/import/gnu/arm/5.4.1/bin/../lib/gcc/arm-none-eabi/5.4.1/armv7-m/crtend.o
 *(.got.plt)
 *(.got)
 *(.shdata)
 *(.data .data.* .gnu.linkonce.d.*)
 .data          0x1fff80cc        0x4 .\CortexM3\ARM_GCC_541\Debug\port.o
 .data          0x1fff80d0        0x4 .\CortexM3\ARM_GCC_541\Debug\heap_2.o
 .data          0x1fff80d4        0x4 .\CortexM3\ARM_GCC_541\Debug\Cm3Start.o
 .data          0x1fff80d8       0x10 .\CortexM3\ARM_GCC_541\Debug\ZumoBot.a(CyLib.o)
                0x1fff80d8                cydelay_32k_ms
                0x1fff80dc                cydelay_freq_khz
                0x1fff80e0                cydelay_freq_mhz
                0x1fff80e4                cydelay_freq_hz
 .data.impure_data
                0x1fff80e8      0x428 c:/program files (x86)/cypress/psoc creator/4.2/psoc creator/import/gnu/arm/5.4.1/bin/../lib/gcc/arm-none-eabi/5.4.1/../../../../arm-none-eabi/lib/armv7-m\libg.a(lib_a-impure.o)
 .data._impure_ptr
                0x1fff8510        0x4 c:/program files (x86)/cypress/psoc creator/4.2/psoc creator/import/gnu/arm/5.4.1/bin/../lib/gcc/arm-none-eabi/5.4.1/../../../../arm-none-eabi/lib/armv7-m\libg.a(lib_a-impure.o)
                0x1fff8510                _impure_ptr
 .data.__malloc_av_
                0x1fff8514      0x408 c:/program files (x86)/cypress/psoc creator/4.2/psoc creator/import/gnu/arm/5.4.1/bin/../lib/gcc/arm-none-eabi/5.4.1/../../../../arm-none-eabi/lib/armv7-m\libg.a(lib_a-mallocr.o)
                0x1fff8514                __malloc_av_
 .data.__malloc_trim_threshold
                0x1fff891c        0x4 c:/program files (x86)/cypress/psoc creator/4.2/psoc creator/import/gnu/arm/5.4.1/bin/../lib/gcc/arm-none-eabi/5.4.1/../../../../arm-none-eabi/lib/armv7-m\libg.a(lib_a-mallocr.o)
                0x1fff891c                __malloc_trim_threshold
 .data.__malloc_sbrk_base
                0x1fff8920        0x4 c:/program files (x86)/cypress/psoc creator/4.2/psoc creator/import/gnu/arm/5.4.1/bin/../lib/gcc/arm-none-eabi/5.4.1/../../../../arm-none-eabi/lib/armv7-m\libg.a(lib_a-mallocr.o)
                0x1fff8920                __malloc_sbrk_base
 .data.lconv    0x1fff8924       0x38 c:/program files (x86)/cypress/psoc creator/4.2/psoc creator/import/gnu/arm/5.4.1/bin/../lib/gcc/arm-none-eabi/5.4.1/../../../../arm-none-eabi/lib/armv7-m\libg.a(lib_a-locale.o)
 .data.lc_ctype_charset
                0x1fff895c       0x20 c:/program files (x86)/cypress/psoc creator/4.2/psoc creator/import/gnu/arm/5.4.1/bin/../lib/gcc/arm-none-eabi/5.4.1/../../../../arm-none-eabi/lib/armv7-m\libg.a(lib_a-locale.o)
 .data.__mb_cur_max
                0x1fff897c        0x4 c:/program files (x86)/cypress/psoc creator/4.2/psoc creator/import/gnu/arm/5.4.1/bin/../lib/gcc/arm-none-eabi/5.4.1/../../../../arm-none-eabi/lib/armv7-m\libg.a(lib_a-locale.o)
                0x1fff897c                __mb_cur_max
 .data.__wctomb
                0x1fff8980        0x4 c:/program files (x86)/cypress/psoc creator/4.2/psoc creator/import/gnu/arm/5.4.1/bin/../lib/gcc/arm-none-eabi/5.4.1/../../../../arm-none-eabi/lib/armv7-m\libg.a(lib_a-wctomb_r.o)
                0x1fff8980                __wctomb
                0x1fff8988                . = ALIGN (0x8)
 *fill*         0x1fff8984        0x4 
 *(.ram)
                0x1fff8988                _edata = .

.igot.plt       0x1fff8988        0x0 load address 0x00008b20
 .igot.plt      0x1fff8988        0x0 c:/program files (x86)/cypress/psoc creator/4.2/psoc creator/import/gnu/arm/5.4.1/bin/../lib/gcc/arm-none-eabi/5.4.1/armv7-m/crtbegin.o

.bss            0x1fff8988     0x9bb8 load address 0x00008b20
                0x1fff8988                PROVIDE (__bss_start__, .)
 *(.shbss)
 *(.bss .bss.* .gnu.linkonce.b.*)
 .bss           0x1fff8988       0x1c c:/program files (x86)/cypress/psoc creator/4.2/psoc creator/import/gnu/arm/5.4.1/bin/../lib/gcc/arm-none-eabi/5.4.1/armv7-m/crtbegin.o
 .bss           0x1fff89a4      0xa08 .\CortexM3\ARM_GCC_541\Debug\mqtt_sender.o
 .bss           0x1fff93ac        0x8 .\CortexM3\ARM_GCC_541\Debug\serial1.o
 .bss           0x1fff93b4       0x2c .\CortexM3\ARM_GCC_541\Debug\simulator.o
 .bss           0x1fff93e0      0x108 .\CortexM3\ARM_GCC_541\Debug\tasks.o
                0x1fff94b8                pxCurrentTCB
 .bss           0x1fff94e8     0x9014 .\CortexM3\ARM_GCC_541\Debug\heap_2.o
 .bss           0x200024fc        0x2 .\CortexM3\ARM_GCC_541\Debug\ZumoBot.a(UART_1.o)
                0x200024fc                UART_1_initVar
 .bss           0x200024fe        0x2 .\CortexM3\ARM_GCC_541\Debug\ZumoBot.a(UART_2.o)
                0x200024fe                UART_2_initVar
 .bss           0x20002500        0x1 .\CortexM3\ARM_GCC_541\Debug\ZumoBot.a(StatisticsCounter.o)
                0x20002500                StatisticsCounter_initVar
 *fill*         0x20002501        0x3 
 .bss.__malloc_max_total_mem
                0x20002504        0x4 c:/program files (x86)/cypress/psoc creator/4.2/psoc creator/import/gnu/arm/5.4.1/bin/../lib/gcc/arm-none-eabi/5.4.1/../../../../arm-none-eabi/lib/armv7-m\libg.a(lib_a-mallocr.o)
                0x20002504                __malloc_max_total_mem
 .bss.__malloc_max_sbrked_mem
                0x20002508        0x4 c:/program files (x86)/cypress/psoc creator/4.2/psoc creator/import/gnu/arm/5.4.1/bin/../lib/gcc/arm-none-eabi/5.4.1/../../../../arm-none-eabi/lib/armv7-m\libg.a(lib_a-mallocr.o)
                0x20002508                __malloc_max_sbrked_mem
 .bss.__malloc_top_pad
                0x2000250c        0x4 c:/program files (x86)/cypress/psoc creator/4.2/psoc creator/import/gnu/arm/5.4.1/bin/../lib/gcc/arm-none-eabi/5.4.1/../../../../arm-none-eabi/lib/armv7-m\libg.a(lib_a-mallocr.o)
                0x2000250c                __malloc_top_pad
 .bss.__malloc_current_mallinfo
                0x20002510       0x28 c:/program files (x86)/cypress/psoc creator/4.2/psoc creator/import/gnu/arm/5.4.1/bin/../lib/gcc/arm-none-eabi/5.4.1/../../../../arm-none-eabi/lib/armv7-m\libg.a(lib_a-mallocr.o)
                0x20002510                __malloc_current_mallinfo
 *(COMMON)
 COMMON         0x20002538        0x4 c:/program files (x86)/cypress/psoc creator/4.2/psoc creator/import/gnu/arm/5.4.1/bin/../lib/gcc/arm-none-eabi/5.4.1/../../../../arm-none-eabi/lib/armv7-m\libg.a(lib_a-reent.o)
                0x20002538                errno
                0x20002540                . = ALIGN (0x8)
 *fill*         0x2000253c        0x4 
 *(.ram.b)
                0x20002540                _end = .
                0x20002540                __end = .
                0x20002540                PROVIDE (end, .)
                0x20002540                PROVIDE (__bss_end__, .)
                0x00008260                __cy_region_init_ram = LOADADDR (.data)
                0x000008c0                __cy_region_init_size_ram = (_edata - ADDR (.data))
                0x00009bb8                __cy_region_zero_size_ram = (_end - _edata)

.heap           0x20002540     0x2000 load address 0x00008b20
                0x20002540                . = _end
                0x20004540                . = (. + 0x2000)
 *fill*         0x20002540     0x2000 
                0x20004540                __cy_heap_limit = .

.stack          0x20007800      0x800
                0x20007800                __cy_stack_limit = .
                0x20008000                . = (. + 0x800)
 *fill*         0x20007800      0x800 
                0x00000001                ASSERT ((__cy_stack_limit >= __cy_heap_limit), region RAM overflowed with stack)
                0x00000000                cy_checksum_exclude_size = (CY_APPL_LOADABLE == 0x1)?SIZEOF (.cy_checksum_exclude):0x0
                0x00000001                ASSERT ((cy_checksum_exclude_size <= CY_CHECKSUM_EXCLUDE_SIZE), CY_BOOT: Section .cy_checksum_exclude size exceedes specified limit.)

.cyloadermeta
 *(.cyloadermeta)

.cyloadablemeta
 *(.cyloadablemeta)

.cyconfigecc    0x80000000     0x1220
 *(.cyconfigecc)
 .cyconfigecc   0x80000000     0x1220 .\CortexM3\ARM_GCC_541\Debug\cymetadata.o
                0x80000000                cy_meta_configecc

.cycustnvl      0x90000000        0x4
 *(.cycustnvl)
 .cycustnvl     0x90000000        0x4 .\CortexM3\ARM_GCC_541\Debug\cymetadata.o
                0x90000000                cy_meta_custnvl

.cywolatch      0x90100000        0x4
 *(.cywolatch)
 .cywolatch     0x90100000        0x4 .\CortexM3\ARM_GCC_541\Debug\cymetadata.o
                0x90100000                cy_meta_wonvl

.cyeeprom       0x90200000        0x0
 *(.cyeeprom)
                0x00000001                ASSERT ((. <= ((0x90200000 + ee_offset) + ee_size)), .cyeeprom data will not fit in EEPROM)

.cyflashprotect
                0x90400000      0x100
 *(.cyflashprotect)
 .cyflashprotect
                0x90400000      0x100 .\CortexM3\ARM_GCC_541\Debug\cymetadata.o
                0x90400000                cy_meta_flashprotect

.cymeta         0x90500000        0xc
 *(.cymeta)
 .cymeta        0x90500000        0xc .\CortexM3\ARM_GCC_541\Debug\cymetadata.o
                0x90500000                cy_metadata

.rel.dyn        0x00008b20        0x0 load address 0x9050000c
 .rel.iplt      0x00008b20        0x0 c:/program files (x86)/cypress/psoc creator/4.2/psoc creator/import/gnu/arm/5.4.1/bin/../lib/gcc/arm-none-eabi/5.4.1/armv7-m/crtbegin.o

.stab           0x00000000       0x6c
 *(.stab)
 .stab          0x00000000       0x24 c:/program files (x86)/cypress/psoc creator/4.2/psoc creator/import/gnu/arm/5.4.1/bin/../lib/gcc/arm-none-eabi/5.4.1/../../../../arm-none-eabi/lib/armv7-m\libnosys.a(close.o)
 .stab          0x00000024       0x18 c:/program files (x86)/cypress/psoc creator/4.2/psoc creator/import/gnu/arm/5.4.1/bin/../lib/gcc/arm-none-eabi/5.4.1/../../../../arm-none-eabi/lib/armv7-m\libnosys.a(fstat.o)
                                 0x24 (size before relaxing)
 .stab          0x0000003c       0x18 c:/program files (x86)/cypress/psoc creator/4.2/psoc creator/import/gnu/arm/5.4.1/bin/../lib/gcc/arm-none-eabi/5.4.1/../../../../arm-none-eabi/lib/armv7-m\libnosys.a(isatty.o)
                                 0x24 (size before relaxing)
 .stab          0x00000054       0x18 c:/program files (x86)/cypress/psoc creator/4.2/psoc creator/import/gnu/arm/5.4.1/bin/../lib/gcc/arm-none-eabi/5.4.1/../../../../arm-none-eabi/lib/armv7-m\libnosys.a(lseek.o)
                                 0x24 (size before relaxing)

.stabstr        0x00000000       0xe3
 *(.stabstr)
 .stabstr       0x00000000       0xe3 c:/program files (x86)/cypress/psoc creator/4.2/psoc creator/import/gnu/arm/5.4.1/bin/../lib/gcc/arm-none-eabi/5.4.1/../../../../arm-none-eabi/lib/armv7-m\libnosys.a(close.o)

.debug
 *(.debug)

.line
 *(.line)

.debug_srcinfo
 *(.debug_srcinfo)

.debug_sfnames
 *(.debug_sfnames)

.debug_aranges  0x00000000     0x1be0
 *(.debug_aranges)
 .debug_aranges
                0x00000000       0x20 .\CortexM3\ARM_GCC_541\Debug\Beep.o
 .debug_aranges
                0x00000020       0x40 .\CortexM3\ARM_GCC_541\Debug\Gyro.o
 .debug_aranges
                0x00000060       0x20 .\CortexM3\ARM_GCC_541\Debug\Magnet.o
 .debug_aranges
                0x00000080       0x30 .\CortexM3\ARM_GCC_541\Debug\Motor.o
 .debug_aranges
                0x000000b0       0x30 .\CortexM3\ARM_GCC_541\Debug\Nunchuk.o
 .debug_aranges
                0x000000e0       0x30 .\CortexM3\ARM_GCC_541\Debug\I2C_Common.o
 .debug_aranges
                0x00000110       0x28 .\CortexM3\ARM_GCC_541\Debug\LSM303D.o
 .debug_aranges
                0x00000138       0x88 .\CortexM3\ARM_GCC_541\Debug\debug_uart.o
 .debug_aranges
                0x000001c0      0x130 .\CortexM3\ARM_GCC_541\Debug\esp8266_socket.o
 .debug_aranges
                0x000002f0       0x40 .\CortexM3\ARM_GCC_541\Debug\rtos_main.o
 .debug_aranges
                0x00000330       0x58 .\CortexM3\ARM_GCC_541\Debug\serial.o
 .debug_aranges
                0x00000388       0x40 .\CortexM3\ARM_GCC_541\Debug\mqtt_sender.o
 .debug_aranges
                0x000003c8       0x48 .\CortexM3\ARM_GCC_541\Debug\serial1.o
 .debug_aranges
                0x00000410       0x18 .\CortexM3\ARM_GCC_541\Debug\Reflectance.o
 .debug_aranges
                0x00000428       0xa8 .\CortexM3\ARM_GCC_541\Debug\simulator.o
 .debug_aranges
                0x000004d0       0xe0 .\CortexM3\ARM_GCC_541\Debug\MQTTClient.o
 .debug_aranges
                0x000005b0       0x88 .\CortexM3\ARM_GCC_541\Debug\MQTTFreeRTOS.o
 .debug_aranges
                0x00000638       0x48 .\CortexM3\ARM_GCC_541\Debug\MQTTConnectClient.o
 .debug_aranges
                0x00000680       0x30 .\CortexM3\ARM_GCC_541\Debug\MQTTConnectServer.o
 .debug_aranges
                0x000006b0       0x28 .\CortexM3\ARM_GCC_541\Debug\MQTTDeserializePublish.o
 .debug_aranges
                0x000006d8       0x58 .\CortexM3\ARM_GCC_541\Debug\MQTTFormat.o
 .debug_aranges
                0x00000730       0xa8 .\CortexM3\ARM_GCC_541\Debug\MQTTPacket.o
 .debug_aranges
                0x000007d8       0x48 .\CortexM3\ARM_GCC_541\Debug\MQTTSerializePublish.o
 .debug_aranges
                0x00000820       0x30 .\CortexM3\ARM_GCC_541\Debug\MQTTSubscribeClient.o
 .debug_aranges
                0x00000850       0x28 .\CortexM3\ARM_GCC_541\Debug\MQTTSubscribeServer.o
 .debug_aranges
                0x00000878       0x30 .\CortexM3\ARM_GCC_541\Debug\MQTTUnsubscribeClient.o
 .debug_aranges
                0x000008a8       0x28 .\CortexM3\ARM_GCC_541\Debug\MQTTUnsubscribeServer.o
 .debug_aranges
                0x000008d0       0x18 .\CortexM3\ARM_GCC_541\Debug\croutine.o
 .debug_aranges
                0x000008e8       0x78 .\CortexM3\ARM_GCC_541\Debug\event_groups.o
 .debug_aranges
                0x00000960       0x40 .\CortexM3\ARM_GCC_541\Debug\list.o
 .debug_aranges
                0x000009a0      0x128 .\CortexM3\ARM_GCC_541\Debug\queue.o
 .debug_aranges
                0x00000ac8       0xd0 .\CortexM3\ARM_GCC_541\Debug\stream_buffer.o
 .debug_aranges
                0x00000b98      0x1f8 .\CortexM3\ARM_GCC_541\Debug\tasks.o
 .debug_aranges
                0x00000d90       0x18 .\CortexM3\ARM_GCC_541\Debug\timers.o
 .debug_aranges
                0x00000da8       0x70 .\CortexM3\ARM_GCC_541\Debug\port.o
 .debug_aranges
                0x00000e18       0x40 .\CortexM3\ARM_GCC_541\Debug\heap_2.o
 .debug_aranges
                0x00000e58       0x20 .\CortexM3\ARM_GCC_541\Debug\main.o
 .debug_aranges
                0x00000e78       0x58 .\CortexM3\ARM_GCC_541\Debug\evgenii.o
 .debug_aranges
                0x00000ed0       0x50 .\CortexM3\ARM_GCC_541\Debug\Dongbin.o
 .debug_aranges
                0x00000f20       0x18 .\CortexM3\ARM_GCC_541\Debug\aneta.o
 .debug_aranges
                0x00000f38       0x58 .\CortexM3\ARM_GCC_541\Debug\cyfitter_cfg.o
 .debug_aranges
                0x00000f90       0x18 .\CortexM3\ARM_GCC_541\Debug\cymetadata.o
 .debug_aranges
                0x00000fa8       0x48 .\CortexM3\ARM_GCC_541\Debug\Cm3Start.o
 .debug_aranges
                0x00000ff0       0x38 .\CortexM3\ARM_GCC_541\Debug\ZumoBot.a(I2C.o)
 .debug_aranges
                0x00001028       0x20 .\CortexM3\ARM_GCC_541\Debug\ZumoBot.a(I2C_INT.o)
 .debug_aranges
                0x00001048       0x38 .\CortexM3\ARM_GCC_541\Debug\ZumoBot.a(I2C_PM.o)
 .debug_aranges
                0x00001080       0x80 .\CortexM3\ARM_GCC_541\Debug\ZumoBot.a(I2C_MASTER.o)
 .debug_aranges
                0x00001100       0xf0 .\CortexM3\ARM_GCC_541\Debug\ZumoBot.a(UART_1.o)
 .debug_aranges
                0x000011f0       0x38 .\CortexM3\ARM_GCC_541\Debug\ZumoBot.a(BatteryLed.o)
 .debug_aranges
                0x00001228       0x80 .\CortexM3\ARM_GCC_541\Debug\ZumoBot.a(Buzzer_PWM.o)
 .debug_aranges
                0x000012a8       0x38 .\CortexM3\ARM_GCC_541\Debug\ZumoBot.a(SW1.o)
 .debug_aranges
                0x000012e0       0xf0 .\CortexM3\ARM_GCC_541\Debug\ZumoBot.a(UART_2.o)
 .debug_aranges
                0x000013d0       0x80 .\CortexM3\ARM_GCC_541\Debug\ZumoBot.a(isr_U2_TX.o)
 .debug_aranges
                0x00001450       0x80 .\CortexM3\ARM_GCC_541\Debug\ZumoBot.a(isr_U2_RX.o)
 .debug_aranges
                0x000014d0       0x98 .\CortexM3\ARM_GCC_541\Debug\ZumoBot.a(StatisticsCounter.o)
 .debug_aranges
                0x00001568       0x38 .\CortexM3\ARM_GCC_541\Debug\ZumoBot.a(RST_E.o)
 .debug_aranges
                0x000015a0       0x80 .\CortexM3\ARM_GCC_541\Debug\ZumoBot.a(isr_U1_TX.o)
 .debug_aranges
                0x00001620       0x80 .\CortexM3\ARM_GCC_541\Debug\ZumoBot.a(isr_U1_RX.o)
 .debug_aranges
                0x000016a0       0x70 .\CortexM3\ARM_GCC_541\Debug\ZumoBot.a(UART_1_IntClock.o)
 .debug_aranges
                0x00001710       0x70 .\CortexM3\ARM_GCC_541\Debug\ZumoBot.a(UART_2_IntClock.o)
 .debug_aranges
                0x00001780      0x2a0 .\CortexM3\ARM_GCC_541\Debug\ZumoBot.a(CyLib.o)
 .debug_aranges
                0x00001a20       0x98 .\CortexM3\ARM_GCC_541\Debug\ZumoBot.a(cyPm.o)
 .debug_aranges
                0x00001ab8       0x20 .\CortexM3\ARM_GCC_541\Debug\ZumoBot.a(CyBootAsmGnu.o)
 .debug_aranges
                0x00001ad8       0x88 .\CortexM3\ARM_GCC_541\Debug\ZumoBot.a(CyFlash.o)
 .debug_aranges
                0x00001b60       0x80 .\CortexM3\ARM_GCC_541\Debug\ZumoBot.a(CySpc.o)

.debug_pubnames
 *(.debug_pubnames)

.debug_info     0x00000000    0x1a12d
 *(.debug_info .gnu.linkonce.wi.*)
 .debug_info    0x00000000      0x195 .\CortexM3\ARM_GCC_541\Debug\Beep.o
 .debug_info    0x00000195      0x3d5 .\CortexM3\ARM_GCC_541\Debug\Gyro.o
 .debug_info    0x0000056a      0x146 .\CortexM3\ARM_GCC_541\Debug\Magnet.o
 .debug_info    0x000006b0      0x1d8 .\CortexM3\ARM_GCC_541\Debug\Motor.o
 .debug_info    0x00000888      0x2b5 .\CortexM3\ARM_GCC_541\Debug\Nunchuk.o
 .debug_info    0x00000b3d      0x298 .\CortexM3\ARM_GCC_541\Debug\I2C_Common.o
 .debug_info    0x00000dd5      0x151 .\CortexM3\ARM_GCC_541\Debug\LSM303D.o
 .debug_info    0x00000f26      0x8a0 .\CortexM3\ARM_GCC_541\Debug\debug_uart.o
 .debug_info    0x000017c6     0x1bd1 .\CortexM3\ARM_GCC_541\Debug\esp8266_socket.o
 .debug_info    0x00003397      0x3c3 .\CortexM3\ARM_GCC_541\Debug\rtos_main.o
 .debug_info    0x0000375a      0x64a .\CortexM3\ARM_GCC_541\Debug\serial.o
 .debug_info    0x00003da4      0xd0a .\CortexM3\ARM_GCC_541\Debug\mqtt_sender.o
 .debug_info    0x00004aae      0x4f4 .\CortexM3\ARM_GCC_541\Debug\serial1.o
 .debug_info    0x00004fa2       0xae .\CortexM3\ARM_GCC_541\Debug\Reflectance.o
 .debug_info    0x00005050      0x8e7 .\CortexM3\ARM_GCC_541\Debug\simulator.o
 .debug_info    0x00005937     0x1cfb .\CortexM3\ARM_GCC_541\Debug\MQTTClient.o
 .debug_info    0x00007632      0x87b .\CortexM3\ARM_GCC_541\Debug\MQTTFreeRTOS.o
 .debug_info    0x00007ead      0x8ad .\CortexM3\ARM_GCC_541\Debug\MQTTConnectClient.o
 .debug_info    0x0000875a      0x766 .\CortexM3\ARM_GCC_541\Debug\MQTTConnectServer.o
 .debug_info    0x00008ec0      0x434 .\CortexM3\ARM_GCC_541\Debug\MQTTDeserializePublish.o
 .debug_info    0x000092f4      0x79d .\CortexM3\ARM_GCC_541\Debug\MQTTFormat.o
 .debug_info    0x00009a91      0x9ad .\CortexM3\ARM_GCC_541\Debug\MQTTPacket.o
 .debug_info    0x0000a43e      0x636 .\CortexM3\ARM_GCC_541\Debug\MQTTSerializePublish.o
 .debug_info    0x0000aa74      0x528 .\CortexM3\ARM_GCC_541\Debug\MQTTSubscribeClient.o
 .debug_info    0x0000af9c      0x47d .\CortexM3\ARM_GCC_541\Debug\MQTTSubscribeServer.o
 .debug_info    0x0000b419      0x479 .\CortexM3\ARM_GCC_541\Debug\MQTTUnsubscribeClient.o
 .debug_info    0x0000b892      0x41c .\CortexM3\ARM_GCC_541\Debug\MQTTUnsubscribeServer.o
 .debug_info    0x0000bcae       0xae .\CortexM3\ARM_GCC_541\Debug\croutine.o
 .debug_info    0x0000bd5c      0x99a .\CortexM3\ARM_GCC_541\Debug\event_groups.o
 .debug_info    0x0000c6f6      0x2df .\CortexM3\ARM_GCC_541\Debug\list.o
 .debug_info    0x0000c9d5     0x1951 .\CortexM3\ARM_GCC_541\Debug\queue.o
 .debug_info    0x0000e326     0x1236 .\CortexM3\ARM_GCC_541\Debug\stream_buffer.o
 .debug_info    0x0000f55c     0x2f3d .\CortexM3\ARM_GCC_541\Debug\tasks.o
 .debug_info    0x00012499       0xae .\CortexM3\ARM_GCC_541\Debug\timers.o
 .debug_info    0x00012547      0x363 .\CortexM3\ARM_GCC_541\Debug\port.o
 .debug_info    0x000128aa      0x38c .\CortexM3\ARM_GCC_541\Debug\heap_2.o
 .debug_info    0x00012c36       0xfc .\CortexM3\ARM_GCC_541\Debug\main.o
 .debug_info    0x00012d32      0x7d0 .\CortexM3\ARM_GCC_541\Debug\evgenii.o
 .debug_info    0x00013502      0x652 .\CortexM3\ARM_GCC_541\Debug\Dongbin.o
 .debug_info    0x00013b54       0xae .\CortexM3\ARM_GCC_541\Debug\aneta.o
 .debug_info    0x00013c02      0x69a .\CortexM3\ARM_GCC_541\Debug\cyfitter_cfg.o
 .debug_info    0x0001429c      0x139 .\CortexM3\ARM_GCC_541\Debug\cymetadata.o
 .debug_info    0x000143d5      0x3bb .\CortexM3\ARM_GCC_541\Debug\Cm3Start.o
 .debug_info    0x00014790      0x2ad .\CortexM3\ARM_GCC_541\Debug\ZumoBot.a(I2C.o)
 .debug_info    0x00014a3d      0x184 .\CortexM3\ARM_GCC_541\Debug\ZumoBot.a(I2C_INT.o)
 .debug_info    0x00014bc1      0x207 .\CortexM3\ARM_GCC_541\Debug\ZumoBot.a(I2C_PM.o)
 .debug_info    0x00014dc8      0x407 .\CortexM3\ARM_GCC_541\Debug\ZumoBot.a(I2C_MASTER.o)
 .debug_info    0x000151cf      0x60c .\CortexM3\ARM_GCC_541\Debug\ZumoBot.a(UART_1.o)
 .debug_info    0x000157db      0x11f .\CortexM3\ARM_GCC_541\Debug\ZumoBot.a(BatteryLed.o)
 .debug_info    0x000158fa      0x279 .\CortexM3\ARM_GCC_541\Debug\ZumoBot.a(Buzzer_PWM.o)
 .debug_info    0x00015b73      0x11f .\CortexM3\ARM_GCC_541\Debug\ZumoBot.a(SW1.o)
 .debug_info    0x00015c92      0x60c .\CortexM3\ARM_GCC_541\Debug\ZumoBot.a(UART_2.o)
 .debug_info    0x0001629e      0x2d2 .\CortexM3\ARM_GCC_541\Debug\ZumoBot.a(isr_U2_TX.o)
 .debug_info    0x00016570      0x2d2 .\CortexM3\ARM_GCC_541\Debug\ZumoBot.a(isr_U2_RX.o)
 .debug_info    0x00016842      0x343 .\CortexM3\ARM_GCC_541\Debug\ZumoBot.a(StatisticsCounter.o)
 .debug_info    0x00016b85      0x11f .\CortexM3\ARM_GCC_541\Debug\ZumoBot.a(RST_E.o)
 .debug_info    0x00016ca4      0x2d2 .\CortexM3\ARM_GCC_541\Debug\ZumoBot.a(isr_U1_TX.o)
 .debug_info    0x00016f76      0x2d2 .\CortexM3\ARM_GCC_541\Debug\ZumoBot.a(isr_U1_RX.o)
 .debug_info    0x00017248      0x283 .\CortexM3\ARM_GCC_541\Debug\ZumoBot.a(UART_1_IntClock.o)
 .debug_info    0x000174cb      0x283 .\CortexM3\ARM_GCC_541\Debug\ZumoBot.a(UART_2_IntClock.o)
 .debug_info    0x0001774e     0x1374 .\CortexM3\ARM_GCC_541\Debug\ZumoBot.a(CyLib.o)
 .debug_info    0x00018ac2      0xa2a .\CortexM3\ARM_GCC_541\Debug\ZumoBot.a(cyPm.o)
 .debug_info    0x000194ec       0xa4 .\CortexM3\ARM_GCC_541\Debug\ZumoBot.a(CyBootAsmGnu.o)
 .debug_info    0x00019590      0x64d .\CortexM3\ARM_GCC_541\Debug\ZumoBot.a(CyFlash.o)
 .debug_info    0x00019bdd      0x550 .\CortexM3\ARM_GCC_541\Debug\ZumoBot.a(CySpc.o)

.debug_abbrev   0x00000000     0x5f70
 *(.debug_abbrev)
 .debug_abbrev  0x00000000       0xda .\CortexM3\ARM_GCC_541\Debug\Beep.o
 .debug_abbrev  0x000000da      0x169 .\CortexM3\ARM_GCC_541\Debug\Gyro.o
 .debug_abbrev  0x00000243       0xcb .\CortexM3\ARM_GCC_541\Debug\Magnet.o
 .debug_abbrev  0x0000030e       0xad .\CortexM3\ARM_GCC_541\Debug\Motor.o
 .debug_abbrev  0x000003bb       0xf5 .\CortexM3\ARM_GCC_541\Debug\Nunchuk.o
 .debug_abbrev  0x000004b0       0xf3 .\CortexM3\ARM_GCC_541\Debug\I2C_Common.o
 .debug_abbrev  0x000005a3       0xb9 .\CortexM3\ARM_GCC_541\Debug\LSM303D.o
 .debug_abbrev  0x0000065c      0x26a .\CortexM3\ARM_GCC_541\Debug\debug_uart.o
 .debug_abbrev  0x000008c6      0x3cb .\CortexM3\ARM_GCC_541\Debug\esp8266_socket.o
 .debug_abbrev  0x00000c91      0x1b6 .\CortexM3\ARM_GCC_541\Debug\rtos_main.o
 .debug_abbrev  0x00000e47      0x127 .\CortexM3\ARM_GCC_541\Debug\serial.o
 .debug_abbrev  0x00000f6e      0x2bc .\CortexM3\ARM_GCC_541\Debug\mqtt_sender.o
 .debug_abbrev  0x0000122a      0x127 .\CortexM3\ARM_GCC_541\Debug\serial1.o
 .debug_abbrev  0x00001351       0x4b .\CortexM3\ARM_GCC_541\Debug\Reflectance.o
 .debug_abbrev  0x0000139c      0x29c .\CortexM3\ARM_GCC_541\Debug\simulator.o
 .debug_abbrev  0x00001638      0x39b .\CortexM3\ARM_GCC_541\Debug\MQTTClient.o
 .debug_abbrev  0x000019d3      0x1a7 .\CortexM3\ARM_GCC_541\Debug\MQTTFreeRTOS.o
 .debug_abbrev  0x00001b7a      0x1c1 .\CortexM3\ARM_GCC_541\Debug\MQTTConnectClient.o
 .debug_abbrev  0x00001d3b      0x1b6 .\CortexM3\ARM_GCC_541\Debug\MQTTConnectServer.o
 .debug_abbrev  0x00001ef1      0x190 .\CortexM3\ARM_GCC_541\Debug\MQTTDeserializePublish.o
 .debug_abbrev  0x00002081      0x131 .\CortexM3\ARM_GCC_541\Debug\MQTTFormat.o
 .debug_abbrev  0x000021b2      0x2f3 .\CortexM3\ARM_GCC_541\Debug\MQTTPacket.o
 .debug_abbrev  0x000024a5      0x1a2 .\CortexM3\ARM_GCC_541\Debug\MQTTSerializePublish.o
 .debug_abbrev  0x00002647      0x1c0 .\CortexM3\ARM_GCC_541\Debug\MQTTSubscribeClient.o
 .debug_abbrev  0x00002807      0x1b5 .\CortexM3\ARM_GCC_541\Debug\MQTTSubscribeServer.o
 .debug_abbrev  0x000029bc      0x1a4 .\CortexM3\ARM_GCC_541\Debug\MQTTUnsubscribeClient.o
 .debug_abbrev  0x00002b60      0x1b5 .\CortexM3\ARM_GCC_541\Debug\MQTTUnsubscribeServer.o
 .debug_abbrev  0x00002d15       0x4b .\CortexM3\ARM_GCC_541\Debug\croutine.o
 .debug_abbrev  0x00002d60      0x226 .\CortexM3\ARM_GCC_541\Debug\event_groups.o
 .debug_abbrev  0x00002f86       0xf6 .\CortexM3\ARM_GCC_541\Debug\list.o
 .debug_abbrev  0x0000307c      0x2ce .\CortexM3\ARM_GCC_541\Debug\queue.o
 .debug_abbrev  0x0000334a      0x25d .\CortexM3\ARM_GCC_541\Debug\stream_buffer.o
 .debug_abbrev  0x000035a7      0x3d8 .\CortexM3\ARM_GCC_541\Debug\tasks.o
 .debug_abbrev  0x0000397f       0x4b .\CortexM3\ARM_GCC_541\Debug\timers.o
 .debug_abbrev  0x000039ca      0x1db .\CortexM3\ARM_GCC_541\Debug\port.o
 .debug_abbrev  0x00003ba5      0x1b9 .\CortexM3\ARM_GCC_541\Debug\heap_2.o
 .debug_abbrev  0x00003d5e       0xb0 .\CortexM3\ARM_GCC_541\Debug\main.o
 .debug_abbrev  0x00003e0e      0x147 .\CortexM3\ARM_GCC_541\Debug\evgenii.o
 .debug_abbrev  0x00003f55      0x100 .\CortexM3\ARM_GCC_541\Debug\Dongbin.o
 .debug_abbrev  0x00004055       0x4b .\CortexM3\ARM_GCC_541\Debug\aneta.o
 .debug_abbrev  0x000040a0      0x20d .\CortexM3\ARM_GCC_541\Debug\cyfitter_cfg.o
 .debug_abbrev  0x000042ad       0x77 .\CortexM3\ARM_GCC_541\Debug\cymetadata.o
 .debug_abbrev  0x00004324      0x1e8 .\CortexM3\ARM_GCC_541\Debug\Cm3Start.o
 .debug_abbrev  0x0000450c      0x10a .\CortexM3\ARM_GCC_541\Debug\ZumoBot.a(I2C.o)
 .debug_abbrev  0x00004616       0xb6 .\CortexM3\ARM_GCC_541\Debug\ZumoBot.a(I2C_INT.o)
 .debug_abbrev  0x000046cc       0xfe .\CortexM3\ARM_GCC_541\Debug\ZumoBot.a(I2C_PM.o)
 .debug_abbrev  0x000047ca      0x13c .\CortexM3\ARM_GCC_541\Debug\ZumoBot.a(I2C_MASTER.o)
 .debug_abbrev  0x00004906      0x175 .\CortexM3\ARM_GCC_541\Debug\ZumoBot.a(UART_1.o)