Archive member included to satisfy reference by file (symbol)

.\CortexM3\ARM_GCC_541\Debug\ZumoBot.a(I2C.o)
                              .\CortexM3\ARM_GCC_541\Debug\Nunchuk.o (I2C_Start)
.\CortexM3\ARM_GCC_541\Debug\ZumoBot.a(I2C_INT.o)
                              .\CortexM3\ARM_GCC_541\Debug\ZumoBot.a(I2C.o) (I2C_ISR)
.\CortexM3\ARM_GCC_541\Debug\ZumoBot.a(I2C_PM.o)
                              .\CortexM3\ARM_GCC_541\Debug\ZumoBot.a(I2C.o) (I2C_backup)
.\CortexM3\ARM_GCC_541\Debug\ZumoBot.a(I2C_MASTER.o)
                              .\CortexM3\ARM_GCC_541\Debug\Nunchuk.o (I2C_MasterWriteBuf)
.\CortexM3\ARM_GCC_541\Debug\ZumoBot.a(UART_1.o)
                              .\CortexM3\ARM_GCC_541\Debug\rtos_main.o (UART_1_Start)
.\CortexM3\ARM_GCC_541\Debug\ZumoBot.a(BatteryLed.o)
                              .\CortexM3\ARM_GCC_541\Debug\evgenii.o (BatteryLed_Write)
.\CortexM3\ARM_GCC_541\Debug\ZumoBot.a(Buzzer_PWM.o)
                              .\CortexM3\ARM_GCC_541\Debug\Beep.o (Buzzer_PWM_Stop)
.\CortexM3\ARM_GCC_541\Debug\ZumoBot.a(SW1.o)
                              .\CortexM3\ARM_GCC_541\Debug\evgenii.o (SW1_Read)
.\CortexM3\ARM_GCC_541\Debug\ZumoBot.a(UART_2.o)
                              .\CortexM3\ARM_GCC_541\Debug\rtos_main.o (UART_2_Start)
.\CortexM3\ARM_GCC_541\Debug\ZumoBot.a(isr_U2_TX.o)
                              .\CortexM3\ARM_GCC_541\Debug\serial.o (isr_U2_TX_StartEx)
.\CortexM3\ARM_GCC_541\Debug\ZumoBot.a(isr_U2_RX.o)
                              .\CortexM3\ARM_GCC_541\Debug\serial.o (isr_U2_RX_StartEx)
.\CortexM3\ARM_GCC_541\Debug\ZumoBot.a(StatisticsCounter.o)
                              .\CortexM3\ARM_GCC_541\Debug\tasks.o (StatisticsCounter_ReadCounter)
.\CortexM3\ARM_GCC_541\Debug\ZumoBot.a(RST_E.o)
                              .\CortexM3\ARM_GCC_541\Debug\esp8266_socket.o (RST_E_Write)
.\CortexM3\ARM_GCC_541\Debug\ZumoBot.a(isr_U1_TX.o)
                              .\CortexM3\ARM_GCC_541\Debug\serial1.o (isr_U1_TX_StartEx)
.\CortexM3\ARM_GCC_541\Debug\ZumoBot.a(isr_U1_RX.o)
                              .\CortexM3\ARM_GCC_541\Debug\serial1.o (isr_U1_RX_StartEx)
.\CortexM3\ARM_GCC_541\Debug\ZumoBot.a(UART_1_IntClock.o)
                              .\CortexM3\ARM_GCC_541\Debug\ZumoBot.a(UART_1.o) (UART_1_IntClock_Start)
.\CortexM3\ARM_GCC_541\Debug\ZumoBot.a(UART_2_IntClock.o)
                              .\CortexM3\ARM_GCC_541\Debug\ZumoBot.a(UART_2.o) (UART_2_IntClock_Start)
.\CortexM3\ARM_GCC_541\Debug\ZumoBot.a(CyLib.o)
                              .\CortexM3\ARM_GCC_541\Debug\Cm3Start.o (CyHalt)
.\CortexM3\ARM_GCC_541\Debug\ZumoBot.a(cyPm.o)
                              .\CortexM3\ARM_GCC_541\Debug\ZumoBot.a(CyLib.o) (CyPmReadStatus)
.\CortexM3\ARM_GCC_541\Debug\ZumoBot.a(CyBootAsmGnu.o)
                              .\CortexM3\ARM_GCC_541\Debug\cyfitter_cfg.o (CyDelayCycles)
.\CortexM3\ARM_GCC_541\Debug\ZumoBot.a(CyFlash.o)
                              .\CortexM3\ARM_GCC_541\Debug\ZumoBot.a(cyPm.o) (CyFlash_SetWaitCycles)
.\CortexM3\ARM_GCC_541\Debug\ZumoBot.a(CySpc.o)
                              .\CortexM3\ARM_GCC_541\Debug\ZumoBot.a(CyFlash.o) (CySpcStart)
c:/program files (x86)/cypress/psoc creator/4.2/psoc creator/import/gnu/arm/5.4.1/bin/../lib/gcc/arm-none-eabi/5.4.1/../../../../arm-none-eabi/lib/armv7-m\libm.a(lib_a-w_atan2.o)
                              .\CortexM3\ARM_GCC_541\Debug\Magnet.o (atan2)
c:/program files (x86)/cypress/psoc creator/4.2/psoc creator/import/gnu/arm/5.4.1/bin/../lib/gcc/arm-none-eabi/5.4.1/../../../../arm-none-eabi/lib/armv7-m\libm.a(lib_a-e_atan2.o)
                              c:/program files (x86)/cypress/psoc creator/4.2/psoc creator/import/gnu/arm/5.4.1/bin/../lib/gcc/arm-none-eabi/5.4.1/../../../../arm-none-eabi/lib/armv7-m\libm.a(lib_a-w_atan2.o) (__ieee754_atan2)
c:/program files (x86)/cypress/psoc creator/4.2/psoc creator/import/gnu/arm/5.4.1/bin/../lib/gcc/arm-none-eabi/5.4.1/../../../../arm-none-eabi/lib/armv7-m\libm.a(lib_a-s_atan.o)
                              c:/program files (x86)/cypress/psoc creator/4.2/psoc creator/import/gnu/arm/5.4.1/bin/../lib/gcc/arm-none-eabi/5.4.1/../../../../arm-none-eabi/lib/armv7-m\libm.a(lib_a-e_atan2.o) (atan)
c:/program files (x86)/cypress/psoc creator/4.2/psoc creator/import/gnu/arm/5.4.1/bin/../lib/gcc/arm-none-eabi/5.4.1/../../../../arm-none-eabi/lib/armv7-m\libm.a(lib_a-s_fabs.o)
                              c:/program files (x86)/cypress/psoc creator/4.2/psoc creator/import/gnu/arm/5.4.1/bin/../lib/gcc/arm-none-eabi/5.4.1/../../../../arm-none-eabi/lib/armv7-m\libm.a(lib_a-e_atan2.o) (fabs)
c:/program files (x86)/cypress/psoc creator/4.2/psoc creator/import/gnu/arm/5.4.1/bin/../lib/gcc/arm-none-eabi/5.4.1/armv7-m\libgcc.a(_arm_addsubdf3.o)
[...]
Memory Configuration

Name             Origin             Length             Attributes
rom              0x00000000         0x00040000         xr
ram              0x1fff8000         0x00010000         xrw
*default*        0x00000000         0xffffffff

Linker script and memory map

LOAD c:/program files (x86)/cypress/psoc creator/4.2/psoc creator/import/gnu/arm/5.4.1/bin/../lib/gcc/arm-none-eabi/5.4.1/armv7-m/crti.o
LOAD c:/program files (x86)/cypress/psoc creator/4.2/psoc creator/import/gnu/arm/5.4.1/bin/../lib/gcc/arm-none-eabi/5.4.1/armv7-m/crtbegin.o
LOAD c:/program files (x86)/cypress/psoc creator/4.2/psoc creator/import/gnu/arm/5.4.1/bin/../lib/gcc/arm-none-eabi/5.4.1/../../../../arm-none-eabi/lib/armv7-m/crt0.o
START GROUP
LOAD .\CortexM3\ARM_GCC_541\Debug\Beep.o
LOAD .\CortexM3\ARM_GCC_541\Debug\Gyro.o
LOAD .\CortexM3\ARM_GCC_541\Debug\IR.o
LOAD .\CortexM3\ARM_GCC_541\Debug\Magnet.o
LOAD .\CortexM3\ARM_GCC_541\Debug\Motor.o
LOAD .\CortexM3\ARM_GCC_541\Debug\Nunchuk.o
LOAD .\CortexM3\ARM_GCC_541\Debug\Ultra.o
LOAD .\CortexM3\ARM_GCC_541\Debug\Retarget.o
LOAD .\CortexM3\ARM_GCC_541\Debug\I2C_Common.o
LOAD .\CortexM3\ARM_GCC_541\Debug\LSM303D.o
LOAD .\CortexM3\ARM_GCC_541\Debug\debug_uart.o
LOAD .\CortexM3\ARM_GCC_541\Debug\esp8266_socket.o
LOAD .\CortexM3\ARM_GCC_541\Debug\rtos_main.o
LOAD .\CortexM3\ARM_GCC_541\Debug\serial.o
LOAD .\CortexM3\ARM_GCC_541\Debug\mqtt_sender.o
LOAD .\CortexM3\ARM_GCC_541\Debug\serial1.o
LOAD .\CortexM3\ARM_GCC_541\Debug\Reflectance.o
LOAD .\CortexM3\ARM_GCC_541\Debug\simulator.o
LOAD .\CortexM3\ARM_GCC_541\Debug\MQTTClient.o
LOAD .\CortexM3\ARM_GCC_541\Debug\MQTTFreeRTOS.o
LOAD .\CortexM3\ARM_GCC_541\Debug\MQTTConnectClient.o
LOAD .\CortexM3\ARM_GCC_541\Debug\MQTTConnectServer.o
LOAD .\CortexM3\ARM_GCC_541\Debug\MQTTDeserializePublish.o
LOAD .\CortexM3\ARM_GCC_541\Debug\MQTTFormat.o
LOAD .\CortexM3\ARM_GCC_541\Debug\MQTTPacket.o
LOAD .\CortexM3\ARM_GCC_541\Debug\MQTTSerializePublish.o
LOAD .\CortexM3\ARM_GCC_541\Debug\MQTTSubscribeClient.o
LOAD .\CortexM3\ARM_GCC_541\Debug\MQTTSubscribeServer.o
LOAD .\CortexM3\ARM_GCC_541\Debug\MQTTUnsubscribeClient.o
LOAD .\CortexM3\ARM_GCC_541\Debug\MQTTUnsubscribeServer.o
LOAD .\CortexM3\ARM_GCC_541\Debug\croutine.o
LOAD .\CortexM3\ARM_GCC_541\Debug\event_groups.o
LOAD .\CortexM3\ARM_GCC_541\Debug\list.o
LOAD .\CortexM3\ARM_GCC_541\Debug\queue.o
LOAD .\CortexM3\ARM_GCC_541\Debug\stream_buffer.o
LOAD .\CortexM3\ARM_GCC_541\Debug\tasks.o
LOAD .\CortexM3\ARM_GCC_541\Debug\timers.o
LOAD .\CortexM3\ARM_GCC_541\Debug\port.o
LOAD .\CortexM3\ARM_GCC_541\Debug\heap_2.o
LOAD .\CortexM3\ARM_GCC_541\Debug\main.o
LOAD .\CortexM3\ARM_GCC_541\Debug\evgenii.o
LOAD .\CortexM3\ARM_GCC_541\Debug\Dongbin.o
LOAD .\CortexM3\ARM_GCC_541\Debug\aneta.o
LOAD .\CortexM3\ARM_GCC_541\Debug\group6_submitting.o
LOAD .\CortexM3\ARM_GCC_541\Debug\cyfitter_cfg.o
LOAD .\CortexM3\ARM_GCC_541\Debug\cymetadata.o
LOAD .\CortexM3\ARM_GCC_541\Debug\Cm3Start.o
LOAD .\CortexM3\ARM_GCC_541\Debug\ZumoBot.a
LOAD C:\Program Files (x86)\Cypress\PSoC Creator\4.2\PSoC Creator\psoc\content\cycomponentlibrary\CyComponentLibrary.cylib\CortexM3\ARM_GCC_541\Debug\CyComponentLibrary.a
LOAD c:/program files (x86)/cypress/psoc creator/4.2/psoc creator/import/gnu/arm/5.4.1/bin/../lib/gcc/arm-none-eabi/5.4.1/../../../../arm-none-eabi/lib/armv7-m\libm.a
END GROUP
START GROUP
LOAD c:/program files (x86)/cypress/psoc creator/4.2/psoc creator/import/gnu/arm/5.4.1/bin/../lib/gcc/arm-none-eabi/5.4.1/armv7-m\libgcc.a
LOAD c:/program files (x86)/cypress/psoc creator/4.2/psoc creator/import/gnu/arm/5.4.1/bin/../lib/gcc/arm-none-eabi/5.4.1/../../../../arm-none-eabi/lib/armv7-m\libg.a
LOAD c:/program files (x86)/cypress/psoc creator/4.2/psoc creator/import/gnu/arm/5.4.1/bin/../lib/gcc/arm-none-eabi/5.4.1/../../../../arm-none-eabi/lib/armv7-m\libc.a
END GROUP
LOAD c:/program files (x86)/cypress/psoc creator/4.2/psoc creator/import/gnu/arm/5.4.1/bin/../lib/gcc/arm-none-eabi/5.4.1/armv7-m/crtend.o
LOAD c:/program files (x86)/cypress/psoc creator/4.2/psoc creator/import/gnu/arm/5.4.1/bin/../lib/gcc/arm-none-eabi/5.4.1/armv7-m/crtn.o
START GROUP
LOAD c:/program files (x86)/cypress/psoc creator/4.2/psoc creator/import/gnu/arm/5.4.1/bin/../lib/gcc/arm-none-eabi/5.4.1/armv7-m\libgcc.a
LOAD c:/program files (x86)/cypress/psoc creator/4.2/psoc creator/import/gnu/arm/5.4.1/bin/../lib/gcc/arm-none-eabi/5.4.1/../../../../arm-none-eabi/lib/armv7-m\libc.a
LOAD c:/program files (x86)/cypress/psoc creator/4.2/psoc creator/import/gnu/arm/5.4.1/bin/../lib/gcc/arm-none-eabi/5.4.1/../../../../arm-none-eabi/lib/armv7-m\libnosys.a
END GROUP
                0x00000000                CY_APPL_ORIGIN = 0x0
                0x00000100                CY_FLASH_ROW_SIZE = 0x100
                0x00000020                CY_ECC_ROW_SIZE = 0x20
                0x00000000                CY_EE_IN_BTLDR = 0x0
                0x00000000                CY_APPL_LOADABLE = 0x0
                0x00000800                CY_EE_SIZE = 0x800
                0x00000001                CY_APPL_NUM = 0x1
                0x00000001                CY_APPL_MAX = 0x1
                0x00000040                CY_METADATA_SIZE = 0x40
                0x00000000                CY_APPL_LOADABLE = 0x0
                0x00000000                CY_CHECKSUM_EXCLUDE_SIZE = ALIGN (0x0, CY_FLASH_ROW_SIZE)
                [!provide]                PROVIDE (__cy_heap_start, _end)
                0x00000001                PROVIDE (__cy_region_num, ((__cy_regions_end - __cy_regions) / 0x10))
                0x20008000                PROVIDE (__cy_stack, (ORIGIN (ram) + LENGTH (ram)))
                [!provide]                PROVIDE (__cy_heap_end, (__cy_stack - 0x800))

.cybootloader   0x00000000        0x0
 *(.cybootloader)
                0x00000000                appl1_start = CY_APPL_ORIGIN?CY_APPL_ORIGIN:ALIGN (CY_FLASH_ROW_SIZE)
                0x0001ff00                appl2_start = (appl1_start + ALIGN ((((LENGTH (rom) - appl1_start) - (0x2 * CY_FLASH_ROW_SIZE)) / 0x2), CY_FLASH_ROW_SIZE))
                0x00000000                appl_start = (CY_APPL_NUM == 0x1)?appl1_start:appl2_start
                0x00000000                ecc_offset = ((appl_start / CY_FLASH_ROW_SIZE) * CY_ECC_ROW_SIZE)
                0x00000000                ee_offset = (CY_APPL_LOADABLE && ! (CY_EE_IN_BTLDR))?((CY_EE_SIZE / CY_APPL_MAX) * (CY_APPL_NUM - 0x1)):0x0
                0x00000800                ee_size = (CY_APPL_LOADABLE && ! (CY_EE_IN_BTLDR))?(CY_EE_SIZE / CY_APPL_MAX):CY_EE_SIZE
                [!provide]                PROVIDE (CY_ECC_OFFSET, ecc_offset)

.text           0x00000000     0x7f40
 CREATE_OBJECT_SYMBOLS
                0x00000000                PROVIDE (__cy_interrupt_vector, RomVectors)
 *(.romvectors)
 .romvectors    0x00000000       0x10 .\CortexM3\ARM_GCC_541\Debug\Cm3Start.o
                0x00000000                RomVectors
                0x00000001                ASSERT ((. != __cy_interrupt_vector), No interrupt vector)
                0x00000001                ASSERT (CY_APPL_ORIGIN?(SIZEOF (.cybootloader) <= CY_APPL_ORIGIN):0x1, Wrong image location)
                0x00000010                PROVIDE (__cy_reset, Reset)
 *(.text.Reset)
 .text.Reset    0x00000010       0x18 .\CortexM3\ARM_GCC_541\Debug\Cm3Start.o
                0x00000010                Reset
                0x00000001                ASSERT ((. != __cy_reset), No reset code)
 *(.dma_init)
                0x00000001                ASSERT ((((appl_start + .) <= 0x10000) || 0x1), DMA Init must be within the first 64k of flash)
 *(.text .text.* .gnu.linkonce.t.*)
 .text          0x00000028       0x5c c:/program files (x86)/cypress/psoc creator/4.2/psoc creator/import/gnu/arm/5.4.1/bin/../lib/gcc/arm-none-eabi/5.4.1/armv7-m/crtbegin.o
 .text.motor_forward
                0x00000084       0x18 .\CortexM3\ARM_GCC_541\Debug\Motor.o
                0x00000084                motor_forward
 .text.start_zmain
                0x0000009c       0x18 .\CortexM3\ARM_GCC_541\Debug\rtos_main.o
 .text.prvHardwareSetup
                0x000000b4       0x2c .\CortexM3\ARM_GCC_541\Debug\rtos_main.o
 .text.main     0x000000e0       0x78 .\CortexM3\ARM_GCC_541\Debug\rtos_main.o
                0x000000e0                main
 .text.vApplicationStackOverflowHook
                0x00000158       0x14 .\CortexM3\ARM_GCC_541\Debug\rtos_main.o
                0x00000158                vApplicationStackOverflowHook
 .text.vApplicationMallocFailedHook
                0x0000016c       0x14 .\CortexM3\ARM_GCC_541\Debug\rtos_main.o
                0x0000016c                vApplicationMallocFailedHook
 .text.free_buffer
                0x00000180       0x20 .\CortexM3\ARM_GCC_541\Debug\mqtt_sender.o
 .text.MQTTSendTaskInit
                0x000001a0       0x24 .\CortexM3\ARM_GCC_541\Debug\mqtt_sender.o
                0x000001a0                MQTTSendTaskInit
 .text.MQTTSendTask
                0x000001c4       0x94 .\CortexM3\ARM_GCC_541\Debug\mqtt_sender.o
                0x000001c4                MQTTSendTask
 .text.send_mqtt
                0x00000258       0x4c .\CortexM3\ARM_GCC_541\Debug\mqtt_sender.o
                0x00000258                send_mqtt
 .text.print_mqtt
                0x000002a4       0x30 .\CortexM3\ARM_GCC_541\Debug\mqtt_sender.o
                0x000002a4                print_mqtt
 .text.vUart1RxISR
                0x000002d4       0x5c .\CortexM3\ARM_GCC_541\Debug\serial1.o
                0x000002d4                vUart1RxISR
 .text.vUart1TxISR
                0x00000330       0x70 .\CortexM3\ARM_GCC_541\Debug\serial1.o
                0x00000330                vUart1TxISR
 .text.vSerial1PortInitMinimal
                0x000003a0       0x58 .\CortexM3\ARM_GCC_541\Debug\serial1.o
                0x000003a0                vSerial1PortInitMinimal
 .text.xSerial1GetChar
                0x000003f8       0x20 .\CortexM3\ARM_GCC_541\Debug\serial1.o
                0x000003f8                xSerial1GetChar
 .text.xSerial1PutChar
                0x00000418       0x3c .\CortexM3\ARM_GCC_541\Debug\serial1.o
                0x00000418                xSerial1PutChar
 .text.send     0x00000454       0x40 .\CortexM3\ARM_GCC_541\Debug\simulator.o
 .text.SimulatorTaskInit
                0x00000494       0x18 .\CortexM3\ARM_GCC_541\Debug\simulator.o
                0x00000494                SimulatorTaskInit
 .text.SetMotors
                0x000004ac       0x50 .\CortexM3\ARM_GCC_541\Debug\simulator.o
                0x000004ac                SetMotors
 .text.motor_start
                0x000004fc        0xc .\CortexM3\ARM_GCC_541\Debug\simulator.o
                0x000004fc                motor_start
 .text.motor_stop
                0x00000508       0x1c .\CortexM3\ARM_GCC_541\Debug\simulator.o
                0x00000508                motor_stop
 .text.reflectance_start
                0x00000524        0xc .\CortexM3\ARM_GCC_541\Debug\simulator.o
                0x00000524                reflectance_start
 .text.reflectance_digital
                0x00000530       0xb0 .\CortexM3\ARM_GCC_541\Debug\simulator.o
                0x00000530                reflectance_digital
 .text.reflectance_set_threshold
                0x000005e0       0x20 .\CortexM3\ARM_GCC_541\Debug\simulator.o
                0x000005e0                reflectance_set_threshold
 .text.RetargetInit
                0x00000600       0x14 .\CortexM3\ARM_GCC_541\Debug\simulator.o
                0x00000600                RetargetInit
 .text._write   0x00000614       0x58 .\CortexM3\ARM_GCC_541\Debug\simulator.o
                0x00000614                _write
 .text._read    0x0000066c        0x4 .\CortexM3\ARM_GCC_541\Debug\simulator.o
                0x0000066c                _read
 .text.Ultra_Start
                0x00000670        0xc .\CortexM3\ARM_GCC_541\Debug\simulator.o
                0x00000670                Ultra_Start
 .text.IR_Start
                0x0000067c        0xc .\CortexM3\ARM_GCC_541\Debug\simulator.o
                0x0000067c                IR_Start
 .text.IR_flush
                0x00000688       0x20 .\CortexM3\ARM_GCC_541\Debug\simulator.o
                0x00000688                IR_flush
 .text.IR_wait  0x000006a8       0x2c .\CortexM3\ARM_GCC_541\Debug\simulator.o
                0x000006a8                IR_wait
 .text.SimulatorTask
                0x000006d4      0x178 .\CortexM3\ARM_GCC_541\Debug\simulator.o
                0x000006d4                SimulatorTask
 .text.vListInitialise
                0x0000084c       0x18 .\CortexM3\ARM_GCC_541\Debug\list.o
                0x0000084c                vListInitialise
 .text.vListInitialiseItem
                0x00000864        0x8 .\CortexM3\ARM_GCC_541\Debug\list.o
                0x00000864                vListInitialiseItem
 .text.vListInsertEnd
                0x0000086c       0x18 .\CortexM3\ARM_GCC_541\Debug\list.o
                0x0000086c                vListInsertEnd
 .text.vListInsert
                0x00000884       0x34 .\CortexM3\ARM_GCC_541\Debug\list.o
                0x00000884                vListInsert
 .text.uxListRemove
                0x000008b8       0x28 .\CortexM3\ARM_GCC_541\Debug\list.o
                0x000008b8                uxListRemove
 .text.prvGetDisinheritPriorityAfterTimeout
                0x000008e0       0x14 .\CortexM3\ARM_GCC_541\Debug\queue.o
 .text.prvIsQueueFull
                0x000008f4       0x20 .\CortexM3\ARM_GCC_541\Debug\queue.o
 .text.prvIsQueueEmpty
                0x00000914       0x1c .\CortexM3\ARM_GCC_541\Debug\queue.o
 .text.prvCopyDataToQueue
                0x00000930       0x78 .\CortexM3\ARM_GCC_541\Debug\queue.o
 .text.prvCopyDataFromQueue
                0x000009a8       0x24 .\CortexM3\ARM_GCC_541\Debug\queue.o
 .text.prvUnlockQueue
                0x000009cc       0x68 .\CortexM3\ARM_GCC_541\Debug\queue.o
 .text.xQueueGenericReset
                0x00000a34       0x6c .\CortexM3\ARM_GCC_541\Debug\queue.o
                0x00000a34                xQueueGenericReset
 .text.prvInitialiseNewQueue
                0x00000aa0       0x24 .\CortexM3\ARM_GCC_541\Debug\queue.o
 .text.xQueueGenericCreate
                0x00000ac4       0x34 .\CortexM3\ARM_GCC_541\Debug\queue.o
                0x00000ac4                xQueueGenericCreate
 .text.xQueueGenericSend
                0x00000af8      0x108 .\CortexM3\ARM_GCC_541\Debug\queue.o
                0x00000af8                xQueueGenericSend
 .text.prvInitialiseMutex
                0x00000c00       0x18 .\CortexM3\ARM_GCC_541\Debug\queue.o
 .text.xQueueCreateMutex
                0x00000c18       0x18 .\CortexM3\ARM_GCC_541\Debug\queue.o
                0x00000c18                xQueueCreateMutex
 .text.xQueueGenericSendFromISR
                0x00000c30       0x70 .\CortexM3\ARM_GCC_541\Debug\queue.o
                0x00000c30                xQueueGenericSendFromISR
 .text.xQueueReceive
                0x00000ca0       0xf8 .\CortexM3\ARM_GCC_541\Debug\queue.o
                0x00000ca0                xQueueReceive
 .text.xQueueSemaphoreTake
                0x00000d98      0x128 .\CortexM3\ARM_GCC_541\Debug\queue.o
                0x00000d98                xQueueSemaphoreTake
 .text.xQueueReceiveFromISR
                0x00000ec0       0x74 .\CortexM3\ARM_GCC_541\Debug\queue.o
                0x00000ec0                xQueueReceiveFromISR
 .text.prvResetNextTaskUnblockTime
                0x00000f34       0x2c .\CortexM3\ARM_GCC_541\Debug\tasks.o
 .text.prvInitialiseNewTask
                0x00000f60      0x100 .\CortexM3\ARM_GCC_541\Debug\tasks.o
 .text.prvInitialiseTaskLists
                0x00001060       0x58 .\CortexM3\ARM_GCC_541\Debug\tasks.o
 .text.prvAddNewTaskToReadyList
                0x000010b8       0xac .\CortexM3\ARM_GCC_541\Debug\tasks.o
 .text.prvDeleteTCB
                0x00001164       0x18 .\CortexM3\ARM_GCC_541\Debug\tasks.o
 .text.prvCheckTasksWaitingTermination
                0x0000117c       0x44 .\CortexM3\ARM_GCC_541\Debug\tasks.o
 .text.prvIdleTask
                0x000011c0        0x8 .\CortexM3\ARM_GCC_541\Debug\tasks.o
 .text.prvAddCurrentTaskToDelayedList
                0x000011c8       0x84 .\CortexM3\ARM_GCC_541\Debug\tasks.o
 .text.xTaskCreate
                0x0000124c       0x64 .\CortexM3\ARM_GCC_541\Debug\tasks.o
                0x0000124c                xTaskCreate
 .text.vTaskStartScheduler
                0x000012b0       0x6c .\CortexM3\ARM_GCC_541\Debug\tasks.o
                0x000012b0                vTaskStartScheduler
 .text.vTaskSuspendAll
                0x0000131c       0x14 .\CortexM3\ARM_GCC_541\Debug\tasks.o
                0x0000131c                vTaskSuspendAll
 .text.xTaskGetTickCount
                0x00001330        0xc .\CortexM3\ARM_GCC_541\Debug\tasks.o
                0x00001330                xTaskGetTickCount
 .text.xTaskIncrementTick
                0x0000133c      0x108 .\CortexM3\ARM_GCC_541\Debug\tasks.o
                0x0000133c                xTaskIncrementTick
 .text.xTaskResumeAll
                0x00001444       0xd8 .\CortexM3\ARM_GCC_541\Debug\tasks.o
                0x00001444                xTaskResumeAll
 .text.vTaskDelayUntil
                0x0000151c       0x6c .\CortexM3\ARM_GCC_541\Debug\tasks.o
                0x0000151c                vTaskDelayUntil
 .text.vTaskDelay
                0x00001588       0x34 .\CortexM3\ARM_GCC_541\Debug\tasks.o
                0x00001588                vTaskDelay
 .text.vTaskSwitchContext
                0x000015bc       0xd4 .\CortexM3\ARM_GCC_541\Debug\tasks.o
                0x000015bc                vTaskSwitchContext
 .text.vTaskSuspend
                0x00001690       0xc0 .\CortexM3\ARM_GCC_541\Debug\tasks.o
                0x00001690                vTaskSuspend
 .text.vTaskPlaceOnEventList
                0x00001750       0x20 .\CortexM3\ARM_GCC_541\Debug\tasks.o
                0x00001750                vTaskPlaceOnEventList
 .text.xTaskRemoveFromEventList
                0x00001770       0x74 .\CortexM3\ARM_GCC_541\Debug\tasks.o
                0x00001770                xTaskRemoveFromEventList
 .text.vTaskInternalSetTimeOutState
                0x000017e4       0x14 .\CortexM3\ARM_GCC_541\Debug\tasks.o
                0x000017e4                vTaskInternalSetTimeOutState
 .text.xTaskCheckForTimeOut
                0x000017f8       0x58 .\CortexM3\ARM_GCC_541\Debug\tasks.o
                0x000017f8                xTaskCheckForTimeOut
 .text.vTaskMissedYield
                0x00001850       0x10 .\CortexM3\ARM_GCC_541\Debug\tasks.o
                0x00001850                vTaskMissedYield
 .text.xTaskPriorityInherit
                0x00001860       0xd0 .\CortexM3\ARM_GCC_541\Debug\tasks.o
                0x00001860                xTaskPriorityInherit
 .text.xTaskPriorityDisinherit
                0x00001930       0x88 .\CortexM3\ARM_GCC_541\Debug\tasks.o
                0x00001930                xTaskPriorityDisinherit
 .text.vTaskPriorityDisinheritAfterTimeout
                0x000019b8       0xa0 .\CortexM3\ARM_GCC_541\Debug\tasks.o
                0x000019b8                vTaskPriorityDisinheritAfterTimeout
 .text.pvTaskIncrementMutexHeldCount
                0x00001a58       0x20 .\CortexM3\ARM_GCC_541\Debug\tasks.o
                0x00001a58                pvTaskIncrementMutexHeldCount
 .text.prvTaskExitError
                0x00001a78       0x20 .\CortexM3\ARM_GCC_541\Debug\port.o
 .text.prvPortStartFirstTask
                0x00001a98       0x20 .\CortexM3\ARM_GCC_541\Debug\port.o
 .text.pxPortInitialiseStack
                0x00001ab8       0x24 .\CortexM3\ARM_GCC_541\Debug\port.o
                0x00001ab8                pxPortInitialiseStack
 *fill*         0x00001adc        0x4 
 .text.vPortSVCHandler
                0x00001ae0       0x24 .\CortexM3\ARM_GCC_541\Debug\port.o
                0x00001ae0                vPortSVCHandler
 .text.vPortEnterCritical
                0x00001b04       0x20 .\CortexM3\ARM_GCC_541\Debug\port.o
                0x00001b04                vPortEnterCritical
 .text.vPortExitCritical
                0x00001b24       0x14 .\CortexM3\ARM_GCC_541\Debug\port.o
                0x00001b24                vPortExitCritical
 *fill*         0x00001b38        0x8 
 .text.xPortPendSVHandler
                0x00001b40       0x44 .\CortexM3\ARM_GCC_541\Debug\port.o
                0x00001b40                xPortPendSVHandler
 .text.xPortSysTickHandler
                0x00001b84       0x2c .\CortexM3\ARM_GCC_541\Debug\port.o
                0x00001b84                xPortSysTickHandler
 .text.vPortSetupTimerInterrupt
                0x00001bb0       0x24 .\CortexM3\ARM_GCC_541\Debug\port.o
                0x00001bb0                vPortSetupTimerInterrupt
 .text.xPortStartScheduler
                0x00001bd4       0x38 .\CortexM3\ARM_GCC_541\Debug\port.o
                0x00001bd4                xPortStartScheduler
 .text.prvHeapInit
                0x00001c0c       0x30 .\CortexM3\ARM_GCC_541\Debug\heap_2.o
 .text.pvPortMalloc
                0x00001c3c       0xb4 .\CortexM3\ARM_GCC_541\Debug\heap_2.o
                0x00001c3c                pvPortMalloc
 .text.vPortFree
                0x00001cf0       0x44 .\CortexM3\ARM_GCC_541\Debug\heap_2.o
                0x00001cf0                vPortFree
 .text.zmain    0x00001d34       0x10 .\CortexM3\ARM_GCC_541\Debug\main.o
                0x00001d34                zmain
 .text.driveForward
                0x00001d44       0x80 .\CortexM3\ARM_GCC_541\Debug\evgenii.o
                0x00001d44                driveForward
 .text.end      0x00001dc4       0x10 .\CortexM3\ARM_GCC_541\Debug\evgenii.o
                0x00001dc4                end
 .text.startUp  0x00001dd4       0x74 .\CortexM3\ARM_GCC_541\Debug\evgenii.o
                0x00001dd4                startUp
 .text.week5_3_evg
                0x00001e48       0x58 .\CortexM3\ARM_GCC_541\Debug\evgenii.o
                0x00001e48                week5_3_evg
 .text.CyClockStartupError
                0x00001ea0        0x4 .\CortexM3\ARM_GCC_541\Debug\cyfitter_cfg.o
 .text.cfg_write_bytes32
                0x00001ea4       0x34 .\CortexM3\ARM_GCC_541\Debug\cyfitter_cfg.o
 .text.CYMEMZERO
                0x00001ed8        0xc .\CortexM3\ARM_GCC_541\Debug\cyfitter_cfg.o
 .text.AnalogSetDefault
                0x00001ee4       0x80 .\CortexM3\ARM_GCC_541\Debug\cyfitter_cfg.o
 .text.CYCONFIGCPY
                0x00001f64        0x8 .\CortexM3\ARM_GCC_541\Debug\cyfitter_cfg.o
 .text.ClockSetup
                0x00001f6c      0x16c .\CortexM3\ARM_GCC_541\Debug\cyfitter_cfg.o
 .text.cyfitter_cfg
                0x000020d8      0x148 .\CortexM3\ARM_GCC_541\Debug\cyfitter_cfg.o
                0x000020d8                cyfitter_cfg
 .text.IntDefaultHandler
                0x00002220       0x10 .\CortexM3\ARM_GCC_541\Debug\Cm3Start.o
                0x00002220                IntDefaultHandler
 .text._sbrk    0x00002230       0x30 .\CortexM3\ARM_GCC_541\Debug\Cm3Start.o
                0x00002230                _sbrk
 .text.Start_c  0x00002260       0x4c .\CortexM3\ARM_GCC_541\Debug\Cm3Start.o
                0x00002260                Start_c
 .text.initialize_psoc
                0x000022ac       0x68 .\CortexM3\ARM_GCC_541\Debug\Cm3Start.o
                0x000022ac                initialize_psoc
 .text.UART_1_Init
                0x00002314       0x24 .\CortexM3\ARM_GCC_541\Debug\ZumoBot.a(UART_1.o)
                0x00002314                UART_1_Init
 .text.UART_1_Enable
                0x00002338       0x38 .\CortexM3\ARM_GCC_541\Debug\ZumoBot.a(UART_1.o)
                0x00002338                UART_1_Enable
 .text.UART_1_Start
                0x00002370       0x1c .\CortexM3\ARM_GCC_541\Debug\ZumoBot.a(UART_1.o)
                0x00002370                UART_1_Start
 .text.UART_1_ReadRxData
                0x0000238c        0xc .\CortexM3\ARM_GCC_541\Debug\ZumoBot.a(UART_1.o)
                0x0000238c                UART_1_ReadRxData
 .text.UART_1_ReadRxStatus
                0x00002398       0x10 .\CortexM3\ARM_GCC_541\Debug\ZumoBot.a(UART_1.o)
                0x00002398                UART_1_ReadRxStatus
 .text.UART_1_SetTxInterruptMode
                0x000023a8        0xc .\CortexM3\ARM_GCC_541\Debug\ZumoBot.a(UART_1.o)
                0x000023a8                UART_1_SetTxInterruptMode
 .text.UART_1_ReadTxStatus
                0x000023b4        0xc .\CortexM3\ARM_GCC_541\Debug\ZumoBot.a(UART_1.o)
                0x000023b4                UART_1_ReadTxStatus
 .text.UART_1_PutChar
                0x000023c0       0x18 .\CortexM3\ARM_GCC_541\Debug\ZumoBot.a(UART_1.o)
                0x000023c0                UART_1_PutChar
 .text.SW1_Read
                0x000023d8       0x10 .\CortexM3\ARM_GCC_541\Debug\ZumoBot.a(SW1.o)
                0x000023d8                SW1_Read
 .text.UART_2_Init
                0x000023e8       0x28 .\CortexM3\ARM_GCC_541\Debug\ZumoBot.a(UART_2.o)
                0x000023e8                UART_2_Init
 .text.UART_2_Enable
                0x00002410       0x38 .\CortexM3\ARM_GCC_541\Debug\ZumoBot.a(UART_2.o)
                0x00002410                UART_2_Enable
 .text.UART_2_Start
                0x00002448       0x1c .\CortexM3\ARM_GCC_541\Debug\ZumoBot.a(UART_2.o)
                0x00002448                UART_2_Start
 .text.StatisticsCounter_Enable
                0x00002464       0x10 .\CortexM3\ARM_GCC_541\Debug\ZumoBot.a(StatisticsCounter.o)
                0x00002464                StatisticsCounter_Enable
 .text.StatisticsCounter_SetInterruptMode
                0x00002474        0xc .\CortexM3\ARM_GCC_541\Debug\ZumoBot.a(StatisticsCounter.o)
                0x00002474                StatisticsCounter_SetInterruptMode
 .text.StatisticsCounter_ReadStatusRegister
                0x00002480        0xc .\CortexM3\ARM_GCC_541\Debug\ZumoBot.a(StatisticsCounter.o)
                0x00002480                StatisticsCounter_ReadStatusRegister
 .text.StatisticsCounter_WriteCounter
                0x0000248c        0xc .\CortexM3\ARM_GCC_541\Debug\ZumoBot.a(StatisticsCounter.o)
                0x0000248c                StatisticsCounter_WriteCounter
 .text.StatisticsCounter_ReadCounter
                0x00002498       0x14 .\CortexM3\ARM_GCC_541\Debug\ZumoBot.a(StatisticsCounter.o)
                0x00002498                StatisticsCounter_ReadCounter
 .text.StatisticsCounter_ReadCapture
                0x000024ac        0xc .\CortexM3\ARM_GCC_541\Debug\ZumoBot.a(StatisticsCounter.o)
                0x000024ac                StatisticsCounter_ReadCapture
 .text.StatisticsCounter_WritePeriod
                0x000024b8        0xc .\CortexM3\ARM_GCC_541\Debug\ZumoBot.a(StatisticsCounter.o)
                0x000024b8                StatisticsCounter_WritePeriod
 .text.StatisticsCounter_WriteCompare
                0x000024c4        0xc .\CortexM3\ARM_GCC_541\Debug\ZumoBot.a(StatisticsCounter.o)
                0x000024c4                StatisticsCounter_WriteCompare
 .text.StatisticsCounter_ClearFIFO
                0x000024d0       0x14 .\CortexM3\ARM_GCC_541\Debug\ZumoBot.a(StatisticsCounter.o)
                0x000024d0                StatisticsCounter_ClearFIFO
 .text.StatisticsCounter_Init
                0x000024e4       0x54 .\CortexM3\ARM_GCC_541\Debug\ZumoBot.a(StatisticsCounter.o)
                0x000024e4                StatisticsCounter_Init
 .text.StatisticsCounter_Start
                0x00002538       0x1c .\CortexM3\ARM_GCC_541\Debug\ZumoBot.a(StatisticsCounter.o)
                0x00002538                StatisticsCounter_Start
 .text.isr_U1_TX_SetVector
                0x00002554        0xc .\CortexM3\ARM_GCC_541\Debug\ZumoBot.a(isr_U1_TX.o)
                0x00002554                isr_U1_TX_SetVector
 .text.isr_U1_TX_SetPriority
                0x00002560       0x10 .\CortexM3\ARM_GCC_541\Debug\ZumoBot.a(isr_U1_TX.o)
                0x00002560                isr_U1_TX_SetPriority
 .text.isr_U1_TX_Enable
                0x00002570        0xc .\CortexM3\ARM_GCC_541\Debug\ZumoBot.a(isr_U1_TX.o)
                0x00002570                isr_U1_TX_Enable
 .text.isr_U1_TX_Disable
                0x0000257c        0xc .\CortexM3\ARM_GCC_541\Debug\ZumoBot.a(isr_U1_TX.o)
                0x0000257c                isr_U1_TX_Disable
 .text.isr_U1_TX_StartEx
                0x00002588       0x1c .\CortexM3\ARM_GCC_541\Debug\ZumoBot.a(isr_U1_TX.o)
                0x00002588                isr_U1_TX_StartEx
 .text.isr_U1_TX_ClearPending
                0x000025a4        0xc .\CortexM3\ARM_GCC_541\Debug\ZumoBot.a(isr_U1_TX.o)
                0x000025a4                isr_U1_TX_ClearPending
 .text.isr_U1_RX_SetVector
                0x000025b0        0xc .\CortexM3\ARM_GCC_541\Debug\ZumoBot.a(isr_U1_RX.o)
                0x000025b0                isr_U1_RX_SetVector
 .text.isr_U1_RX_SetPriority
                0x000025bc       0x10 .\CortexM3\ARM_GCC_541\Debug\ZumoBot.a(isr_U1_RX.o)
                0x000025bc                isr_U1_RX_SetPriority
 .text.isr_U1_RX_Enable
                0x000025cc        0xc .\CortexM3\ARM_GCC_541\Debug\ZumoBot.a(isr_U1_RX.o)
                0x000025cc                isr_U1_RX_Enable
 .text.isr_U1_RX_Disable
                0x000025d8        0xc .\CortexM3\ARM_GCC_541\Debug\ZumoBot.a(isr_U1_RX.o)
                0x000025d8                isr_U1_RX_Disable
 .text.isr_U1_RX_StartEx
                0x000025e4       0x1c .\CortexM3\ARM_GCC_541\Debug\ZumoBot.a(isr_U1_RX.o)
                0x000025e4                isr_U1_RX_StartEx
 .text.isr_U1_RX_ClearPending
                0x00002600        0xc .\CortexM3\ARM_GCC_541\Debug\ZumoBot.a(isr_U1_RX.o)
                0x00002600                isr_U1_RX_ClearPending
 .text.UART_1_IntClock_Start
                0x0000260c       0x1c .\CortexM3\ARM_GCC_541\Debug\ZumoBot.a(UART_1_IntClock.o)
                0x0000260c                UART_1_IntClock_Start
 .text.UART_2_IntClock_Start
                0x00002628       0x1c .\CortexM3\ARM_GCC_541\Debug\ZumoBot.a(UART_2_IntClock.o)
                0x00002628                UART_2_IntClock_Start
 .text.CyDelayUs
                0x00002644       0x14 .\CortexM3\ARM_GCC_541\Debug\ZumoBot.a(CyLib.o)
                0x00002644                CyDelayUs
 .text          0x00002658       0x20 .\CortexM3\ARM_GCC_541\Debug\ZumoBot.a(CyBootAsmGnu.o)
                0x00002658                CyDelayCycles
                0x00002668                CyEnterCriticalSection
                0x00002670                CyExitCriticalSection
 .text          0x00002678      0x370 c:/program files (x86)/cypress/psoc creator/4.2/psoc creator/import/gnu/arm/5.4.1/bin/../lib/gcc/arm-none-eabi/5.4.1/armv7-m\libgcc.a(_arm_addsubdf3.o)
                0x00002678                __aeabi_drsub
                0x00002680                __aeabi_dsub
                0x00002680                __subdf3
                0x00002684                __aeabi_dadd
                0x00002684                __adddf3
                0x000028fc                __floatunsidf
                0x000028fc                __aeabi_ui2d
                0x0000291c                __floatsidf
                0x0000291c                __aeabi_i2d
                0x00002940                __aeabi_f2d
                0x00002940                __extendsfdf2
                0x0000297c                __floatundidf
                0x0000297c                __aeabi_ul2d
                0x0000298c                __floatdidf
                0x0000298c                __aeabi_l2d
 .text          0x000029e8      0x424 c:/program files (x86)/cypress/psoc creator/4.2/psoc creator/import/gnu/arm/5.4.1/bin/../lib/gcc/arm-none-eabi/5.4.1/armv7-m\libgcc.a(_arm_muldivdf3.o)
                0x000029e8                __aeabi_dmul
                0x000029e8                __muldf3
                0x00002c3c                __divdf3
                0x00002c3c                __aeabi_ddiv
 .text          0x00002e0c      0x110 c:/program files (x86)/cypress/psoc creator/4.2/psoc creator/import/gnu/arm/5.4.1/bin/../lib/gcc/arm-none-eabi/5.4.1/armv7-m\libgcc.a(_arm_cmpdf2.o)
                0x00002e0c                __gtdf2
                0x00002e0c                __gedf2
                0x00002e14                __ltdf2
                0x00002e14                __ledf2
                0x00002e1c                __nedf2
                0x00002e1c                __eqdf2
                0x00002e1c                __cmpdf2
                0x00002e98                __aeabi_cdrcmple
                0x00002ea8                __aeabi_cdcmpeq
                0x00002ea8                __aeabi_cdcmple
                0x00002eb8                __aeabi_dcmpeq
                0x00002ecc                __aeabi_dcmplt
                0x00002ee0                __aeabi_dcmple
                0x00002ef4                __aeabi_dcmpge
                0x00002f08                __aeabi_dcmpgt
 .text.__errno  0x00002f1c        0xc c:/program files (x86)/cypress/psoc creator/4.2/psoc creator/import/gnu/arm/5.4.1/bin/../lib/gcc/arm-none-eabi/5.4.1/../../../../arm-none-eabi/lib/armv7-m\libg.a(lib_a-errno.o)
                0x00002f1c                __errno
 .text.fputc    0x00002f28       0x28 c:/program files (x86)/cypress/psoc creator/4.2/psoc creator/import/gnu/arm/5.4.1/bin/../lib/gcc/arm-none-eabi/5.4.1/../../../../arm-none-eabi/lib/armv7-m\libg.a(lib_a-fputc.o)
                0x00002f28                fputc
 .text._fputs_r
                0x00002f50       0x50 c:/program files (x86)/cypress/psoc creator/4.2/psoc creator/import/gnu/arm/5.4.1/bin/../lib/gcc/arm-none-eabi/5.4.1/../../../../arm-none-eabi/lib/armv7-m\libg.a(lib_a-fputs.o)
                0x00002f50                _fputs_r
 .text.fputs    0x00002fa0       0x10 c:/program files (x86)/cypress/psoc creator/4.2/psoc creator/import/gnu/arm/5.4.1/bin/../lib/gcc/arm-none-eabi/5.4.1/../../../../arm-none-eabi/lib/armv7-m\libg.a(lib_a-fputs.o)
                0x00002fa0                fputs
 .text.__sfvwrite_r
                0x00002fb0      0x308 c:/program files (x86)/cypress/psoc creator/4.2/psoc creator/import/gnu/arm/5.4.1/bin/../lib/gcc/arm-none-eabi/5.4.1/../../../../arm-none-eabi/lib/armv7-m\libg.a(lib_a-fvwrite.o)
                0x00002fb0                __sfvwrite_r
 .text._fwrite_r
                0x000032b8       0x64 c:/program files (x86)/cypress/psoc creator/4.2/psoc creator/import/gnu/arm/5.4.1/bin/../lib/gcc/arm-none-eabi/5.4.1/../../../../arm-none-eabi/lib/armv7-m\libg.a(lib_a-fwrite.o)
                0x000032b8                _fwrite_r
 .text.fwrite   0x0000331c       0x20 c:/program files (x86)/cypress/psoc creator/4.2/psoc creator/import/gnu/arm/5.4.1/bin/../lib/gcc/arm-none-eabi/5.4.1/../../../../arm-none-eabi/lib/armv7-m\libg.a(lib_a-fwrite.o)
                0x0000331c                fwrite
 .text.__libc_init_array
                0x0000333c       0x50 c:/program files (x86)/cypress/psoc creator/4.2/psoc creator/import/gnu/arm/5.4.1/bin/../lib/gcc/arm-none-eabi/5.4.1/../../../../arm-none-eabi/lib/armv7-m\libg.a(lib_a-init.o)
                0x0000333c                __libc_init_array
 .text._malloc_r
                0x0000338c      0x558 c:/program files (x86)/cypress/psoc creator/4.2/psoc creator/import/gnu/arm/5.4.1/bin/../lib/gcc/arm-none-eabi/5.4.1/../../../../arm-none-eabi/lib/armv7-m\libg.a(lib_a-mallocr.o)
                0x0000338c                _malloc_r
 .text.memchr   0x000038e4       0x8c c:/program files (x86)/cypress/psoc creator/4.2/psoc creator/import/gnu/arm/5.4.1/bin/../lib/gcc/arm-none-eabi/5.4.1/../../../../arm-none-eabi/lib/armv7-m\libg.a(lib_a-memchr-stub.o)
                0x000038e4                memchr
 .text          0x00003970       0xec c:/program files (x86)/cypress/psoc creator/4.2/psoc creator/import/gnu/arm/5.4.1/bin/../lib/gcc/arm-none-eabi/5.4.1/../../../../arm-none-eabi/lib/armv7-m\libg.a(lib_a-memcpy.o)
                0x00003970                memcpy
 .text.memmove  0x00003a5c       0xc8 c:/program files (x86)/cypress/psoc creator/4.2/psoc creator/import/gnu/arm/5.4.1/bin/../lib/gcc/arm-none-eabi/5.4.1/../../../../arm-none-eabi/lib/armv7-m\libg.a(lib_a-memmove.o)
                0x00003a5c                memmove
 .text.memset   0x00003b24       0x9c c:/program files (x86)/cypress/psoc creator/4.2/psoc creator/import/gnu/arm/5.4.1/bin/../lib/gcc/arm-none-eabi/5.4.1/../../../../arm-none-eabi/lib/armv7-m\libg.a(lib_a-memset.o)
                0x00003b24                memset
 .text.__malloc_lock
                0x00003bc0        0x4 c:/program files (x86)/cypress/psoc creator/4.2/psoc creator/import/gnu/arm/5.4.1/bin/../lib/gcc/arm-none-eabi/5.4.1/../../../../arm-none-eabi/lib/armv7-m\libg.a(lib_a-mlock.o)
                0x00003bc0                __malloc_lock
 .text.__malloc_unlock
                0x00003bc4        0x4 c:/program files (x86)/cypress/psoc creator/4.2/psoc creator/import/gnu/arm/5.4.1/bin/../lib/gcc/arm-none-eabi/5.4.1/../../../../arm-none-eabi/lib/armv7-m\libg.a(lib_a-mlock.o)
                0x00003bc4                __malloc_unlock
 .text._putc_r  0x00003bc8       0x44 c:/program files (x86)/cypress/psoc creator/4.2/psoc creator/import/gnu/arm/5.4.1/bin/../lib/gcc/arm-none-eabi/5.4.1/../../../../arm-none-eabi/lib/armv7-m\libg.a(lib_a-putc.o)
                0x00003bc8                _putc_r
 .text._puts_r  0x00003c0c       0x68 c:/program files (x86)/cypress/psoc creator/4.2/psoc creator/import/gnu/arm/5.4.1/bin/../lib/gcc/arm-none-eabi/5.4.1/../../../../arm-none-eabi/lib/armv7-m\libg.a(lib_a-puts.o)
                0x00003c0c                _puts_r
 .text.puts     0x00003c74       0x10 c:/program files (x86)/cypress/psoc creator/4.2/psoc creator/import/gnu/arm/5.4.1/bin/../lib/gcc/arm-none-eabi/5.4.1/../../../../arm-none-eabi/lib/armv7-m\libg.a(lib_a-puts.o)
                0x00003c74                puts
 .text._realloc_r
                0x00003c84      0x3d4 c:/program files (x86)/cypress/psoc creator/4.2/psoc creator/import/gnu/arm/5.4.1/bin/../lib/gcc/arm-none-eabi/5.4.1/../../../../arm-none-eabi/lib/armv7-m\libg.a(lib_a-reallocr.o)
                0x00003c84                _realloc_r
 .text.cleanup_glue
                0x00004058       0x1c c:/program files (x86)/cypress/psoc creator/4.2/psoc creator/import/gnu/arm/5.4.1/bin/../lib/gcc/arm-none-eabi/5.4.1/../../../../arm-none-eabi/lib/armv7-m\libg.a(lib_a-reent.o)
                0x00004058                cleanup_glue
 .text._reclaim_reent
                0x00004074       0x88 c:/program files (x86)/cypress/psoc creator/4.2/psoc creator/import/gnu/arm/5.4.1/bin/../lib/gcc/arm-none-eabi/5.4.1/../../../../arm-none-eabi/lib/armv7-m\libg.a(lib_a-reent.o)
                0x00004074                _reclaim_reent
 .text._sbrk_r  0x000040fc       0x24 c:/program files (x86)/cypress/psoc creator/4.2/psoc creator/import/gnu/arm/5.4.1/bin/../lib/gcc/arm-none-eabi/5.4.1/../../../../arm-none-eabi/lib/armv7-m\libg.a(lib_a-sbrkr.o)
                0x000040fc                _sbrk_r
 .text.strlen   0x00004120       0x5c c:/program files (x86)/cypress/psoc creator/4.2/psoc creator/import/gnu/arm/5.4.1/bin/../lib/gcc/arm-none-eabi/5.4.1/../../../../arm-none-eabi/lib/armv7-m\libg.a(lib_a-strlen-stub.o)
                0x00004120                strlen
 .text.strncpy  0x0000417c       0x68 c:/program files (x86)/cypress/psoc creator/4.2/psoc creator/import/gnu/arm/5.4.1/bin/../lib/gcc/arm-none-eabi/5.4.1/../../../../arm-none-eabi/lib/armv7-m\libg.a(lib_a-strncpy.o)
                0x0000417c                strncpy
 .text._svfprintf_r
                0x000041e4     0x175c c:/program files (x86)/cypress/psoc creator/4.2/psoc creator/import/gnu/arm/5.4.1/bin/../lib/gcc/arm-none-eabi/5.4.1/../../../../arm-none-eabi/lib/armv7-m\libg.a(lib_a-svfprintf.o)
                0x000041e4                _svfprintf_r
 .text._vsnprintf_r
                0x00005940       0x70 c:/program files (x86)/cypress/psoc creator/4.2/psoc creator/import/gnu/arm/5.4.1/bin/../lib/gcc/arm-none-eabi/5.4.1/../../../../arm-none-eabi/lib/armv7-m\libg.a(lib_a-vsnprintf.o)
                0x00005940                _vsnprintf_r
 .text.vsnprintf
                0x000059b0       0x20 c:/program files (x86)/cypress/psoc creator/4.2/psoc creator/import/gnu/arm/5.4.1/bin/../lib/gcc/arm-none-eabi/5.4.1/../../../../arm-none-eabi/lib/armv7-m\libg.a(lib_a-vsnprintf.o)
                0x000059b0                vsnprintf
 .text.__swbuf_r
                0x000059d0       0xac c:/program files (x86)/cypress/psoc creator/4.2/psoc creator/import/gnu/arm/5.4.1/bin/../lib/gcc/arm-none-eabi/5.4.1/../../../../arm-none-eabi/lib/armv7-m\libg.a(lib_a-wbuf.o)
                0x000059d0                __swbuf_r
 .text.__swsetup_r
                0x00005a7c       0xc8 c:/program files (x86)/cypress/psoc creator/4.2/psoc creator/import/gnu/arm/5.4.1/bin/../lib/gcc/arm-none-eabi/5.4.1/../../../../arm-none-eabi/lib/armv7-m\libg.a(lib_a-wsetup.o)
                0x00005a7c                __swsetup_r
 .text.startup.register_fini
                0x00005b44       0x14 c:/program files (x86)/cypress/psoc creator/4.2/psoc creator/import/gnu/arm/5.4.1/bin/../lib/gcc/arm-none-eabi/5.4.1/../../../../arm-none-eabi/lib/armv7-m\libg.a(lib_a-__call_atexit.o)
 .text.atexit   0x00005b58        0xc c:/program files (x86)/cypress/psoc creator/4.2/psoc creator/import/gnu/arm/5.4.1/bin/../lib/gcc/arm-none-eabi/5.4.1/../../../../arm-none-eabi/lib/armv7-m\libg.a(lib_a-atexit.o)
                0x00005b58                atexit
 .text.quorem   0x00005b64      0x12c c:/program files (x86)/cypress/psoc creator/4.2/psoc creator/import/gnu/arm/5.4.1/bin/../lib/gcc/arm-none-eabi/5.4.1/../../../../arm-none-eabi/lib/armv7-m\libg.a(lib_a-dtoa.o)
 .text._dtoa_r  0x00005c90      0xe4c c:/program files (x86)/cypress/psoc creator/4.2/psoc creator/import/gnu/arm/5.4.1/bin/../lib/gcc/arm-none-eabi/5.4.1/../../../../arm-none-eabi/lib/armv7-m\libg.a(lib_a-dtoa.o)
                0x00005c90                _dtoa_r
 .text.__sflush_r
                0x00006adc      0x148 c:/program files (x86)/cypress/psoc creator/4.2/psoc creator/import/gnu/arm/5.4.1/bin/../lib/gcc/arm-none-eabi/5.4.1/../../../../arm-none-eabi/lib/armv7-m\libg.a(lib_a-fflush.o)
                0x00006adc                __sflush_r
 .text._fflush_r
                0x00006c24       0x2c c:/program files (x86)/cypress/psoc creator/4.2/psoc creator/import/gnu/arm/5.4.1/bin/../lib/gcc/arm-none-eabi/5.4.1/../../../../arm-none-eabi/lib/armv7-m\libg.a(lib_a-fflush.o)
                0x00006c24                _fflush_r
 .text._cleanup_r
                0x00006c50        0xc c:/program files (x86)/cypress/psoc creator/4.2/psoc creator/import/gnu/arm/5.4.1/bin/../lib/gcc/arm-none-eabi/5.4.1/../../../../arm-none-eabi/lib/armv7-m\libg.a(lib_a-findfp.o)
                0x00006c50                _cleanup_r
 .text.__sinit.part.1
                0x00006c5c       0xf0 c:/program files (x86)/cypress/psoc creator/4.2/psoc creator/import/gnu/arm/5.4.1/bin/../lib/gcc/arm-none-eabi/5.4.1/../../../../arm-none-eabi/lib/armv7-m\libg.a(lib_a-findfp.o)
 .text.__sinit  0x00006d4c        0xc c:/program files (x86)/cypress/psoc creator/4.2/psoc creator/import/gnu/arm/5.4.1/bin/../lib/gcc/arm-none-eabi/5.4.1/../../../../arm-none-eabi/lib/armv7-m\libg.a(lib_a-findfp.o)
                0x00006d4c                __sinit
 .text.__sfp_lock_acquire
                0x00006d58        0x4 c:/program files (x86)/cypress/psoc creator/4.2/psoc creator/import/gnu/arm/5.4.1/bin/../lib/gcc/arm-none-eabi/5.4.1/../../../../arm-none-eabi/lib/armv7-m\libg.a(lib_a-findfp.o)
                0x00006d58                __sfp_lock_acquire
 .text.__sfp_lock_release
                0x00006d5c        0x4 c:/program files (x86)/cypress/psoc creator/4.2/psoc creator/import/gnu/arm/5.4.1/bin/../lib/gcc/arm-none-eabi/5.4.1/../../../../arm-none-eabi/lib/armv7-m\libg.a(lib_a-findfp.o)
                0x00006d5c                __sfp_lock_release
 .text.__libc_fini_array
                0x00006d60       0x28 c:/program files (x86)/cypress/psoc creator/4.2/psoc creator/import/gnu/arm/5.4.1/bin/../lib/gcc/arm-none-eabi/5.4.1/../../../../arm-none-eabi/lib/armv7-m\libg.a(lib_a-fini.o)
                0x00006d60                __libc_fini_array
 .text._malloc_trim_r
                0x00006d88       0x9c c:/program files (x86)/cypress/psoc creator/4.2/psoc creator/import/gnu/arm/5.4.1/bin/../lib/gcc/arm-none-eabi/5.4.1/../../../../arm-none-eabi/lib/armv7-m\libg.a(lib_a-freer.o)
                0x00006d88                _malloc_trim_r
 .text._free_r  0x00006e24      0x1d0 c:/program files (x86)/cypress/psoc creator/4.2/psoc creator/import/gnu/arm/5.4.1/bin/../lib/gcc/arm-none-eabi/5.4.1/../../../../arm-none-eabi/lib/armv7-m\libg.a(lib_a-freer.o)
                0x00006e24                _free_r
 .text._fwalk_reent
                0x00006ff4       0x50 c:/program files (x86)/cypress/psoc creator/4.2/psoc creator/import/gnu/arm/5.4.1/bin/../lib/gcc/arm-none-eabi/5.4.1/../../../../arm-none-eabi/lib/armv7-m\libg.a(lib_a-fwalk.o)
                0x00006ff4                _fwalk_reent
 .text._localeconv_r
                0x00007044        0x8 c:/program files (x86)/cypress/psoc creator/4.2/psoc creator/import/gnu/arm/5.4.1/bin/../lib/gcc/arm-none-eabi/5.4.1/../../../../arm-none-eabi/lib/armv7-m\libg.a(lib_a-locale.o)
                0x00007044                _localeconv_r
 .text.__swhatbuf_r
                0x0000704c       0x60 c:/program files (x86)/cypress/psoc creator/4.2/psoc creator/import/gnu/arm/5.4.1/bin/../lib/gcc/arm-none-eabi/5.4.1/../../../../arm-none-eabi/lib/armv7-m\libg.a(lib_a-makebuf.o)
                0x0000704c                __swhatbuf_r
 .text.__smakebuf_r
                0x000070ac       0x88 c:/program files (x86)/cypress/psoc creator/4.2/psoc creator/import/gnu/arm/5.4.1/bin/../lib/gcc/arm-none-eabi/5.4.1/../../../../arm-none-eabi/lib/armv7-m\libg.a(lib_a-makebuf.o)
                0x000070ac                __smakebuf_r
 .text._Balloc  0x00007134       0x50 c:/program files (x86)/cypress/psoc creator/4.2/psoc creator/import/gnu/arm/5.4.1/bin/../lib/gcc/arm-none-eabi/5.4.1/../../../../arm-none-eabi/lib/armv7-m\libg.a(lib_a-mprec.o)
                0x00007134                _Balloc
 .text._Bfree   0x00007184       0x14 c:/program files (x86)/cypress/psoc creator/4.2/psoc creator/import/gnu/arm/5.4.1/bin/../lib/gcc/arm-none-eabi/5.4.1/../../../../arm-none-eabi/lib/armv7-m\libg.a(lib_a-mprec.o)
                0x00007184                _Bfree
 .text.__multadd
                0x00007198       0x80 c:/program files (x86)/cypress/psoc creator/4.2/psoc creator/import/gnu/arm/5.4.1/bin/../lib/gcc/arm-none-eabi/5.4.1/../../../../arm-none-eabi/lib/armv7-m\libg.a(lib_a-mprec.o)
                0x00007198                __multadd
 .text.__hi0bits
                0x00007218       0x40 c:/program files (x86)/cypress/psoc creator/4.2/psoc creator/import/gnu/arm/5.4.1/bin/../lib/gcc/arm-none-eabi/5.4.1/../../../../arm-none-eabi/lib/armv7-m\libg.a(lib_a-mprec.o)
                0x00007218                __hi0bits
 .text.__lo0bits
                0x00007258       0x5c c:/program files (x86)/cypress/psoc creator/4.2/psoc creator/import/gnu/arm/5.4.1/bin/../lib/gcc/arm-none-eabi/5.4.1/../../../../arm-none-eabi/lib/armv7-m\libg.a(lib_a-mprec.o)
                0x00007258                __lo0bits
 .text.__i2b    0x000072b4       0x14 c:/program files (x86)/cypress/psoc creator/4.2/psoc creator/import/gnu/arm/5.4.1/bin/../lib/gcc/arm-none-eabi/5.4.1/../../../../arm-none-eabi/lib/armv7-m\libg.a(lib_a-mprec.o)
                0x000072b4                __i2b
 .text.__multiply
                0x000072c8      0x13c c:/program files (x86)/cypress/psoc creator/4.2/psoc creator/import/gnu/arm/5.4.1/bin/../lib/gcc/arm-none-eabi/5.4.1/../../../../arm-none-eabi/lib/armv7-m\libg.a(lib_a-mprec.o)
                0x000072c8                __multiply
 .text.__pow5mult
                0x00007404       0xa0 c:/program files (x86)/cypress/psoc creator/4.2/psoc creator/import/gnu/arm/5.4.1/bin/../lib/gcc/arm-none-eabi/5.4.1/../../../../arm-none-eabi/lib/armv7-m\libg.a(lib_a-mprec.o)
                0x00007404                __pow5mult
 .text.__lshift
                0x000074a4       0xac c:/program files (x86)/cypress/psoc creator/4.2/psoc creator/import/gnu/arm/5.4.1/bin/../lib/gcc/arm-none-eabi/5.4.1/../../../../arm-none-eabi/lib/armv7-m\libg.a(lib_a-mprec.o)
                0x000074a4                __lshift
 .text.__mcmp   0x00007550       0x40 c:/program files (x86)/cypress/psoc creator/4.2/psoc creator/import/gnu/arm/5.4.1/bin/../lib/gcc/arm-none-eabi/5.4.1/../../../../arm-none-eabi/lib/armv7-m\libg.a(lib_a-mprec.o)
                0x00007550                __mcmp
 .text.__mdiff  0x00007590      0x128 c:/program files (x86)/cypress/psoc creator/4.2/psoc creator/import/gnu/arm/5.4.1/bin/../lib/gcc/arm-none-eabi/5.4.1/../../../../arm-none-eabi/lib/armv7-m\libg.a(lib_a-mprec.o)
                0x00007590                __mdiff
 .text.__d2b    0x000076b8       0xa8 c:/program files (x86)/cypress/psoc creator/4.2/psoc creator/import/gnu/arm/5.4.1/bin/../lib/gcc/arm-none-eabi/5.4.1/../../../../arm-none-eabi/lib/armv7-m\libg.a(lib_a-mprec.o)
                0x000076b8                __d2b
 .text.__sread  0x00007760       0x24 c:/program files (x86)/cypress/psoc creator/4.2/psoc creator/import/gnu/arm/5.4.1/bin/../lib/gcc/arm-none-eabi/5.4.1/../../../../arm-none-eabi/lib/armv7-m\libg.a(lib_a-stdio.o)
                0x00007760                __sread
 .text.__swrite
                0x00007784       0x3c c:/program files (x86)/cypress/psoc creator/4.2/psoc creator/import/gnu/arm/5.4.1/bin/../lib/gcc/arm-none-eabi/5.4.1/../../../../arm-none-eabi/lib/armv7-m\libg.a(lib_a-stdio.o)
                0x00007784                __swrite
 .text.__sseek  0x000077c0       0x20 c:/program files (x86)/cypress/psoc creator/4.2/psoc creator/import/gnu/arm/5.4.1/bin/../lib/gcc/arm-none-eabi/5.4.1/../../../../arm-none-eabi/lib/armv7-m\libg.a(lib_a-stdio.o)
                0x000077c0                __sseek
 .text.__sclose
                0x000077e0        0x8 c:/program files (x86)/cypress/psoc creator/4.2/psoc creator/import/gnu/arm/5.4.1/bin/../lib/gcc/arm-none-eabi/5.4.1/../../../../arm-none-eabi/lib/armv7-m\libg.a(lib_a-stdio.o)
                0x000077e0                __sclose
 .text.__ssprint_r
                0x000077e8      0x100 c:/program files (x86)/cypress/psoc creator/4.2/psoc creator/import/gnu/arm/5.4.1/bin/../lib/gcc/arm-none-eabi/5.4.1/../../../../arm-none-eabi/lib/armv7-m\libg.a(lib_a-svfiprintf.o)
                0x000077e8                __ssprint_r
 .text._write_r
                0x000078e8       0x2c c:/program files (x86)/cypress/psoc creator/4.2/psoc creator/import/gnu/arm/5.4.1/bin/../lib/gcc/arm-none-eabi/5.4.1/../../../../arm-none-eabi/lib/armv7-m\libg.a(lib_a-writer.o)
                0x000078e8                _write_r
 .text.__register_exitproc
                0x00007914       0xa4 c:/program files (x86)/cypress/psoc creator/4.2/psoc creator/import/gnu/arm/5.4.1/bin/../lib/gcc/arm-none-eabi/5.4.1/../../../../arm-none-eabi/lib/armv7-m\libg.a(lib_a-__atexit.o)
                0x00007914                __register_exitproc
 .text._calloc_r
                0x000079b8       0x60 c:/program files (x86)/cypress/psoc creator/4.2/psoc creator/import/gnu/arm/5.4.1/bin/../lib/gcc/arm-none-eabi/5.4.1/../../../../arm-none-eabi/lib/armv7-m\libg.a(lib_a-callocr.o)
                0x000079b8                _calloc_r
 .text._close_r
                0x00007a18       0x24 c:/program files (x86)/cypress/psoc creator/4.2/psoc creator/import/gnu/arm/5.4.1/bin/../lib/gcc/arm-none-eabi/5.4.1/../../../../arm-none-eabi/lib/armv7-m\libg.a(lib_a-closer.o)
                0x00007a18                _close_r
 .text._fclose_r
                0x00007a3c       0x84 c:/program files (x86)/cypress/psoc creator/4.2/psoc creator/import/gnu/arm/5.4.1/bin/../lib/gcc/arm-none-eabi/5.4.1/../../../../arm-none-eabi/lib/armv7-m\libg.a(lib_a-fclose.o)
                0x00007a3c                _fclose_r
 .text._fstat_r
                0x00007ac0       0x28 c:/program files (x86)/cypress/psoc creator/4.2/psoc creator/import/gnu/arm/5.4.1/bin/../lib/gcc/arm-none-eabi/5.4.1/../../../../arm-none-eabi/lib/armv7-m\libg.a(lib_a-fstatr.o)
                0x00007ac0                _fstat_r
 .text._isatty_r
                0x00007ae8       0x24 c:/program files (x86)/cypress/psoc creator/4.2/psoc creator/import/gnu/arm/5.4.1/bin/../lib/gcc/arm-none-eabi/5.4.1/../../../../arm-none-eabi/lib/armv7-m\libg.a(lib_a-isattyr.o)
                0x00007ae8                _isatty_r
 .text._lseek_r
                0x00007b0c       0x2c c:/program files (x86)/cypress/psoc creator/4.2/psoc creator/import/gnu/arm/5.4.1/bin/../lib/gcc/arm-none-eabi/5.4.1/../../../../arm-none-eabi/lib/armv7-m\libg.a(lib_a-lseekr.o)
                0x00007b0c                _lseek_r
 .text._read_r  0x00007b38       0x2c c:/program files (x86)/cypress/psoc creator/4.2/psoc creator/import/gnu/arm/5.4.1/bin/../lib/gcc/arm-none-eabi/5.4.1/../../../../arm-none-eabi/lib/armv7-m\libg.a(lib_a-readr.o)
                0x00007b38                _read_r
 .text          0x00007b64       0x2c c:/program files (x86)/cypress/psoc creator/4.2/psoc creator/import/gnu/arm/5.4.1/bin/../lib/gcc/arm-none-eabi/5.4.1/armv7-m\libgcc.a(_arm_unorddf2.o)
                0x00007b64                __unorddf2
                0x00007b64                __aeabi_dcmpun
 .text          0x00007b90       0x50 c:/program files (x86)/cypress/psoc creator/4.2/psoc creator/import/gnu/arm/5.4.1/bin/../lib/gcc/arm-none-eabi/5.4.1/armv7-m\libgcc.a(_arm_fixdfsi.o)
                0x00007b90                __aeabi_d2iz
                0x00007b90                __fixdfsi
 .text          0x00007be0       0x30 c:/program files (x86)/cypress/psoc creator/4.2/psoc creator/import/gnu/arm/5.4.1/bin/../lib/gcc/arm-none-eabi/5.4.1/armv7-m\libgcc.a(_aeabi_uldivmod.o)
                0x00007be0                __aeabi_uldivmod
 .text          0x00007c10      0x2ec c:/program files (x86)/cypress/psoc creator/4.2/psoc creator/import/gnu/arm/5.4.1/bin/../lib/gcc/arm-none-eabi/5.4.1/armv7-m\libgcc.a(_udivmoddi4.o)
                0x00007c10                __udivmoddi4
 .text          0x00007efc        0x4 c:/program files (x86)/cypress/psoc creator/4.2/psoc creator/import/gnu/arm/5.4.1/bin/../lib/gcc/arm-none-eabi/5.4.1/armv7-m\libgcc.a(_dvmd_tls.o)
                0x00007efc                __aeabi_idiv0
                0x00007efc                __aeabi_ldiv0
 .text._close   0x00007f00       0x10 c:/program files (x86)/cypress/psoc creator/4.2/psoc creator/import/gnu/arm/5.4.1/bin/../lib/gcc/arm-none-eabi/5.4.1/../../../../arm-none-eabi/lib/armv7-m\libnosys.a(close.o)
                0x00007f00                _close
 .text._fstat   0x00007f10       0x10 c:/program files (x86)/cypress/psoc creator/4.2/psoc creator/import/gnu/arm/5.4.1/bin/../lib/gcc/arm-none-eabi/5.4.1/../../../../arm-none-eabi/lib/armv7-m\libnosys.a(fstat.o)
                0x00007f10                _fstat
 .text._isatty  0x00007f20       0x10 c:/program files (x86)/cypress/psoc creator/4.2/psoc creator/import/gnu/arm/5.4.1/bin/../lib/gcc/arm-none-eabi/5.4.1/../../../../arm-none-eabi/lib/armv7-m\libnosys.a(isatty.o)
                0x00007f20                _isatty
 .text._lseek   0x00007f30       0x10 c:/program files (x86)/cypress/psoc creator/4.2/psoc creator/import/gnu/arm/5.4.1/bin/../lib/gcc/arm-none-eabi/5.4.1/../../../../arm-none-eabi/lib/armv7-m\libnosys.a(lseek.o)
                0x00007f30                _lseek
 *(.plt)
 *(.gnu.warning)
 *(.glue_7t)
 .glue_7t       0x00007f40        0x0 linker stubs
 *(.glue_7)
 .glue_7        0x00007f40        0x0 linker stubs
 *(.vfp11_veneer)
 .vfp11_veneer  0x00007f40        0x0 linker stubs
 *(.bootloader)
 *(.ARM.extab* .gnu.linkonce.armextab.*)
 *(.gcc_except_table)

.v4_bx          0x00007f40        0x0
 .v4_bx         0x00007f40        0x0 linker stubs

.iplt           0x00007f40        0x0
 .iplt          0x00007f40        0x0 c:/program files (x86)/cypress/psoc creator/4.2/psoc creator/import/gnu/arm/5.4.1/bin/../lib/gcc/arm-none-eabi/5.4.1/armv7-m/crtbegin.o

.eh_frame_hdr
 *(.eh_frame_hdr)

.eh_frame       0x00007f40        0x4
 *(.eh_frame)
 .eh_frame      0x00007f40        0x0 c:/program files (x86)/cypress/psoc creator/4.2/psoc creator/import/gnu/arm/5.4.1/bin/../lib/gcc/arm-none-eabi/5.4.1/armv7-m/crtbegin.o
 .eh_frame      0x00007f40        0x4 c:/program files (x86)/cypress/psoc creator/4.2/psoc creator/import/gnu/arm/5.4.1/bin/../lib/gcc/arm-none-eabi/5.4.1/armv7-m/crtend.o
                [!provide]                PROVIDE (__exidx_start, .)

.ARM.exidx      0x00007f44        0x8
 *(.ARM.exidx* .gnu.linkonce.armexidx.*)
 .ARM.exidx     0x00007f44        0x8 c:/program files (x86)/cypress/psoc creator/4.2/psoc creator/import/gnu/arm/5.4.1/bin/../lib/gcc/arm-none-eabi/5.4.1/armv7-m\libgcc.a(_udivmoddi4.o)
                0x00007f4c                __exidx_end = .

.rodata         0x00007f50      0x520
 *(.rodata .rodata.* .gnu.linkonce.r.*)
 .rodata.str1.4
                0x00007f50       0x3a .\CortexM3\ARM_GCC_541\Debug\rtos_main.o
 *fill*         0x00007f8a        0x2 
 .rodata.str1.4
                0x00007f8c        0x6 .\CortexM3\ARM_GCC_541\Debug\mqtt_sender.o
 *fill*         0x00007f92        0x2 
 .rodata        0x00007f94        0xd .\CortexM3\ARM_GCC_541\Debug\simulator.o
 *fill*         0x00007fa1        0x3 
 .rodata.str1.4
                0x00007fa4       0x8a .\CortexM3\ARM_GCC_541\Debug\simulator.o
 *fill*         0x0000802e        0x2 
 .rodata.str1.4
                0x00008030       0x34 .\CortexM3\ARM_GCC_541\Debug\tasks.o
 .rodata.str1.4
                0x00008064      0x1f0 .\CortexM3\ARM_GCC_541\Debug\evgenii.o
 .rodata        0x00008254       0x60 .\CortexM3\ARM_GCC_541\Debug\cyfitter_cfg.o
 .rodata.str1.4
                0x000082b4        0x2 c:/program files (x86)/cypress/psoc creator/4.2/psoc creator/import/gnu/arm/5.4.1/bin/../lib/gcc/arm-none-eabi/5.4.1/../../../../arm-none-eabi/lib/armv7-m\libg.a(lib_a-impure.o)
 .rodata._global_impure_ptr
                0x000082b4        0x4 c:/program files (x86)/cypress/psoc creator/4.2/psoc creator/import/gnu/arm/5.4.1/bin/../lib/gcc/arm-none-eabi/5.4.1/../../../../arm-none-eabi/lib/armv7-m\libg.a(lib_a-impure.o)
                0x000082b4                _global_impure_ptr
 .rodata.str1.4
                0x000082b8      0x1f0 c:/program files (x86)/cypress/psoc creator/4.2/psoc creator/import/gnu/arm/5.4.1/bin/../lib/gcc/arm-none-eabi/5.4.1/../../../../arm-none-eabi/lib/armv7-m\libg.a(lib_a-puts.o)
                                  0x2 (size before relaxing)
 .rodata.blanks.7055
                0x000082b8       0x10 c:/program files (x86)/cypress/psoc creator/4.2/psoc creator/import/gnu/arm/5.4.1/bin/../lib/gcc/arm-none-eabi/5.4.1/../../../../arm-none-eabi/lib/armv7-m\libg.a(lib_a-svfprintf.o)
 .rodata.str1.4
                0x000082c8       0x42 c:/program files (x86)/cypress/psoc creator/4.2/psoc creator/import/gnu/arm/5.4.1/bin/../lib/gcc/arm-none-eabi/5.4.1/../../../../arm-none-eabi/lib/armv7-m\libg.a(lib_a-svfprintf.o)
 *fill*         0x0000830a        0x2 
 .rodata.zeroes.7056
                0x0000830c       0x10 c:/program files (x86)/cypress/psoc creator/4.2/psoc creator/import/gnu/arm/5.4.1/bin/../lib/gcc/arm-none-eabi/5.4.1/../../../../arm-none-eabi/lib/armv7-m\libg.a(lib_a-svfprintf.o)
 .rodata.str1.4
                0x0000831c       0x10 c:/program files (x86)/cypress/psoc creator/4.2/psoc creator/import/gnu/arm/5.4.1/bin/../lib/gcc/arm-none-eabi/5.4.1/../../../../arm-none-eabi/lib/armv7-m\libg.a(lib_a-dtoa.o)
                                 0x12 (size before relaxing)
 .rodata.str1.4
                0x0000832c        0xc c:/program files (x86)/cypress/psoc creator/4.2/psoc creator/import/gnu/arm/5.4.1/bin/../lib/gcc/arm-none-eabi/5.4.1/../../../../arm-none-eabi/lib/armv7-m\libg.a(lib_a-locale.o)
                                 0x12 (size before relaxing)
 .rodata.__mprec_tens
                0x00008338       0xc8 c:/program files (x86)/cypress/psoc creator/4.2/psoc creator/import/gnu/arm/5.4.1/bin/../lib/gcc/arm-none-eabi/5.4.1/../../../../arm-none-eabi/lib/armv7-m\libg.a(lib_a-mprec.o)
                0x00008338                __mprec_tens
 .rodata.__mprec_bigtens
                0x00008400       0x28 c:/program files (x86)/cypress/psoc creator/4.2/psoc creator/import/gnu/arm/5.4.1/bin/../lib/gcc/arm-none-eabi/5.4.1/../../../../arm-none-eabi/lib/armv7-m\libg.a(lib_a-mprec.o)
                0x00008400                __mprec_bigtens
 .rodata.p05.5396
                0x00008428        0xc c:/program files (x86)/cypress/psoc creator/4.2/psoc creator/import/gnu/arm/5.4.1/bin/../lib/gcc/arm-none-eabi/5.4.1/../../../../arm-none-eabi/lib/armv7-m\libg.a(lib_a-mprec.o)
                0x00008434                . = ALIGN (0x4)
 *(.init)
 .init          0x00008434        0x4 c:/program files (x86)/cypress/psoc creator/4.2/psoc creator/import/gnu/arm/5.4.1/bin/../lib/gcc/arm-none-eabi/5.4.1/armv7-m/crti.o
                0x00008434                _init
 .init          0x00008438        0x8 c:/program files (x86)/cypress/psoc creator/4.2/psoc creator/import/gnu/arm/5.4.1/bin/../lib/gcc/arm-none-eabi/5.4.1/armv7-m/crtn.o
                0x00008440                . = ALIGN (0x4)
                0x00008440                __preinit_array_start = .
 *(.preinit_array)
                0x00008440                __preinit_array_end = .
                0x00008440                . = ALIGN (0x4)
                0x00008440                __init_array_start = .
 *(SORT(.init_array.*))
 .init_array.00000
                0x00008440        0x4 c:/program files (x86)/cypress/psoc creator/4.2/psoc creator/import/gnu/arm/5.4.1/bin/../lib/gcc/arm-none-eabi/5.4.1/../../../../arm-none-eabi/lib/armv7-m\libg.a(lib_a-__call_atexit.o)
 *(.init_array)
 .init_array    0x00008444        0x4 c:/program files (x86)/cypress/psoc creator/4.2/psoc creator/import/gnu/arm/5.4.1/bin/../lib/gcc/arm-none-eabi/5.4.1/armv7-m/crtbegin.o
 .init_array    0x00008448        0x4 .\CortexM3\ARM_GCC_541\Debug\Cm3Start.o
                0x0000844c                __init_array_end = .
                0x0000844c                . = ALIGN (0x4)
 *(.fini)
 .fini          0x0000844c        0x4 c:/program files (x86)/cypress/psoc creator/4.2/psoc creator/import/gnu/arm/5.4.1/bin/../lib/gcc/arm-none-eabi/5.4.1/armv7-m/crti.o
                0x0000844c                _fini
 .fini          0x00008450        0x8 c:/program files (x86)/cypress/psoc creator/4.2/psoc creator/import/gnu/arm/5.4.1/bin/../lib/gcc/arm-none-eabi/5.4.1/armv7-m/crtn.o
                0x00008458                . = ALIGN (0x4)
                0x00008458                __fini_array_start = .
 *(.fini_array)
 .fini_array    0x00008458        0x4 c:/program files (x86)/cypress/psoc creator/4.2/psoc creator/import/gnu/arm/5.4.1/bin/../lib/gcc/arm-none-eabi/5.4.1/armv7-m/crtbegin.o
 *(SORT(.fini_array.*))
                0x0000845c                __fini_array_end = .
                0x0000845c                . = ALIGN (0x4)
 *crtbegin.o(.ctors)
 *(EXCLUDE_FILE(*crtend.o) .ctors)
 *(SORT(.ctors.*))
 *crtend.o(.ctors)
                0x0000845c                . = ALIGN (0x4)
 *crtbegin.o(.dtors)
 *(EXCLUDE_FILE(*crtend.o) .dtors)
 *(SORT(.dtors.*))
 *crtend.o(.dtors)
                0x0000845c                . = ALIGN (0x4)
                0x0000845c                __cy_regions = .
                0x0000845c        0x4 LONG 0x8470 __cy_region_init_ram
                0x00008460        0x4 LONG 0x1fff80c8 __cy_region_start_data
                0x00008464        0x4 LONG 0x8a8 __cy_region_init_size_ram
                0x00008468        0x4 LONG 0x9bb8 __cy_region_zero_size_ram
                0x0000846c                __cy_regions_end = .
                0x00008470                . = ALIGN (0x8)
 *fill*         0x0000846c        0x4 
                0x00008470                _etext = .

.cy_checksum_exclude
                0x00008470        0x0
 *(.cy_checksum_exclude)

.ramvectors     0x1fff8000       0xc0
                0x1fff8000                __cy_region_start_ram = .
 *(.ramvectors)
 .ramvectors    0x1fff8000       0xc0 .\CortexM3\ARM_GCC_541\Debug\Cm3Start.o
                0x1fff8000                CyRamVectors

.noinit         0x1fff80c0        0x1
 *(.noinit)
 .noinit        0x1fff80c0        0x1 .\CortexM3\ARM_GCC_541\Debug\ZumoBot.a(CyLib.o)
                0x1fff80c0                CyResetStatus

.data           0x1fff80c8      0x8a8 load address 0x00008470
                0x1fff80c8                __cy_region_start_data = .
 *(.jcr)
 .jcr           0x1fff80c8        0x0 c:/program files (x86)/cypress/psoc creator/4.2/psoc creator/import/gnu/arm/5.4.1/bin/../lib/gcc/arm-none-eabi/5.4.1/armv7-m/crtbegin.o
 .jcr           0x1fff80c8        0x4 c:/program files (x86)/cypress/psoc creator/4.2/psoc creator/import/gnu/arm/5.4.1/bin/../lib/gcc/arm-none-eabi/5.4.1/armv7-m/crtend.o
 *(.got.plt)
 *(.got)
 *(.shdata)
 *(.data .data.* .gnu.linkonce.d.*)
 .data          0x1fff80cc        0xc .\CortexM3\ARM_GCC_541\Debug\simulator.o
 .data          0x1fff80d8        0x4 .\CortexM3\ARM_GCC_541\Debug\port.o
 .data          0x1fff80dc        0x4 .\CortexM3\ARM_GCC_541\Debug\heap_2.o
 .data          0x1fff80e0        0x4 .\CortexM3\ARM_GCC_541\Debug\Cm3Start.o
 .data          0x1fff80e4       0x10 .\CortexM3\ARM_GCC_541\Debug\ZumoBot.a(CyLib.o)
                0x1fff80e4                cydelay_32k_ms
                0x1fff80e8                cydelay_freq_khz
                0x1fff80ec                cydelay_freq_mhz
                0x1fff80f0                cydelay_freq_hz
 *fill*         0x1fff80f4        0x4 
 .data.impure_data
                0x1fff80f8      0x428 c:/program files (x86)/cypress/psoc creator/4.2/psoc creator/import/gnu/arm/5.4.1/bin/../lib/gcc/arm-none-eabi/5.4.1/../../../../arm-none-eabi/lib/armv7-m\libg.a(lib_a-impure.o)
 .data._impure_ptr
                0x1fff8520        0x4 c:/program files (x86)/cypress/psoc creator/4.2/psoc creator/import/gnu/arm/5.4.1/bin/../lib/gcc/arm-none-eabi/5.4.1/../../../../arm-none-eabi/lib/armv7-m\libg.a(lib_a-impure.o)
                0x1fff8520                _impure_ptr
 .data.__malloc_av_
                0x1fff8524      0x408 c:/program files (x86)/cypress/psoc creator/4.2/psoc creator/import/gnu/arm/5.4.1/bin/../lib/gcc/arm-none-eabi/5.4.1/../../../../arm-none-eabi/lib/armv7-m\libg.a(lib_a-mallocr.o)
                0x1fff8524                __malloc_av_
 .data.__malloc_trim_threshold
                0x1fff892c        0x4 c:/program files (x86)/cypress/psoc creator/4.2/psoc creator/import/gnu/arm/5.4.1/bin/../lib/gcc/arm-none-eabi/5.4.1/../../../../arm-none-eabi/lib/armv7-m\libg.a(lib_a-mallocr.o)
                0x1fff892c                __malloc_trim_threshold
 .data.__malloc_sbrk_base
                0x1fff8930        0x4 c:/program files (x86)/cypress/psoc creator/4.2/psoc creator/import/gnu/arm/5.4.1/bin/../lib/gcc/arm-none-eabi/5.4.1/../../../../arm-none-eabi/lib/armv7-m\libg.a(lib_a-mallocr.o)
                0x1fff8930                __malloc_sbrk_base
 .data.lconv    0x1fff8934       0x38 c:/program files (x86)/cypress/psoc creator/4.2/psoc creator/import/gnu/arm/5.4.1/bin/../lib/gcc/arm-none-eabi/5.4.1/../../../../arm-none-eabi/lib/armv7-m\libg.a(lib_a-locale.o)
                0x1fff8970                . = ALIGN (0x8)
 *fill*         0x1fff896c        0x4 
 *(.ram)
                0x1fff8970                _edata = .

.igot.plt       0x1fff8970        0x0 load address 0x00008d18
 .igot.plt      0x1fff8970        0x0 c:/program files (x86)/cypress/psoc creator/4.2/psoc creator/import/gnu/arm/5.4.1/bin/../lib/gcc/arm-none-eabi/5.4.1/armv7-m/crtbegin.o

.bss            0x1fff8970     0x9bb8 load address 0x00008d18
                0x1fff8970                PROVIDE (__bss_start__, .)
 *(.shbss)
 *(.bss .bss.* .gnu.linkonce.b.*)
 .bss           0x1fff8970       0x1c c:/program files (x86)/cypress/psoc creator/4.2/psoc creator/import/gnu/arm/5.4.1/bin/../lib/gcc/arm-none-eabi/5.4.1/armv7-m/crtbegin.o
 .bss           0x1fff898c      0xa08 .\CortexM3\ARM_GCC_541\Debug\mqtt_sender.o
 .bss           0x1fff9394        0x8 .\CortexM3\ARM_GCC_541\Debug\serial1.o
 .bss           0x1fff939c       0x2c .\CortexM3\ARM_GCC_541\Debug\simulator.o
 .bss           0x1fff93c8      0x108 .\CortexM3\ARM_GCC_541\Debug\tasks.o
                0x1fff94a0                pxCurrentTCB
 .bss           0x1fff94d0     0x9014 .\CortexM3\ARM_GCC_541\Debug\heap_2.o
 .bss           0x200024e4        0x2 .\CortexM3\ARM_GCC_541\Debug\ZumoBot.a(UART_1.o)
                0x200024e4                UART_1_initVar
 .bss           0x200024e6        0x2 .\CortexM3\ARM_GCC_541\Debug\ZumoBot.a(UART_2.o)
                0x200024e6                UART_2_initVar
 .bss           0x200024e8        0x1 .\CortexM3\ARM_GCC_541\Debug\ZumoBot.a(StatisticsCounter.o)
                0x200024e8                StatisticsCounter_initVar
 *fill*         0x200024e9        0x3 
 .bss.__malloc_max_total_mem
                0x200024ec        0x4 c:/program files (x86)/cypress/psoc creator/4.2/psoc creator/import/gnu/arm/5.4.1/bin/../lib/gcc/arm-none-eabi/5.4.1/../../../../arm-none-eabi/lib/armv7-m\libg.a(lib_a-mallocr.o)
                0x200024ec                __malloc_max_total_mem
 .bss.__malloc_max_sbrked_mem
                0x200024f0        0x4 c:/program files (x86)/cypress/psoc creator/4.2/psoc creator/import/gnu/arm/5.4.1/bin/../lib/gcc/arm-none-eabi/5.4.1/../../../../arm-none-eabi/lib/armv7-m\libg.a(lib_a-mallocr.o)
                0x200024f0                __malloc_max_sbrked_mem
 .bss.__malloc_top_pad
                0x200024f4        0x4 c:/program files (x86)/cypress/psoc creator/4.2/psoc creator/import/gnu/arm/5.4.1/bin/../lib/gcc/arm-none-eabi/5.4.1/../../../../arm-none-eabi/lib/armv7-m\libg.a(lib_a-mallocr.o)
                0x200024f4                __malloc_top_pad
 .bss.__malloc_current_mallinfo
                0x200024f8       0x28 c:/program files (x86)/cypress/psoc creator/4.2/psoc creator/import/gnu/arm/5.4.1/bin/../lib/gcc/arm-none-eabi/5.4.1/../../../../arm-none-eabi/lib/armv7-m\libg.a(lib_a-mallocr.o)
                0x200024f8                __malloc_current_mallinfo
 *(COMMON)
 COMMON         0x20002520        0x4 c:/program files (x86)/cypress/psoc creator/4.2/psoc creator/import/gnu/arm/5.4.1/bin/../lib/gcc/arm-none-eabi/5.4.1/../../../../arm-none-eabi/lib/armv7-m\libg.a(lib_a-reent.o)
                0x20002520                errno
                0x20002528                . = ALIGN (0x8)
 *fill*         0x20002524        0x4 
 *(.ram.b)
                0x20002528                _end = .
                0x20002528                __end = .
                [!provide]                PROVIDE (end, .)
                0x20002528                PROVIDE (__bss_end__, .)
                0x00008470                __cy_region_init_ram = LOADADDR (.data)
                0x000008a8                __cy_region_init_size_ram = (_edata - ADDR (.data))
                0x00009bb8                __cy_region_zero_size_ram = (_end - _edata)

.heap           0x20002528     0x2000 load address 0x00008d18
                0x20002528                . = _end
                0x20004528                . = (. + 0x2000)
 *fill*         0x20002528     0x2000 
                0x20004528                __cy_heap_limit = .

.stack          0x20007800      0x800
                0x20007800                __cy_stack_limit = .
                0x20008000                . = (. + 0x800)
 *fill*         0x20007800      0x800 
                0x00000001                ASSERT ((__cy_stack_limit >= __cy_heap_limit), region RAM overflowed with stack)
                0x00000000                cy_checksum_exclude_size = (CY_APPL_LOADABLE == 0x1)?SIZEOF (.cy_checksum_exclude):0x0
                0x00000001                ASSERT ((cy_checksum_exclude_size <= CY_CHECKSUM_EXCLUDE_SIZE), CY_BOOT: Section .cy_checksum_exclude size exceedes specified limit.)

.cyloadermeta
 *(.cyloadermeta)

.cyloadablemeta
 *(.cyloadablemeta)

.cyconfigecc    0x80000000     0x1220
 *(.cyconfigecc)
 .cyconfigecc   0x80000000     0x1220 .\CortexM3\ARM_GCC_541\Debug\cymetadata.o
                0x80000000                cy_meta_configecc

.cycustnvl      0x90000000        0x4
 *(.cycustnvl)
 .cycustnvl     0x90000000        0x4 .\CortexM3\ARM_GCC_541\Debug\cymetadata.o
                0x90000000                cy_meta_custnvl

.cywolatch      0x90100000        0x4
 *(.cywolatch)
 .cywolatch     0x90100000        0x4 .\CortexM3\ARM_GCC_541\Debug\cymetadata.o
                0x90100000                cy_meta_wonvl

.cyeeprom       0x90200000        0x0
 *(.cyeeprom)
                0x00000001                ASSERT ((. <= ((0x90200000 + ee_offset) + ee_size)), .cyeeprom data will not fit in EEPROM)

.cyflashprotect
                0x90400000      0x100
 *(.cyflashprotect)
 .cyflashprotect
                0x90400000      0x100 .\CortexM3\ARM_GCC_541\Debug\cymetadata.o
                0x90400000                cy_meta_flashprotect

.cymeta         0x90500000        0xc
 *(.cymeta)
 .cymeta        0x90500000        0xc .\CortexM3\ARM_GCC_541\Debug\cymetadata.o
                0x90500000                cy_metadata

.rel.dyn        0x00008d18        0x0 load address 0x9050000c
 .rel.iplt      0x00008d18        0x0 c:/program files (x86)/cypress/psoc creator/4.2/psoc creator/import/gnu/arm/5.4.1/bin/../lib/gcc/arm-none-eabi/5.4.1/armv7-m/crtbegin.o

.stab           0x00000000       0x6c
 *(.stab)
 .stab          0x00000000       0x24 c:/program files (x86)/cypress/psoc creator/4.2/psoc creator/import/gnu/arm/5.4.1/bin/../lib/gcc/arm-none-eabi/5.4.1/../../../../arm-none-eabi/lib/armv7-m\libnosys.a(close.o)
 .stab          0x00000024       0x18 c:/program files (x86)/cypress/psoc creator/4.2/psoc creator/import/gnu/arm/5.4.1/bin/../lib/gcc/arm-none-eabi/5.4.1/../../../../arm-none-eabi/lib/armv7-m\libnosys.a(fstat.o)
                                 0x24 (size before relaxing)
 .stab          0x0000003c       0x18 c:/program files (x86)/cypress/psoc creator/4.2/psoc creator/import/gnu/arm/5.4.1/bin/../lib/gcc/arm-none-eabi/5.4.1/../../../../arm-none-eabi/lib/armv7-m\libnosys.a(isatty.o)
                                 0x24 (size before relaxing)
 .stab          0x00000054       0x18 c:/program files (x86)/cypress/psoc creator/4.2/psoc creator/import/gnu/arm/5.4.1/bin/../lib/gcc/arm-none-eabi/5.4.1/../../../../arm-none-eabi/lib/armv7-m\libnosys.a(lseek.o)
                                 0x24 (size before relaxing)

.stabstr        0x00000000       0xe3
 *(.stabstr)
 .stabstr       0x00000000       0xe3 c:/program files (x86)/cypress/psoc creator/4.2/psoc creator/import/gnu/arm/5.4.1/bin/../lib/gcc/arm-none-eabi/5.4.1/../../../../arm-none-eabi/lib/armv7-m\libnosys.a(close.o)

.debug
 *(.debug)

.line
 *(.line)

.debug_srcinfo
 *(.debug_srcinfo)

.debug_sfnames
 *(.debug_sfnames)

.debug_aranges  0x00000000     0x1cf8
 *(.debug_aranges)
 .debug_aranges
                0x00000000       0x20 .\CortexM3\ARM_GCC_541\Debug\Beep.o
 .debug_aranges
                0x00000020       0x40 .\CortexM3\ARM_GCC_541\Debug\Gyro.o
 .debug_aranges
                0x00000060       0x20 .\CortexM3\ARM_GCC_541\Debug\Magnet.o
 .debug_aranges
                0x00000080       0x30 .\CortexM3\ARM_GCC_541\Debug\Motor.o
 .debug_aranges
                0x000000b0       0x30 .\CortexM3\ARM_GCC_541\Debug\Nunchuk.o
 .debug_aranges
                0x000000e0       0x30 .\CortexM3\ARM_GCC_541\Debug\I2C_Common.o
 .debug_aranges
                0x00000110       0x28 .\CortexM3\ARM_GCC_541\Debug\LSM303D.o
 .debug_aranges
                0x00000138       0x88 .\CortexM3\ARM_GCC_541\Debug\debug_uart.o
 .debug_aranges
                0x000001c0      0x130 .\CortexM3\ARM_GCC_541\Debug\esp8266_socket.o
 .debug_aranges
                0x000002f0       0x40 .\CortexM3\ARM_GCC_541\Debug\rtos_main.o
 .debug_aranges
                0x00000330       0x58 .\CortexM3\ARM_GCC_541\Debug\serial.o
 .debug_aranges
                0x00000388       0x40 .\CortexM3\ARM_GCC_541\Debug\mqtt_sender.o
 .debug_aranges
                0x000003c8       0x48 .\CortexM3\ARM_GCC_541\Debug\serial1.o
 .debug_aranges
                0x00000410       0x18 .\CortexM3\ARM_GCC_541\Debug\Reflectance.o
 .debug_aranges
                0x00000428       0xa8 .\CortexM3\ARM_GCC_541\Debug\simulator.o
 .debug_aranges
                0x000004d0       0xe0 .\CortexM3\ARM_GCC_541\Debug\MQTTClient.o
 .debug_aranges
                0x000005b0       0x88 .\CortexM3\ARM_GCC_541\Debug\MQTTFreeRTOS.o
 .debug_aranges
                0x00000638       0x48 .\CortexM3\ARM_GCC_541\Debug\MQTTConnectClient.o
 .debug_aranges
                0x00000680       0x30 .\CortexM3\ARM_GCC_541\Debug\MQTTConnectServer.o
 .debug_aranges
                0x000006b0       0x28 .\CortexM3\ARM_GCC_541\Debug\MQTTDeserializePublish.o
 .debug_aranges
                0x000006d8       0x58 .\CortexM3\ARM_GCC_541\Debug\MQTTFormat.o
 .debug_aranges
                0x00000730       0xa8 .\CortexM3\ARM_GCC_541\Debug\MQTTPacket.o
 .debug_aranges
                0x000007d8       0x48 .\CortexM3\ARM_GCC_541\Debug\MQTTSerializePublish.o
 .debug_aranges
                0x00000820       0x30 .\CortexM3\ARM_GCC_541\Debug\MQTTSubscribeClient.o
 .debug_aranges
                0x00000850       0x28 .\CortexM3\ARM_GCC_541\Debug\MQTTSubscribeServer.o
 .debug_aranges
                0x00000878       0x30 .\CortexM3\ARM_GCC_541\Debug\MQTTUnsubscribeClient.o
 .debug_aranges
                0x000008a8       0x28 .\CortexM3\ARM_GCC_541\Debug\MQTTUnsubscribeServer.o
 .debug_aranges
                0x000008d0       0x18 .\CortexM3\ARM_GCC_541\Debug\croutine.o
 .debug_aranges
                0x000008e8       0x78 .\CortexM3\ARM_GCC_541\Debug\event_groups.o
 .debug_aranges
                0x00000960       0x40 .\CortexM3\ARM_GCC_541\Debug\list.o
 .debug_aranges
                0x000009a0      0x128 .\CortexM3\ARM_GCC_541\Debug\queue.o
 .debug_aranges
                0x00000ac8       0xd0 .\CortexM3\ARM_GCC_541\Debug\stream_buffer.o
 .debug_aranges
                0x00000b98      0x1f8 .\CortexM3\ARM_GCC_541\Debug\tasks.o
 .debug_aranges
                0x00000d90       0x18 .\CortexM3\ARM_GCC_541\Debug\timers.o
 .debug_aranges
                0x00000da8       0x70 .\CortexM3\ARM_GCC_541\Debug\port.o
 .debug_aranges
                0x00000e18       0x40 .\CortexM3\ARM_GCC_541\Debug\heap_2.o
 .debug_aranges
                0x00000e58       0x20 .\CortexM3\ARM_GCC_541\Debug\main.o
 .debug_aranges
                0x00000e78       0xa0 .\CortexM3\ARM_GCC_541\Debug\evgenii.o
 .debug_aranges
                0x00000f18       0xb0 .\CortexM3\ARM_GCC_541\Debug\Dongbin.o
 .debug_aranges
                0x00000fc8       0x58 .\CortexM3\ARM_GCC_541\Debug\aneta.o
 .debug_aranges
                0x00001020       0x30 .\CortexM3\ARM_GCC_541\Debug\group6_submitting.o
 .debug_aranges
                0x00001050       0x58 .\CortexM3\ARM_GCC_541\Debug\cyfitter_cfg.o
 .debug_aranges
                0x000010a8       0x18 .\CortexM3\ARM_GCC_541\Debug\cymetadata.o
 .debug_aranges
                0x000010c0       0x48 .\CortexM3\ARM_GCC_541\Debug\Cm3Start.o
 .debug_aranges
                0x00001108       0x38 .\CortexM3\ARM_GCC_541\Debug\ZumoBot.a(I2C.o)
 .debug_aranges
                0x00001140       0x20 .\CortexM3\ARM_GCC_541\Debug\ZumoBot.a(I2C_INT.o)
 .debug_aranges
                0x00001160       0x38 .\CortexM3\ARM_GCC_541\Debug\ZumoBot.a(I2C_PM.o)
 .debug_aranges
                0x00001198       0x80 .\CortexM3\ARM_GCC_541\Debug\ZumoBot.a(I2C_MASTER.o)
 .debug_aranges
                0x00001218       0xf0 .\CortexM3\ARM_GCC_541\Debug\ZumoBot.a(UART_1.o)
 .debug_aranges
                0x00001308       0x38 .\CortexM3\ARM_GCC_541\Debug\ZumoBot.a(BatteryLed.o)
 .debug_aranges
                0x00001340       0x80 .\CortexM3\ARM_GCC_541\Debug\ZumoBot.a(Buzzer_PWM.o)
 .debug_aranges
                0x000013c0       0x38 .\CortexM3\ARM_GCC_541\Debug\ZumoBot.a(SW1.o)
 .debug_aranges
                0x000013f8       0xf0 .\CortexM3\ARM_GCC_541\Debug\ZumoBot.a(UART_2.o)
 .debug_aranges
                0x000014e8       0x80 .\CortexM3\ARM_GCC_541\Debug\ZumoBot.a(isr_U2_TX.o)
 .debug_aranges
                0x00001568       0x80 .\CortexM3\ARM_GCC_541\Debug\ZumoBot.a(isr_U2_RX.o)
 .debug_aranges
                0x000015e8       0x98 .\CortexM3\ARM_GCC_541\Debug\ZumoBot.a(StatisticsCounter.o)
 .debug_aranges
                0x00001680       0x38 .\CortexM3\ARM_GCC_541\Debug\ZumoBot.a(RST_E.o)
 .debug_aranges
                0x000016b8       0x80 .\CortexM3\ARM_GCC_541\Debug\ZumoBot.a(isr_U1_TX.o)
 .debug_aranges
                0x00001738       0x80 .\CortexM3\ARM_GCC_541\Debug\ZumoBot.a(isr_U1_RX.o)
 .debug_aranges
                0x000017b8       0x70 .\CortexM3\ARM_GCC_541\Debug\ZumoBot.a(UART_1_IntClock.o)
 .debug_aranges
                0x00001828       0x70 .\CortexM3\ARM_GCC_541\Debug\ZumoBot.a(UART_2_IntClock.o)
 .debug_aranges
                0x00001898      0x2a0 .\CortexM3\ARM_GCC_541\Debug\ZumoBot.a(CyLib.o)
 .debug_aranges
                0x00001b38       0x98 .\CortexM3\ARM_GCC_541\Debug\ZumoBot.a(cyPm.o)
 .debug_aranges
                0x00001bd0       0x20 .\CortexM3\ARM_GCC_541\Debug\ZumoBot.a(CyBootAsmGnu.o)
 .debug_aranges
                0x00001bf0       0x88 .\CortexM3\ARM_GCC_541\Debug\ZumoBot.a(CyFlash.o)
 .debug_aranges
                0x00001c78       0x80 .\CortexM3\ARM_GCC_541\Debug\ZumoBot.a(CySpc.o)

.debug_pubnames
 *(.debug_pubnames)

.debug_info     0x00000000    0x1c217
 *(.debug_info .gnu.linkonce.wi.*)
 .debug_info    0x00000000      0x195 .\CortexM3\ARM_GCC_541\Debug\Beep.o
 .debug_info    0x00000195      0x3d5 .\CortexM3\ARM_GCC_541\Debug\Gyro.o
 .debug_info    0x0000056a      0x146 .\CortexM3\ARM_GCC_541\Debug\Magnet.o
 .debug_info    0x000006b0      0x1d8 .\CortexM3\ARM_GCC_541\Debug\Motor.o
 .debug_info    0x00000888      0x2b5 .\CortexM3\ARM_GCC_541\Debug\Nunchuk.o
 .debug_info    0x00000b3d      0x298 .\CortexM3\ARM_GCC_541\Debug\I2C_Common.o
 .debug_info    0x00000dd5      0x151 .\CortexM3\ARM_GCC_541\Debug\LSM303D.o
 .debug_info    0x00000f26      0x8a0 .\CortexM3\ARM_GCC_541\Debug\debug_uart.o
 .debug_info    0x000017c6     0x1bd1 .\CortexM3\ARM_GCC_541\Debug\esp8266_socket.o
 .debug_info    0x00003397      0x3c3 .\CortexM3\ARM_GCC_541\Debug\rtos_main.o
 .debug_info    0x0000375a      0x64a .\CortexM3\ARM_GCC_541\Debug\serial.o
 .debug_info    0x00003da4      0xd0a .\CortexM3\ARM_GCC_541\Debug\mqtt_sender.o
 .debug_info    0x00004aae      0x4f4 .\CortexM3\ARM_GCC_541\Debug\serial1.o
 .debug_info    0x00004fa2       0xae .\CortexM3\ARM_GCC_541\Debug\Reflectance.o
 .debug_info    0x00005050      0x8e7 .\CortexM3\ARM_GCC_541\Debug\simulator.o
 .debug_info    0x00005937     0x1cfb .\CortexM3\ARM_GCC_541\Debug\MQTTClient.o
 .debug_info    0x00007632      0x87b .\CortexM3\ARM_GCC_541\Debug\MQTTFreeRTOS.o
 .debug_info    0x00007ead      0x8ad .\CortexM3\ARM_GCC_541\Debug\MQTTConnectClient.o
 .debug_info    0x0000875a      0x766 .\CortexM3\ARM_GCC_541\Debug\MQTTConnectServer.o
 .debug_info    0x00008ec0      0x434 .\CortexM3\ARM_GCC_541\Debug\MQTTDeserializePublish.o
 .debug_info    0x000092f4      0x79d .\CortexM3\ARM_GCC_541\Debug\MQTTFormat.o
 .debug_info    0x00009a91      0x9ad .\CortexM3\ARM_GCC_541\Debug\MQTTPacket.o
 .debug_info    0x0000a43e      0x636 .\CortexM3\ARM_GCC_541\Debug\MQTTSerializePublish.o
 .debug_info    0x0000aa74      0x528 .\CortexM3\ARM_GCC_541\Debug\MQTTSubscribeClient.o
 .debug_info    0x0000af9c      0x47d .\CortexM3\ARM_GCC_541\Debug\MQTTSubscribeServer.o
 .debug_info    0x0000b419      0x479 .\CortexM3\ARM_GCC_541\Debug\MQTTUnsubscribeClient.o
 .debug_info    0x0000b892      0x41c .\CortexM3\ARM_GCC_541\Debug\MQTTUnsubscribeServer.o
 .debug_info    0x0000bcae       0xae .\CortexM3\ARM_GCC_541\Debug\croutine.o
 .debug_info    0x0000bd5c      0x99a .\CortexM3\ARM_GCC_541\Debug\event_groups.o
 .debug_info    0x0000c6f6      0x2df .\CortexM3\ARM_GCC_541\Debug\list.o
 .debug_info    0x0000c9d5     0x1951 .\CortexM3\ARM_GCC_541\Debug\queue.o
 .debug_info    0x0000e326     0x1236 .\CortexM3\ARM_GCC_541\Debug\stream_buffer.o
 .debug_info    0x0000f55c     0x2f3d .\CortexM3\ARM_GCC_541\Debug\tasks.o
 .debug_info    0x00012499       0xae .\CortexM3\ARM_GCC_541\Debug\timers.o
 .debug_info    0x00012547      0x363 .\CortexM3\ARM_GCC_541\Debug\port.o
 .debug_info    0x000128aa      0x38c .\CortexM3\ARM_GCC_541\Debug\heap_2.o
 .debug_info    0x00012c36       0xfc .\CortexM3\ARM_GCC_541\Debug\main.o
 .debug_info    0x00012d32     0x1271 .\CortexM3\ARM_GCC_541\Debug\evgenii.o
 .debug_info    0x00013fa3      0xfca .\CortexM3\ARM_GCC_541\Debug\Dongbin.o
 .debug_info    0x00014f6d      0x8e1 .\CortexM3\ARM_GCC_541\Debug\aneta.o
 .debug_info    0x0001584e      0x4a1 .\CortexM3\ARM_GCC_541\Debug\group6_submitting.o
 .debug_info    0x00015cef      0x69a .\CortexM3\ARM_GCC_541\Debug\cyfitter_cfg.o
 .debug_info    0x00016389      0x139 .\CortexM3\ARM_GCC_541\Debug\cymetadata.o
 .debug_info    0x000164c2      0x3bb .\CortexM3\ARM_GCC_541\Debug\Cm3Start.o
 .debug_info    0x0001687d      0x2ad .\CortexM3\ARM_GCC_541\Debug\ZumoBot.a(I2C.o)
 .debug_info    0x00016b2a      0x184 .\CortexM3\ARM_GCC_541\Debug\ZumoBot.a(I2C_INT.o)
 .debug_info    0x00016cae      0x207 .\CortexM3\ARM_GCC_541\Debug\ZumoBot.a(I2C_PM.o)
 .debug_info    0x00016eb5      0x407 .\CortexM3\ARM_GCC_541\Debug\ZumoBot.a(I2C_MASTER.o)
 .debug_info    0x000172bc      0x60c .\CortexM3\ARM_GCC_541\Debug\ZumoBot.a(UART_1.o)
 .debug_info    0x000178c8      0x11f .\CortexM3\ARM_GCC_541\Debug\ZumoBot.a(BatteryLed.o)
 .debug_info    0x000179e7      0x279 .\CortexM3\ARM_GCC_541\Debug\ZumoBot.a(Buzzer_PWM.o)
 .debug_info    0x00017c60      0x11f .\CortexM3\ARM_GCC_541\Debug\ZumoBot.a(SW1.o)
 .debug_info    0x00017d7f      0x60c .\CortexM3\ARM_GCC_541\Debug\ZumoBot.a(UART_2.o)
 .debug_info    0x0001838b      0x2d2 .\CortexM3\ARM_GCC_541\Debug\ZumoBot.a(isr_U2_TX.o)
 .debug_info    0x0001865d      0x2d2 .\CortexM3\ARM_GCC_541\Debug\ZumoBot.a(isr_U2_RX.o)
 .debug_info    0x0001892f      0x343 .\CortexM3\ARM_GCC_541\Debug\ZumoBot.a(StatisticsCounter.o)
 .debug_info    0x00018c72      0x11f .\CortexM3\ARM_GCC_541\Debug\ZumoBot.a(RST_E.o)
 .debug_info    0x00018d91      0x2d2 .\CortexM3\ARM_GCC_541\Debug\ZumoBot.a(isr_U1_TX.o)
 .debug_info    0x00019063      0x2d2 .\CortexM3\ARM_GCC_541\Debug\ZumoBot.a(isr_U1_RX.o)
 .debug_info    0x00019335      0x283 .\CortexM3\ARM_GCC_541\Debug\ZumoBot.a(UART_1_IntClock.o)
 .debug_info    0x000195b8      0x283 .\CortexM3\ARM_GCC_541\Debug\ZumoBot.a(UART_2_IntClock.o)
 .debug_info    0x0001983b     0x1374 .\CortexM3\ARM_GCC_541\Debug\ZumoBot.a(CyLib.o)
 .debug_info    0x0001abaf      0xa2a .\CortexM3\ARM_GCC_541\Debug\ZumoBot.a(cyPm.o)
 .debug_info    0x0001b5d9       0xa1 .\CortexM3\ARM_GCC_541\Debug\ZumoBot.a(CyBootAsmGnu.o)
 .debug_info    0x0001b67a      0x64d .\CortexM3\ARM_GCC_541\Debug\ZumoBot.a(CyFlash.o)
 .debug_info    0x0001bcc7      0x550 .\CortexM3\ARM_GCC_541\Debug\ZumoBot.a(CySpc.o)

.debug_abbrev   0x00000000     0x62a3
 *(.debug_abbrev)
 .debug_abbrev  0x00000000       0xda .\CortexM3\ARM_GCC_541\Debug\Beep.o
 .debug_abbrev  0x000000da      0x169 .\CortexM3\ARM_GCC_541\Debug\Gyro.o
 .debug_abbrev  0x00000243       0xcb .\CortexM3\ARM_GCC_541\Debug\Magnet.o
 .debug_abbrev  0x0000030e       0xad .\CortexM3\ARM_GCC_541\Debug\Motor.o
 .debug_abbrev  0x000003bb       0xf5 .\CortexM3\ARM_GCC_541\Debug\Nunchuk.o
 .debug_abbrev  0x000004b0       0xf3 .\CortexM3\ARM_GCC_541\Debug\I2C_Common.o
 .debug_abbrev  0x000005a3       0xb9 .\CortexM3\ARM_GCC_541\Debug\LSM303D.o
 .debug_abbrev  0x0000065c      0x26a .\CortexM3\ARM_GCC_541\Debug\debug_uart.o
 .debug_abbrev  0x000008c6      0x3cb .\CortexM3\ARM_GCC_541\Debug\esp8266_socket.o
 .debug_abbrev  0x00000c91      0x1b6 .\CortexM3\ARM_GCC_541\Debug\rtos_main.o
 .debug_abbrev  0x00000e47      0x127 .\CortexM3\ARM_GCC_541\Debug\serial.o
 .debug_abbrev  0x00000f6e      0x2bc .\CortexM3\ARM_GCC_541\Debug\mqtt_sender.o
 .debug_abbrev  0x0000122a      0x127 .\CortexM3\ARM_GCC_541\Debug\serial1.o
 .debug_abbrev  0x00001351       0x4b .\CortexM3\ARM_GCC_541\Debug\Reflectance.o
 .debug_abbrev  0x0000139c      0x29c .\CortexM3\ARM_GCC_541\Debug\simulator.o
 .debug_abbrev  0x00001638      0x39b .\CortexM3\ARM_GCC_541\Debug\MQTTClient.o
 .debug_abbrev  0x000019d3      0x1a7 .\CortexM3\ARM_GCC_541\Debug\MQTTFreeRTOS.o
 .debug_abbrev  0x00001b7a      0x1c1 .\CortexM3\ARM_GCC_541\Debug\MQTTConnectClient.o
 .debug_abbrev  0x00001d3b      0x1b6 .\CortexM3\ARM_GCC_541\Debug\MQTTConnectServer.o
 .debug_abbrev  0x00001ef1      0x190 .\CortexM3\ARM_GCC_541\Debug\MQTTDeserializePublish.o
 .debug_abbrev  0x00002081      0x131 .\CortexM3\ARM_GCC_541\Debug\MQTTFormat.o
 .debug_abbrev  0x000021b2      0x2f3 .\CortexM3\ARM_GCC_541\Debug\MQTTPacket.o
 .debug_abbrev  0x000024a5      0x1a2 .\CortexM3\ARM_GCC_541\Debug\MQTTSerializePublish.o
 .debug_abbrev  0x00002647      0x1c0 .\CortexM3\ARM_GCC_541\Debug\MQTTSubscribeClient.o
 .debug_abbrev  0x00002807      0x1b5 .\CortexM3\ARM_GCC_541\Debug\MQTTSubscribeServer.o
 .debug_abbrev  0x000029bc      0x1a4 .\CortexM3\ARM_GCC_541\Debug\MQTTUnsubscribeClient.o
 .debug_abbrev  0x00002b60      0x1b5 .\CortexM3\ARM_GCC_541\Debug\MQTTUnsubscribeServer.o
 .debug_abbrev  0x00002d15       0x4b .\CortexM3\ARM_GCC_541\Debug\croutine.o
 .debug_abbrev  0x00002d60      0x226 .\CortexM3\ARM_GCC_541\Debug\event_groups.o
 .debug_abbrev  0x00002f86       0xf6 .\CortexM3\ARM_GCC_541\Debug\list.o
 .debug_abbrev  0x0000307c      0x2ce .\CortexM3\ARM_GCC_541\Debug\queue.o
 .debug_abbrev  0x0000334a      0x25d .\CortexM3\ARM_GCC_541\Debug\stream_buffer.o
 .debug_abbrev  0x000035a7      0x3d8 .\CortexM3\ARM_GCC_541\Debug\tasks.o
 .debug_abbrev  0x0000397f       0x4b .\CortexM3\ARM_GCC_541\Debug\timers.o
 .debug_abbrev  0x000039ca      0x1db .\CortexM3\ARM_GCC_541\Debug\port.o
 .debug_abbrev  0x00003ba5      0x1b9 .\CortexM3\ARM_GCC_541\Debug\heap_2.o
 .debug_abbrev  0x00003d5e       0xb0 .\CortexM3\ARM_GCC_541\Debug\main.o
 .debug_abbrev  0x00003e0e      0x212 .\CortexM3\ARM_GCC_541\Debug\evgenii.o
 .debug_abbrev  0x00004020      0x1a2 .\CortexM3\ARM_GCC_541\Debug\Dongbin.o
 .debug_abbrev  0x000041c2      0x126 .\CortexM3\ARM_GCC_541\Debug\aneta.o
 .debug_abbrev  0x000042e8       0xeb .\CortexM3\ARM_GCC_541\Debug\group6_submitting.o
 .debug_abbrev  0x000043d3      0x20d .\CortexM3\ARM_GCC_541\Debug\cyfitter_cfg.o
 .debug_abbrev  0x000045e0       0x77 .\CortexM3\ARM_GCC_541\Debug\cymetadata.o
 .debug_abbrev  0x00004657      0x1e8 .\CortexM3\ARM_GCC_541\Debug\Cm3Start.o
 .debug_abbrev  0x0000483f      0x10a .\CortexM3\ARM_GCC_541\Debug\ZumoBot.a(I2C.o)
 .debug_abbrev  0x00004949       0xb6 .\CortexM3\ARM_GCC_541\Debug\ZumoBot.a(I2C_INT.o)
 .debug_abbrev  0x000049ff       0xfe .\CortexM3\ARM_GCC_541\Debug\ZumoBot.a(I2C_PM.o)
 .debug_abbrev  0x00004afd      0x13c .\CortexM3\ARM_GCC_541\Debug\ZumoBot.a(I2C_MASTER.o)
 .debug_abbrev  0x00004c39      0x175 .\CortexM3\ARM_GCC_541\Debug\ZumoBot.a(UART_1.o)
 .debug_abbrev  0x00004dae       0x90 .\CortexM3\ARM_GCC_541\Debug\ZumoBot.a(BatteryLed.o)
 .debug_abbrev  0x00004e3e      0x12d .\CortexM3\ARM_GCC_541\Debug\ZumoBot.a(Buzzer_PWM.o)
 .debug_abbrev  0x00004f6b       0x90 .\CortexM3\ARM_GCC_541\Debug\ZumoBot.a(SW1.o)
 .debug_abbrev  0x00004ffb      0x175 .\CortexM3\ARM_GCC_541\Debug\ZumoBot.a(UART_2.o)
 .debug_abbrev  0x00005170      0x173 .\CortexM3\ARM_GCC_541\Debug\ZumoBot.a(isr_U2_TX.o)
 .debug_abbrev  0x000052e3      0x173 .\CortexM3\ARM_GCC_541\Debug\ZumoBot.a(isr_U2_RX.o)
 .debug_abbrev  0x00005456      0x117 .\CortexM3\ARM_GCC_541\Debug\ZumoBot.a(StatisticsCounter.o)
 .debug_abbrev  0x0000556d       0x90 .\CortexM3\ARM_GCC_541\Debug\ZumoBot.a(RST_E.o)
 .debug_abbrev  0x000055fd      0x173 .\CortexM3\ARM_GCC_541\Debug\ZumoBot.a(isr_U1_TX.o)
 .debug_abbrev  0x00005770      0x173 .\CortexM3\ARM_GCC_541\Debug\ZumoBot.a(isr_U1_RX.o)
 .debug_abbrev  0x000058e3      0x139 .\CortexM3\ARM_GCC_541\Debug\ZumoBot.a(UART_1_IntClock.o)
 .debug_abbrev  0x00005a1c      0x139 .\CortexM3\ARM_GCC_541\Debug\ZumoBot.a(UART_2_IntClock.o)
 .debug_abbrev  0x00005b55      0x254 .\CortexM3\ARM_GCC_541\Debug\ZumoBot.a(CyLib.o)
 .debug_abbrev  0x00005da9      0x1ab .\CortexM3\ARM_GCC_541\Debug\ZumoBot.a(cyPm.o)
 .debug_abbrev  0x00005f54       0x14 .\CortexM3\ARM_GCC_541\Debug\ZumoBot.a(CyBootAsmGnu.o)
 .debug_abbrev  0x00005f68      0x1a7 .\CortexM3\ARM_GCC_541\Debug\ZumoBot.a(CyFlash.o)
 .debug_abbrev  0x0000610f      0x194 .\CortexM3\ARM_GCC_541\Debug\ZumoBot.a(CySpc.o)

.debug_line     0x00000000     0xa437
 *(.debug_line)
 .debug_line    0x00000000      0x1ac .\CortexM3\ARM_GCC_541\Debug\Beep.o
 .debug_line    0x000001ac      0x244 .\CortexM3\ARM_GCC_541\Debug\Gyro.o
 .debug_line    0x000003f0        0x0 .\CortexM3\ARM_GCC_541\Debug\IR.o
 .debug_line    0x000003f0      0x1ff .\CortexM3\ARM_GCC_541\Debug\Magnet.o
 .debug_line    0x000005ef      0x1a3 .\CortexM3\ARM_GCC_541\Debug\Motor.o
 .debug_line    0x00000792      0x1db .\CortexM3\ARM_GCC_541\Debug\Nunchuk.o
 .debug_line    0x0000096d        0x0 .\CortexM3\ARM_GCC_541\Debug\Ultra.o